MPLINK 4.35, Linker
Linker Map File - Created Fri Dec 30 16:40:57 2011

                                 Section Info
                  Section       Type    Address   Location Size(Bytes)
                ---------  ---------  ---------  ---------  ---------
               _entry_scn       code   0x000000    program   0x000006
    HIGH_INTERRUPT_VECTOR       code   0x000008    program   0x000006
     LOW_INTERRUPT_VECTOR       code   0x000018    program   0x000006
    REMAPPED_RESET_VECTOR       code   0x000800    program   0x000006
REMAPPED_HIGH_INTERRUPT_VECTOR       code   0x000808    program   0x000006
REMAPPED_LOW_INTERRUPT_VECTOR       code   0x000818    program   0x000006
                   .cinit    romdata   0x00082a    program   0x00000e
             .code_user.o       code   0x000838    program   0x002bd4
       .code_usb_device.o       code   0x00340c    program   0x001086
          .code_UBW-I2C.o       code   0x004492    program   0x000a54
                     PROG       code   0x004ee6    program   0x000612
             .code_main.o       code   0x0054f8    program   0x000114
               _cinit_scn       code   0x00560c    program   0x00009e
.romdata_usb_descriptors.o    romdata   0x0056aa    program   0x000084
         .code_i2c_writ.o       code   0x00572e    program   0x000072
          .code_write_B.o       code   0x0057a0    program   0x00004a
           .code_read_B.o       code   0x0057ea    program   0x000036
         .code_i2c_open.o       code   0x005820    program   0x000036
                   STRING       code   0x005856    program   0x000034
         .code_fxd1616u.o       code   0x00588a    program   0x00002c
                    .code       code   0x0058b6    program   0x000020
             _startup_scn       code   0x0058d6    program   0x00001c
         .code_i2c_read.o       code   0x0058f2    program   0x00001a
         .code_i2c_idle.o       code   0x00590c    program   0x00000e
         .code_busy_eep.o       code   0x00591a    program   0x000006
           .code___init.o       code   0x005920    program   0x000002
      .romdata_i2c_writ.o    romdata   0x005922    program   0x000000
        .romdata_read_B.o    romdata   0x005922    program   0x000000
      .romdata_i2c_read.o    romdata   0x005922    program   0x000000
       .idata_write_B.o_i    romdata   0x005922    program   0x000000
      .romdata_i2c_open.o    romdata   0x005922    program   0x000000
       .romdata_write_B.o    romdata   0x005922    program   0x000000
      .romdata_i2c_idle.o    romdata   0x005922    program   0x000000
        .romdata___init.o    romdata   0x005922    program   0x000000
      .romdata_fxd1616u.o    romdata   0x005922    program   0x000000
         .romdata_c018i.o    romdata   0x005922    program   0x000000
      .romdata_busy_eep.o    romdata   0x005922    program   0x000000
          .idata_user.o_i    romdata   0x005922    program   0x000005
       .romdata_UBW-I2C.o    romdata   0x005922    program   0x000000
          .romdata_user.o    romdata   0x005922    program   0x000000
    .romdata_usb_device.o    romdata   0x005922    program   0x000000
          .romdata_main.o    romdata   0x005922    program   0x000000
         .idata_c018i.o_i    romdata   0x005927    program   0x000000
        .idata___init.o_i    romdata   0x005927    program   0x000000
          .idata_main.o_i    romdata   0x005927    program   0x000000
.idata_usb_descriptors.o_i    romdata   0x005927    program   0x000000
      .idata_i2c_writ.o_i    romdata   0x005927    program   0x000000
    .idata_usb_device.o_i    romdata   0x005927    program   0x000000
        .idata_read_B.o_i    romdata   0x005927    program   0x000000
       .idata_UBW-I2C.o_i    romdata   0x005927    program   0x000000
      .idata_i2c_read.o_i    romdata   0x005927    program   0x000000
      .idata_busy_eep.o_i    romdata   0x005927    program   0x000000
      .idata_i2c_open.o_i    romdata   0x005927    program   0x000000
      .idata_fxd1616u.o_i    romdata   0x005927    program   0x000000
      .idata_i2c_idle.o_i    romdata   0x005927    program   0x000000
  .code_usb_descriptors.o       code   0x005928    program   0x000000
            .code_c018i.o       code   0x005928    program   0x000000
               dataEEPROM    romdata   0xf00000    program   0x000038
                 .tmpdata      udata   0x000000       data   0x000024
                MATH_DATA      udata   0x000024       data   0x000014
         .udata_UBW-I2C.o      udata   0x000060       data   0x000058
      .udata_usb_device.o      udata   0x0000b8       data   0x000026
            .udata_user.o      udata   0x000100       data   0x0000df
           .udata_c018i.o      udata   0x0001df       data   0x00000a
            .idata_user.o      idata   0x0001e9       data   0x000005
            .udata_main.o      udata   0x0001ee       data   0x000002
        .idata_i2c_idle.o      idata   0x0001f0       data   0x000000
        .udata_i2c_open.o      udata   0x0001f0       data   0x000000
        .idata_i2c_open.o      idata   0x0001f0       data   0x000000
        .udata_i2c_read.o      udata   0x0001f0       data   0x000000
        .idata_i2c_read.o      idata   0x0001f0       data   0x000000
          .udata_read_B.o      udata   0x0001f0       data   0x000000
          .idata_read_B.o      idata   0x0001f0       data   0x000000
        .udata_i2c_writ.o      udata   0x0001f0       data   0x000000
        .idata_i2c_writ.o      idata   0x0001f0       data   0x000000
         .udata_write_B.o      udata   0x0001f0       data   0x000000
         .idata_write_B.o      idata   0x0001f0       data   0x000000
          .udata___init.o      udata   0x0001f0       data   0x000000
          .idata___init.o      idata   0x0001f0       data   0x000000
        .udata_i2c_idle.o      udata   0x0001f0       data   0x000000
        .idata_fxd1616u.o      idata   0x0001f0       data   0x000000
        .udata_fxd1616u.o      udata   0x0001f0       data   0x000000
        .idata_busy_eep.o      idata   0x0001f0       data   0x000000
        .udata_busy_eep.o      udata   0x0001f0       data   0x000000
         .idata_UBW-I2C.o      idata   0x0001f0       data   0x000000
      .idata_usb_device.o      idata   0x0001f0       data   0x000000
 .idata_usb_descriptors.o      idata   0x0001f0       data   0x000000
 .udata_usb_descriptors.o      udata   0x0001f0       data   0x000000
            .idata_main.o      idata   0x0001f0       data   0x000000
           .idata_c018i.o      idata   0x0001f0       data   0x000000
                   .stack      udata   0x000300       data   0x000100
                  USB_BDT      udata   0x000400       data   0x000030
            USB_VARIABLES      udata   0x000500       data   0x000000
            SFR_UNBANKED0      udata   0x000f66       data   0x00009a



                              Program Memory Usage 
                               Start         End      
                           ---------   ---------      
                            0x000000    0x000005      
                            0x000008    0x00000d      
                            0x000018    0x00001d      
                            0x000800    0x000805      
                            0x000808    0x00080d      
                            0x000818    0x00081d      
                            0x00082a    0x005926      
                            0xf00000    0xf00037      
            20825 out of 33048 program addresses used, program memory utilization is 63%



                              Symbols - Sorted by Name
                     Name    Address   Location    Storage File                     
                ---------  ---------  ---------  --------- ---------                
           BlinkUSBStatus   0x00127e    program     extern C:\Microchip Solutions\UBW Emulator\UBW Emulator\user.c
                 Busy_eep   0x00591a    program     extern C:\MCC18\src\pmc_common\EEP\busy_eep.c
             Cross2Switch   0x000838    program     extern C:\Microchip Solutions\UBW Emulator\UBW Emulator\user.c
                 FLO0832S   0x004eea    program     extern C:\MCC18\src\traditional\math\cast08FP.asm
                 FLO0832U   0x004ee6    program     extern C:\MCC18\src\traditional\math\cast08FP.asm
                 FLO1632S   0x004f0c    program     extern C:\MCC18\src\traditional\math\cast16FP.asm
                 FLO1632U   0x004f08    program     extern C:\MCC18\src\traditional\math\cast16FP.asm
                 FLO3232S   0x004f36    program     extern C:\MCC18\src\traditional\math\cast32FP.asm
                 FLO3232U   0x004f32    program     extern C:\MCC18\src\traditional\math\cast32FP.asm
                    FPA32   0x004f6a    program     extern C:\MCC18\src\traditional\math\addFP.asm
                    FPD32   0x005096    program     extern C:\MCC18\src\traditional\math\divFP.asm
                    FPM32   0x00513c    program     extern C:\MCC18\src\traditional\math\mulFP.asm
                    FPS32   0x004f68    program     extern C:\MCC18\src\traditional\math\addFP.asm
                 FXD1616U   0x00588a    program     extern C:\MCC18\src\traditional\math\fxd1616u.c
                 FXM1616U   0x005216    program     extern C:\MCC18\src\traditional\math\fxm1616u.asm
                   Freeze   0x001416    program     extern C:\Microchip Solutions\UBW Emulator\UBW Emulator\user.c
       Freq_From_Register   0x001d5e    program     extern C:\Microchip Solutions\UBW Emulator\UBW Emulator\user.c
                 High_ISR   0x000008    program     extern C:\Microchip Solutions\UBW Emulator\UBW Emulator\main.c
                  INT3216   0x005252    program     extern C:\MCC18\src\traditional\math\castFP16.asm
                  INT3232   0x0052b0    program     extern C:\MCC18\src\traditional\math\castFP32.asm
                  IdleI2C   0x00590c    program     extern C:\MCC18\src\pmc_common\i2c\i2c_idle.c
         InitializeSystem   0x00553e    program     static C:\Microchip Solutions\UBW Emulator\UBW Emulator\main.c
                  Low_ISR   0x000018    program     extern C:\Microchip Solutions\UBW Emulator\UBW Emulator\main.c
                     NewF   0x0014e6    program     extern C:\Microchip Solutions\UBW Emulator\UBW Emulator\user.c
                  OpenI2C   0x005820    program     extern C:\MCC18\src\pmc_common\i2c\i2c_open.c
                  Prep_rd   0x001498    program     extern C:\Microchip Solutions\UBW Emulator\UBW Emulator\user.c
                ProcessIO   0x0011a4    program     extern C:\Microchip Solutions\UBW Emulator\UBW Emulator\user.c
                  ReadI2C   0x0058f2    program     extern C:\MCC18\src\pmc_common\i2c\i2c_read.c
                 ReadRegs   0x00136a    program     extern C:\Microchip Solutions\UBW Emulator\UBW Emulator\user.c
 Read_Command_Into_Buffer   0x004e86    program     extern C:\Microchip Solutions\UBW Emulator\UBW Emulator\UBW-I2C.c
               Read_b_eep   0x0057ea    program     extern C:\MCC18\src\pmc_common\EEP\read_B.c
        Remapped_High_ISR   0x000808    program     extern C:\Microchip Solutions\UBW Emulator\UBW Emulator\main.c
         Remapped_Low_ISR   0x000818    program     extern C:\Microchip Solutions\UBW Emulator\UBW Emulator\main.c
              Reset_Si570   0x001334    program     extern C:\Microchip Solutions\UBW Emulator\UBW Emulator\user.c
              RunFreqProg   0x00153e    program     extern C:\Microchip Solutions\UBW Emulator\UBW Emulator\user.c
          ServiceRequests   0x0011fc    program     extern C:\Microchip Solutions\UBW Emulator\UBW Emulator\user.c
             SetFrequency   0x00249e    program     extern C:\Microchip Solutions\UBW Emulator\UBW Emulator\user.c
               SetNewFreq   0x001aa6    program     extern C:\Microchip Solutions\UBW Emulator\UBW Emulator\user.c
                  Set_BPF   0x002170    program     extern C:\Microchip Solutions\UBW Emulator\UBW Emulator\user.c
          Set_Cal_Handler   0x0027bc    program     extern C:\Microchip Solutions\UBW Emulator\UBW Emulator\user.c
         Set_Freq_Handler   0x0025f2    program     extern C:\Microchip Solutions\UBW Emulator\UBW Emulator\user.c
    Set_Init_Freq_Handler   0x00293c    program     extern C:\Microchip Solutions\UBW Emulator\UBW Emulator\user.c
                  Set_LPF   0x002256    program     extern C:\Microchip Solutions\UBW Emulator\UBW Emulator\user.c
     Set_Register_Handler   0x0026ea    program     extern C:\Microchip Solutions\UBW Emulator\UBW Emulator\user.c
       Set_Smooth_Handler   0x003298    program     extern C:\Microchip Solutions\UBW Emulator\UBW Emulator\user.c
      Set_Sub_Mul_Handler   0x002a14    program     extern C:\Microchip Solutions\UBW Emulator\UBW Emulator\user.c
             Switch2Cross   0x00096e    program     extern C:\Microchip Solutions\UBW Emulator\UBW Emulator\user.c
          SwitchIsPressed   0x00130e    program     extern C:\Microchip Solutions\UBW Emulator\UBW Emulator\user.c
                  TAGTB32   0x00531e    program     extern C:\MCC18\src\traditional\math\gtFP.asm
                  TALTB32   0x005330    program     extern C:\MCC18\src\traditional\math\ltFP.asm
       USBCBCheckOtherReq   0x005552    program     extern C:\Microchip Solutions\UBW Emulator\UBW Emulator\main.c
        USBCBErrorHandler   0x005550    program     extern C:\Microchip Solutions\UBW Emulator\UBW Emulator\main.c
              USBCBInitEP   0x005558    program     extern C:\Microchip Solutions\UBW Emulator\UBW Emulator\main.c
          USBCBSendResume   0x00555a    program     extern C:\Microchip Solutions\UBW Emulator\UBW Emulator\main.c
    USBCBStdSetDscHandler   0x005556    program     extern C:\Microchip Solutions\UBW Emulator\UBW Emulator\main.c
             USBCBSuspend   0x00554a    program     extern C:\Microchip Solutions\UBW Emulator\UBW Emulator\main.c
     USBCBWakeFromSuspend   0x00554c    program     extern C:\Microchip Solutions\UBW Emulator\UBW Emulator\main.c
        USBCB_SOF_Handler   0x00554e    program     extern C:\Microchip Solutions\UBW Emulator\UBW Emulator\main.c
              USBCancelIO   0x0043e2    program     extern C:\Microchip Solutions\Microchip\Usb\usb_device.c
       USBCheckStdRequest   0x00390a    program     extern C:\Microchip Solutions\Microchip\Usb\usb_device.c
       USBCheckUBWRequest   0x004492    program     extern C:\Microchip Solutions\UBW Emulator\UBW Emulator\UBW-I2C.c
     USBConfigureEndpoint   0x0040d0    program     extern C:\Microchip Solutions\Microchip\Usb\usb_device.c
         USBCtrlEPService   0x00369e    program     extern C:\Microchip Solutions\Microchip\Usb\usb_device.c
 USBCtrlEPServiceComplete   0x003c62    program     extern C:\Microchip Solutions\Microchip\Usb\usb_device.c
      USBCtrlTrfInHandler   0x00380a    program     extern C:\Microchip Solutions\Microchip\Usb\usb_device.c
     USBCtrlTrfOutHandler   0x0037be    program     extern C:\Microchip Solutions\Microchip\Usb\usb_device.c
      USBCtrlTrfRxService   0x003f22    program     extern C:\Microchip Solutions\Microchip\Usb\usb_device.c
   USBCtrlTrfSetupHandler   0x003778    program     extern C:\Microchip Solutions\Microchip\Usb\usb_device.c
      USBCtrlTrfTxService   0x003e0c    program     extern C:\Microchip Solutions\Microchip\Usb\usb_device.c
            USBDeviceInit   0x00340c    program     extern C:\Microchip Solutions\Microchip\Usb\usb_device.c
           USBDeviceTasks   0x0034a8    program     extern C:\Microchip Solutions\Microchip\Usb\usb_device.c
        USBEnableEndpoint   0x0041a4    program     extern C:\Microchip Solutions\Microchip\Usb\usb_device.c
USBPrepareForNextSetupTrf   0x0038a4    program     extern C:\Microchip Solutions\Microchip\Usb\usb_device.c
         USBStallEndpoint   0x004210    program     extern C:\Microchip Solutions\Microchip\Usb\usb_device.c
          USBStallHandler   0x00361e    program     extern C:\Microchip Solutions\Microchip\Usb\usb_device.c
  USBStdFeatureReqHandler   0x0039d2    program     extern C:\Microchip Solutions\Microchip\Usb\usb_device.c
      USBStdGetDscHandler   0x003aec    program     extern C:\Microchip Solutions\Microchip\Usb\usb_device.c
   USBStdGetStatusHandler   0x003ba0    program     extern C:\Microchip Solutions\Microchip\Usb\usb_device.c
      USBStdSetCfgHandler   0x00405e    program     extern C:\Microchip Solutions\Microchip\Usb\usb_device.c
               USBSuspend   0x003650    program     extern C:\Microchip Solutions\Microchip\Usb\usb_device.c
     USBTransferOnePacket   0x0042f0    program     extern C:\Microchip Solutions\Microchip\Usb\usb_device.c
       USBWakeFromSuspend   0x003674    program     extern C:\Microchip Solutions\Microchip\Usb\usb_device.c
               USB_CD_Ptr   0x005724    program     extern C:\Microchip Solutions\UBW Emulator\UBW Emulator\usb_descriptors.c
               USB_SD_Ptr   0x005726    program     extern C:\Microchip Solutions\UBW Emulator\UBW Emulator\usb_descriptors.c
USER_USB_CALLBACK_EVENT_HANDLER   0x005576    program     extern C:\Microchip Solutions\UBW Emulator\UBW Emulator\main.c
                 Unfreeze   0x001436    program     extern C:\Microchip Solutions\UBW Emulator\UBW Emulator\user.c
                 UserInit   0x000ab8    program     extern C:\Microchip Solutions\UBW Emulator\UBW Emulator\user.c
                  WriteBk   0x001458    program     extern C:\Microchip Solutions\UBW Emulator\UBW Emulator\user.c
                 WriteI2C   0x00572e    program     extern C:\MCC18\src\pmc_common\i2c\i2c_writ.c
              Write_b_eep   0x0057a0    program     extern C:\MCC18\src\pmc_common\EEP\write_B.c
  YourHighPriorityISRCode   0x0054f8    program     extern C:\Microchip Solutions\UBW Emulator\UBW Emulator\main.c
   YourLowPriorityISRCode   0x00550a    program     extern C:\Microchip Solutions\UBW Emulator\UBW Emulator\main.c
              _2jContinue   0x005876    program     static C:\MCC18\src\traditional\stdclib\memset.asm
                   _3jEnd   0x005880    program     static C:\MCC18\src\traditional\stdclib\memset.asm
              __FpCompare   0x005342    program     extern C:\MCC18\src\traditional\math\compFP.asm
                 __FpExit   0x0053f8    program     extern C:\MCC18\src\traditional\math\packFP.asm
                 __FpPack   0x005424    program     extern C:\MCC18\src\traditional\math\packFP.asm
            __FpReturnNaN   0x0053ec    program     extern C:\MCC18\src\traditional\math\packFP.asm
         __FpReturnNegInf   0x0053fe    program     extern C:\MCC18\src\traditional\math\packFP.asm
        __FpReturnNegZero   0x005416    program     extern C:\MCC18\src\traditional\math\packFP.asm
         __FpReturnPosInf   0x005404    program     extern C:\MCC18\src\traditional\math\packFP.asm
        __FpReturnPosZero   0x00541e    program     extern C:\MCC18\src\traditional\math\packFP.asm
        __FpReturnSignInf   0x0053fa    program     extern C:\MCC18\src\traditional\math\packFP.asm
       __FpReturnSignZero   0x005412    program     extern C:\MCC18\src\traditional\math\packFP.asm
              __FpReturnW   0x00547c    program     extern C:\MCC18\src\traditional\math\packFP.asm
              __FpUnPackA   0x00549c    program     extern C:\MCC18\src\traditional\math\UnpackFP.asm
              __FpUnPackB   0x0054cc    program     extern C:\MCC18\src\traditional\math\UnpackFP.asm
      ___case_-1_lbl00030   0x0055f6    program     static                          
     ___case_114_lbl00031   0x0055fa    program     static                          
     ___case_115_lbl00027   0x0055ea    program     static                          
     ___case_116_lbl00029   0x0055f2    program     static                          
     ___case_117_lbl00028   0x0055ee    program     static                          
       ___case_1_lbl00024   0x0055de    program     static                          
       ___case_2_lbl00025   0x0055e2    program     static                          
       ___case_3_lbl00026   0x0055e6    program     static                          
      ___default_lbl00032   0x0055fe    program     static                          
       ___return_lbl00000   0x000004    program     static                          
       ___return_lbl00000   0x0058b4    program     static                          
       ___return_lbl00000   0x000804    program     static                          
       ___return_lbl00001   0x0058f0    program     static                          
       ___return_lbl00001   0x00080c    program     static                          
       ___return_lbl00002   0x0056a8    program     static                          
       ___return_lbl00002   0x00081c    program     static                          
       ___return_lbl00003   0x00000c    program     static                          
       ___return_lbl00004   0x00001c    program     static                          
       ___return_lbl00022   0x005604    program     static                          
   ___switchexit_lbl00023   0x005600    program     static                          
                   __init   0x005920    program     extern C:\MCC18\src\traditional\stdclib\__init.c
               __tmplbl_0   0x004e72    program     static                          
               __tmplbl_0   0x005592    program     static                          
               __tmplbl_1   0x004e54    program     static                          
               __tmplbl_1   0x00559e    program     static                          
              __tmplbl_16   0x004e72    program     static                          
              __tmplbl_17   0x003284    program     static                          
               __tmplbl_2   0x0055a8    program     static                          
               __tmplbl_2   0x004dba    program     static                          
              __tmplbl_20   0x004e72    program     static                          
              __tmplbl_23   0x004e72    program     static                          
              __tmplbl_24   0x004e72    program     static                          
              __tmplbl_25   0x004e72    program     static                          
              __tmplbl_28   0x004e72    program     static                          
               __tmplbl_3   0x004da2    program     static                          
               __tmplbl_3   0x0055b2    program     static                          
               __tmplbl_4   0x0055bc    program     static                          
               __tmplbl_4   0x004d86    program     static                          
               __tmplbl_5   0x0055c6    program     static                          
               __tmplbl_5   0x004d72    program     static                          
               __tmplbl_6   0x0055d0    program     static                          
               __tmplbl_6   0x004cea    program     static                          
               __tmplbl_7   0x0055da    program     static                          
            __zero_memory   0x0058b6    program     extern C:\MCC18\src\traditional\proc\p18F2550.asm
                _do_cinit   0x00560c    program     extern C:\MCC18\src\traditional\startup\c018i.c
                   _entry   0x000000    program     extern C:\MCC18\src\traditional\startup\c018i.c
                   _reset   0x000800    program     extern C:\Microchip Solutions\UBW Emulator\UBW Emulator\main.c
                 _startup   0x0058d6    program     extern C:\MCC18\src\traditional\startup\c018i.c
                compare_l   0x0058cc    program     static C:\MCC18\src\traditional\proc\p18F2550.asm
        configDescriptor1   0x0056bc    program     extern C:\Microchip Solutions\UBW Emulator\UBW Emulator\usb_descriptors.c
                copy_loop   0x00567e    program     static                          
            copy_one_byte   0x005684    program     static                          
               device_dsc   0x0056aa    program     extern C:\Microchip Solutions\UBW Emulator\UBW Emulator\usb_descriptors.c
                     done   0x0056a8    program     static                          
             done_copying   0x005692    program     static                          
                  endloop   0x0058b0    program     static                          
                init_data   0xf00000    program     extern C:\Microchip Solutions\UBW Emulator\UBW Emulator\user.c
                 jANotInf   0x0050b4    program     static C:\MCC18\src\traditional\math\divFP.asm
                 jANotInf   0x004f92    program     static C:\MCC18\src\traditional\math\addFP.asm
                 jANotInf   0x00515a    program     static C:\MCC18\src\traditional\math\mulFP.asm
                 jANotNeg   0x005026    program     static C:\MCC18\src\traditional\math\addFP.asm
                jANotZero   0x0050c8    program     static C:\MCC18\src\traditional\math\divFP.asm
              jAandWsetup   0x004ff6    program     static C:\MCC18\src\traditional\math\addFP.asm
                  jAisNeg   0x0053be    program     static C:\MCC18\src\traditional\math\compFP.asm
                 jAltBexp   0x004fe4    program     static C:\MCC18\src\traditional\math\addFP.asm
                jBANotInf   0x004f88    program     static C:\MCC18\src\traditional\math\addFP.asm
                 jBNotInf   0x004fa0    program     static C:\MCC18\src\traditional\math\addFP.asm
              jBothFinite   0x005168    program     static C:\MCC18\src\traditional\math\mulFP.asm
             jBothNotZero   0x005174    program     static C:\MCC18\src\traditional\math\mulFP.asm
             jBothNotZero   0x005360    program     static C:\MCC18\src\traditional\math\compFP.asm
            jDifOrPosSign   0x004fb4    program     static C:\MCC18\src\traditional\math\addFP.asm
                      jEQ   0x00537c    program     static C:\MCC18\src\traditional\math\compFP.asm
                     jEnd   0x005888    program     static C:\MCC18\src\traditional\stdclib\memset.asm
                    jExch   0x005388    program     static C:\MCC18\src\traditional\math\compFP.asm
                    jExit   0x0052ae    program     static C:\MCC18\src\traditional\math\castFP16.asm
                    jExit   0x00531c    program     static C:\MCC18\src\traditional\math\castFP32.asm
                   jExpEQ   0x0053ce    program     static C:\MCC18\src\traditional\math\compFP.asm
                   jFinal   0x0053b2    program     static C:\MCC18\src\traditional\math\compFP.asm
               jFinalSign   0x00508e    program     static C:\MCC18\src\traditional\math\addFP.asm
                jHaveZero   0x005170    program     static C:\MCC18\src\traditional\math\mulFP.asm
                jI2F08Beg   0x004ef4    program     static C:\MCC18\src\traditional\math\cast08FP.asm
                jI2F16Beg   0x004f1c    program     static C:\MCC18\src\traditional\math\cast16FP.asm
                jI2F32Beg   0x004f4e    program     static C:\MCC18\src\traditional\math\cast32FP.asm
                    jLoop   0x00586a    program     static C:\MCC18\src\traditional\stdclib\memset.asm
                    jLoop   0x00528e    program     static C:\MCC18\src\traditional\math\castFP16.asm
                    jLoop   0x0050f0    program     static C:\MCC18\src\traditional\math\divFP.asm
                    jLoop   0x0052f0    program     static C:\MCC18\src\traditional\math\castFP32.asm
                jLoopExit   0x00529e    program     static C:\MCC18\src\traditional\math\castFP16.asm
                jLoopExit   0x005304    program     static C:\MCC18\src\traditional\math\castFP32.asm
                     jMax   0x0052c0    program     static C:\MCC18\src\traditional\math\castFP32.asm
                     jMax   0x005262    program     static C:\MCC18\src\traditional\math\castFP16.asm
                  jMaxNeg   0x005270    program     static C:\MCC18\src\traditional\math\castFP16.asm
                  jMaxNeg   0x0052d2    program     static C:\MCC18\src\traditional\math\castFP32.asm
                  jMaxPos   0x0052c4    program     static C:\MCC18\src\traditional\math\castFP32.asm
                  jMaxPos   0x005266    program     static C:\MCC18\src\traditional\math\castFP16.asm
                      jNE   0x005380    program     static C:\MCC18\src\traditional\math\compFP.asm
                    jNext   0x005116    program     static C:\MCC18\src\traditional\math\divFP.asm
                jNoAdjust   0x005114    program     static C:\MCC18\src\traditional\math\divFP.asm
                  jNoExch   0x0053a8    program     static C:\MCC18\src\traditional\math\compFP.asm
             jNotBothZero   0x004fb8    program     static C:\MCC18\src\traditional\math\addFP.asm
                  jNotInf   0x0052de    program     static C:\MCC18\src\traditional\math\castFP32.asm
                  jNotInf   0x00527e    program     static C:\MCC18\src\traditional\math\castFP16.asm
                  jPkLoop   0x005432    program     static C:\MCC18\src\traditional\math\packFP.asm
             jPkRoundDone   0x00547c    program     static C:\MCC18\src\traditional\math\packFP.asm
               jPkRoundIt   0x005464    program     static C:\MCC18\src\traditional\math\packFP.asm
             jPkShiftDone   0x00544e    program     static C:\MCC18\src\traditional\math\packFP.asm
           jReturnPosInf0   0x005408    program     static C:\MCC18\src\traditional\math\packFP.asm
                  jRotate   0x0053da    program     static C:\MCC18\src\traditional\math\compFP.asm
                   jShift   0x0053c4    program     static C:\MCC18\src\traditional\math\compFP.asm
               jShiftDone   0x00504e    program     static C:\MCC18\src\traditional\math\addFP.asm
               jShiftLoop   0x005040    program     static C:\MCC18\src\traditional\math\addFP.asm
                jSignDone   0x00507e    program     static C:\MCC18\src\traditional\math\addFP.asm
              jSignedZero   0x0050be    program     static C:\MCC18\src\traditional\math\divFP.asm
                 jSignsEQ   0x005364    program     static C:\MCC18\src\traditional\math\compFP.asm
                  jUnpkA1   0x0054a6    program     static C:\MCC18\src\traditional\math\UnpackFP.asm
                  jUnpkA2   0x0054be    program     static C:\MCC18\src\traditional\math\UnpackFP.asm
                 jUnpkANZ   0x0054b4    program     static C:\MCC18\src\traditional\math\UnpackFP.asm
                  jUnpkB1   0x0054d6    program     static C:\MCC18\src\traditional\math\UnpackFP.asm
                  jUnpkB2   0x0054ee    program     static C:\MCC18\src\traditional\math\UnpackFP.asm
                 jUnpkBNZ   0x0054e4    program     static C:\MCC18\src\traditional\math\UnpackFP.asm
                 jUnpkNaN   0x0054c8    program     static C:\MCC18\src\traditional\math\UnpackFP.asm
                 jWNotNeg   0x00503a    program     static C:\MCC18\src\traditional\math\addFP.asm
                   jWr123   0x0052ca    program     static C:\MCC18\src\traditional\math\castFP32.asm
                  jWrZ123   0x0052da    program     static C:\MCC18\src\traditional\math\castFP32.asm
                    jZero   0x0052d8    program     static C:\MCC18\src\traditional\math\castFP32.asm
                    jZero   0x005278    program     static C:\MCC18\src\traditional\math\castFP16.asm
               jZero1and2   0x00540c    program     static C:\MCC18\src\traditional\math\packFP.asm
                     loop   0x0058e6    program     static                          
                     loop   0x005894    program     static                          
                   loop_h   0x0058c4    program     static C:\MCC18\src\traditional\proc\p18F2550.asm
                   loop_l   0x0058ce    program     static C:\MCC18\src\traditional\proc\p18F2550.asm
                     main   0x005530    program     extern C:\Microchip Solutions\UBW Emulator\UBW Emulator\main.c
                   memset   0x005856    program     extern C:\MCC18\src\traditional\stdclib\memset.asm
                    sd000   0x0056dc    program     extern C:\Microchip Solutions\UBW Emulator\UBW Emulator\usb_descriptors.c
                    sd001   0x0056e0    program     extern C:\Microchip Solutions\UBW Emulator\UBW Emulator\usb_descriptors.c
                    sd002   0x0056fa    program     extern C:\Microchip Solutions\UBW Emulator\UBW Emulator\usb_descriptors.c
                    sd003   0x005710    program     extern C:\Microchip Solutions\UBW Emulator\UBW Emulator\usb_descriptors.c
                     test   0x005626    program     static                          
               zero_block   0x0058c4    program     static C:\MCC18\src\traditional\proc\p18F2550.asm
                   ADCON0   0x000fc2       data     extern C:\MCC18\src\traditional\proc\p18F2550.asm
               ADCON0bits   0x000fc2       data     extern C:\MCC18\src\traditional\proc\p18F2550.asm
                   ADCON1   0x000fc1       data     extern C:\MCC18\src\traditional\proc\p18F2550.asm
               ADCON1bits   0x000fc1       data     extern C:\MCC18\src\traditional\proc\p18F2550.asm
                   ADCON2   0x000fc0       data     extern C:\MCC18\src\traditional\proc\p18F2550.asm
               ADCON2bits   0x000fc0       data     extern C:\MCC18\src\traditional\proc\p18F2550.asm
                    ADRES   0x000fc3       data     extern C:\MCC18\src\traditional\proc\p18F2550.asm
                   ADRESH   0x000fc4       data     extern C:\MCC18\src\traditional\proc\p18F2550.asm
                   ADRESL   0x000fc3       data     extern C:\MCC18\src\traditional\proc\p18F2550.asm
                  BAUDCON   0x000fb8       data     extern C:\MCC18\src\traditional\proc\p18F2550.asm
              BAUDCONbits   0x000fb8       data     extern C:\MCC18\src\traditional\proc\p18F2550.asm
                      BDT   0x000400       data     extern C:\Microchip Solutions\Microchip\Usb\usb_device.c
                      BSR   0x000fe0       data     extern C:\MCC18\src\traditional\proc\p18F2550.asm
       BothEP0OutUOWNsSet   0x0000d9       data     extern C:\Microchip Solutions\Microchip\Usb\usb_device.c
                   CCP1AS   0x000fb6       data     extern C:\MCC18\src\traditional\proc\p18F2550.asm
               CCP1ASbits   0x000fb6       data     extern C:\MCC18\src\traditional\proc\p18F2550.asm
                  CCP1CON   0x000fbd       data     extern C:\MCC18\src\traditional\proc\p18F2550.asm
              CCP1CONbits   0x000fbd       data     extern C:\MCC18\src\traditional\proc\p18F2550.asm
                  CCP1DEL   0x000fb7       data     extern C:\MCC18\src\traditional\proc\p18F2550.asm
              CCP1DELbits   0x000fb7       data     extern C:\MCC18\src\traditional\proc\p18F2550.asm
                  CCP2CON   0x000fba       data     extern C:\MCC18\src\traditional\proc\p18F2550.asm
              CCP2CONbits   0x000fba       data     extern C:\MCC18\src\traditional\proc\p18F2550.asm
                    CCPR1   0x000fbe       data     extern C:\MCC18\src\traditional\proc\p18F2550.asm
                   CCPR1H   0x000fbf       data     extern C:\MCC18\src\traditional\proc\p18F2550.asm
                   CCPR1L   0x000fbe       data     extern C:\MCC18\src\traditional\proc\p18F2550.asm
                    CCPR2   0x000fbb       data     extern C:\MCC18\src\traditional\proc\p18F2550.asm
                   CCPR2H   0x000fbc       data     extern C:\MCC18\src\traditional\proc\p18F2550.asm
                   CCPR2L   0x000fbb       data     extern C:\MCC18\src\traditional\proc\p18F2550.asm
                    CMCON   0x000fb4       data     extern C:\MCC18\src\traditional\proc\p18F2550.asm
                CMCONbits   0x000fb4       data     extern C:\MCC18\src\traditional\proc\p18F2550.asm
                   CVRCON   0x000fb5       data     extern C:\MCC18\src\traditional\proc\p18F2550.asm
               CVRCONbits   0x000fb5       data     extern C:\MCC18\src\traditional\proc\p18F2550.asm
              CtrlTrfData   0x000428       data     extern C:\Microchip Solutions\Microchip\Usb\usb_device.c
                     DDRA   0x000f92       data     extern C:\MCC18\src\traditional\proc\p18F2550.asm
                 DDRAbits   0x000f92       data     extern C:\MCC18\src\traditional\proc\p18F2550.asm
                     DDRB   0x000f93       data     extern C:\MCC18\src\traditional\proc\p18F2550.asm
                 DDRBbits   0x000f93       data     extern C:\MCC18\src\traditional\proc\p18F2550.asm
                     DDRC   0x000f94       data     extern C:\MCC18\src\traditional\proc\p18F2550.asm
                 DDRCbits   0x000f94       data     extern C:\MCC18\src\traditional\proc\p18F2550.asm
                  ECCP1AS   0x000fb6       data     extern C:\MCC18\src\traditional\proc\p18F2550.asm
              ECCP1ASbits   0x000fb6       data     extern C:\MCC18\src\traditional\proc\p18F2550.asm
                 ECCP1DEL   0x000fb7       data     extern C:\MCC18\src\traditional\proc\p18F2550.asm
             ECCP1DELbits   0x000fb7       data     extern C:\MCC18\src\traditional\proc\p18F2550.asm
                    EEADR   0x000fa9       data     extern C:\MCC18\src\traditional\proc\p18F2550.asm
                   EECON1   0x000fa6       data     extern C:\MCC18\src\traditional\proc\p18F2550.asm
               EECON1bits   0x000fa6       data     extern C:\MCC18\src\traditional\proc\p18F2550.asm
                   EECON2   0x000fa7       data     extern C:\MCC18\src\traditional\proc\p18F2550.asm
                   EEDATA   0x000fa8       data     extern C:\MCC18\src\traditional\proc\p18F2550.asm
                     FSR0   0x000fe9       data     extern C:\MCC18\src\traditional\proc\p18F2550.asm
                    FSR0H   0x000fea       data     extern C:\MCC18\src\traditional\proc\p18F2550.asm
                    FSR0L   0x000fe9       data     extern C:\MCC18\src\traditional\proc\p18F2550.asm
                     FSR1   0x000fe1       data     extern C:\MCC18\src\traditional\proc\p18F2550.asm
                    FSR1H   0x000fe2       data     extern C:\MCC18\src\traditional\proc\p18F2550.asm
                    FSR1L   0x000fe1       data     extern C:\MCC18\src\traditional\proc\p18F2550.asm
                     FSR2   0x000fd9       data     extern C:\MCC18\src\traditional\proc\p18F2550.asm
                    FSR2H   0x000fda       data     extern C:\MCC18\src\traditional\proc\p18F2550.asm
                    FSR2L   0x000fd9       data     extern C:\MCC18\src\traditional\proc\p18F2550.asm
          FilterCrossOver   0x000060       data     extern C:\Microchip Solutions\UBW Emulator\UBW Emulator\UBW-I2C.c
         FilterSwitchOver   0x000070       data     extern C:\Microchip Solutions\UBW Emulator\UBW Emulator\UBW-I2C.c
                  HLVDCON   0x000fd2       data     extern C:\MCC18\src\traditional\proc\p18F2550.asm
              HLVDCONbits   0x000fd2       data     extern C:\MCC18\src\traditional\proc\p18F2550.asm
                    INDF0   0x000fef       data     extern C:\MCC18\src\traditional\proc\p18F2550.asm
                    INDF1   0x000fe7       data     extern C:\MCC18\src\traditional\proc\p18F2550.asm
                    INDF2   0x000fdf       data     extern C:\MCC18\src\traditional\proc\p18F2550.asm
                   INTCON   0x000ff2       data     extern C:\MCC18\src\traditional\proc\p18F2550.asm
                  INTCON2   0x000ff1       data     extern C:\MCC18\src\traditional\proc\p18F2550.asm
              INTCON2bits   0x000ff1       data     extern C:\MCC18\src\traditional\proc\p18F2550.asm
                  INTCON3   0x000ff0       data     extern C:\MCC18\src\traditional\proc\p18F2550.asm
              INTCON3bits   0x000ff0       data     extern C:\MCC18\src\traditional\proc\p18F2550.asm
               INTCONbits   0x000ff2       data     extern C:\MCC18\src\traditional\proc\p18F2550.asm
                     IPR1   0x000f9f       data     extern C:\MCC18\src\traditional\proc\p18F2550.asm
                 IPR1bits   0x000f9f       data     extern C:\MCC18\src\traditional\proc\p18F2550.asm
                     IPR2   0x000fa2       data     extern C:\MCC18\src\traditional\proc\p18F2550.asm
                 IPR2bits   0x000fa2       data     extern C:\MCC18\src\traditional\proc\p18F2550.asm
                     LATA   0x000f89       data     extern C:\MCC18\src\traditional\proc\p18F2550.asm
                 LATAbits   0x000f89       data     extern C:\MCC18\src\traditional\proc\p18F2550.asm
                     LATB   0x000f8a       data     extern C:\MCC18\src\traditional\proc\p18F2550.asm
                 LATBbits   0x000f8a       data     extern C:\MCC18\src\traditional\proc\p18F2550.asm
                     LATC   0x000f8b       data     extern C:\MCC18\src\traditional\proc\p18F2550.asm
                 LATCbits   0x000f8b       data     extern C:\MCC18\src\traditional\proc\p18F2550.asm
             LPFCrossOver   0x00008c       data     extern C:\Microchip Solutions\UBW Emulator\UBW Emulator\UBW-I2C.c
            LPFSwitchOver   0x00009c       data     extern C:\Microchip Solutions\UBW Emulator\UBW Emulator\UBW-I2C.c
                   LVDCON   0x000fd2       data     extern C:\MCC18\src\traditional\proc\p18F2550.asm
               LVDCONbits   0x000fd2       data     extern C:\MCC18\src\traditional\proc\p18F2550.asm
                   OSCCON   0x000fd3       data     extern C:\MCC18\src\traditional\proc\p18F2550.asm
               OSCCONbits   0x000fd3       data     extern C:\MCC18\src\traditional\proc\p18F2550.asm
                  OSCTUNE   0x000f9b       data     extern C:\MCC18\src\traditional\proc\p18F2550.asm
              OSCTUNEbits   0x000f9b       data     extern C:\MCC18\src\traditional\proc\p18F2550.asm
          Old_freq_double   0x0001ca       data     extern C:\Microchip Solutions\UBW Emulator\UBW Emulator\user.c
                Old_rfreq   0x0001c2       data     extern C:\Microchip Solutions\UBW Emulator\UBW Emulator\user.c
                       PC   0x000ff9       data     extern C:\MCC18\src\traditional\proc\p18F2550.asm
                      PCL   0x000ff9       data     extern C:\MCC18\src\traditional\proc\p18F2550.asm
                   PCLATH   0x000ffa       data     extern C:\MCC18\src\traditional\proc\p18F2550.asm
                   PCLATU   0x000ffb       data     extern C:\MCC18\src\traditional\proc\p18F2550.asm
                     PIE1   0x000f9d       data     extern C:\MCC18\src\traditional\proc\p18F2550.asm
                 PIE1bits   0x000f9d       data     extern C:\MCC18\src\traditional\proc\p18F2550.asm
                     PIE2   0x000fa0       data     extern C:\MCC18\src\traditional\proc\p18F2550.asm
                 PIE2bits   0x000fa0       data     extern C:\MCC18\src\traditional\proc\p18F2550.asm
                     PIR1   0x000f9e       data     extern C:\MCC18\src\traditional\proc\p18F2550.asm
                 PIR1bits   0x000f9e       data     extern C:\MCC18\src\traditional\proc\p18F2550.asm
                     PIR2   0x000fa1       data     extern C:\MCC18\src\traditional\proc\p18F2550.asm
                 PIR2bits   0x000fa1       data     extern C:\MCC18\src\traditional\proc\p18F2550.asm
                   PLUSW0   0x000feb       data     extern C:\MCC18\src\traditional\proc\p18F2550.asm
                   PLUSW1   0x000fe3       data     extern C:\MCC18\src\traditional\proc\p18F2550.asm
                   PLUSW2   0x000fdb       data     extern C:\MCC18\src\traditional\proc\p18F2550.asm
                    PORTA   0x000f80       data     extern C:\MCC18\src\traditional\proc\p18F2550.asm
                PORTAbits   0x000f80       data     extern C:\MCC18\src\traditional\proc\p18F2550.asm
                    PORTB   0x000f81       data     extern C:\MCC18\src\traditional\proc\p18F2550.asm
                PORTBbits   0x000f81       data     extern C:\MCC18\src\traditional\proc\p18F2550.asm
                    PORTC   0x000f82       data     extern C:\MCC18\src\traditional\proc\p18F2550.asm
                PORTCbits   0x000f82       data     extern C:\MCC18\src\traditional\proc\p18F2550.asm
                    PORTE   0x000f84       data     extern C:\MCC18\src\traditional\proc\p18F2550.asm
                PORTEbits   0x000f84       data     extern C:\MCC18\src\traditional\proc\p18F2550.asm
                 POSTDEC0   0x000fed       data     extern C:\MCC18\src\traditional\proc\p18F2550.asm
                 POSTDEC1   0x000fe5       data     extern C:\MCC18\src\traditional\proc\p18F2550.asm
                 POSTDEC2   0x000fdd       data     extern C:\MCC18\src\traditional\proc\p18F2550.asm
                 POSTINC0   0x000fee       data     extern C:\MCC18\src\traditional\proc\p18F2550.asm
                 POSTINC1   0x000fe6       data     extern C:\MCC18\src\traditional\proc\p18F2550.asm
                 POSTINC2   0x000fde       data     extern C:\MCC18\src\traditional\proc\p18F2550.asm
                      PR2   0x000fcb       data     extern C:\MCC18\src\traditional\proc\p18F2550.asm
                  PREINC0   0x000fec       data     extern C:\MCC18\src\traditional\proc\p18F2550.asm
                  PREINC1   0x000fe4       data     extern C:\MCC18\src\traditional\proc\p18F2550.asm
                  PREINC2   0x000fdc       data     extern C:\MCC18\src\traditional\proc\p18F2550.asm
                     PROD   0x000ff3       data     extern C:\MCC18\src\traditional\proc\p18F2550.asm
                    PRODH   0x000ff4       data     extern C:\MCC18\src\traditional\proc\p18F2550.asm
                    PRODL   0x000ff3       data     extern C:\MCC18\src\traditional\proc\p18F2550.asm
                     R135   0x0001e9       data     extern C:\Microchip Solutions\UBW Emulator\UBW Emulator\user.c
                     R137   0x0001a9       data     extern C:\Microchip Solutions\UBW Emulator\UBW Emulator\user.c
                     RCON   0x000fd0       data     extern C:\MCC18\src\traditional\proc\p18F2550.asm
                 RCONbits   0x000fd0       data     extern C:\MCC18\src\traditional\proc\p18F2550.asm
                    RCREG   0x000fae       data     extern C:\MCC18\src\traditional\proc\p18F2550.asm
                    RCSTA   0x000fab       data     extern C:\MCC18\src\traditional\proc\p18F2550.asm
                RCSTAbits   0x000fab       data     extern C:\MCC18\src\traditional\proc\p18F2550.asm
             RemoteWakeup   0x0000d7       data     extern C:\Microchip Solutions\Microchip\Usb\usb_device.c
                     SIGN   0x000024       data     extern C:\MCC18\src\traditional\math\cmath18.asm
                    SPBRG   0x000faf       data     extern C:\MCC18\src\traditional\proc\p18F2550.asm
                   SPBRGH   0x000fb0       data     extern C:\MCC18\src\traditional\proc\p18F2550.asm
                   SSPADD   0x000fc8       data     extern C:\MCC18\src\traditional\proc\p18F2550.asm
                   SSPBUF   0x000fc9       data     extern C:\MCC18\src\traditional\proc\p18F2550.asm
                  SSPCON1   0x000fc6       data     extern C:\MCC18\src\traditional\proc\p18F2550.asm
              SSPCON1bits   0x000fc6       data     extern C:\MCC18\src\traditional\proc\p18F2550.asm
                  SSPCON2   0x000fc5       data     extern C:\MCC18\src\traditional\proc\p18F2550.asm
              SSPCON2bits   0x000fc5       data     extern C:\MCC18\src\traditional\proc\p18F2550.asm
                  SSPSTAT   0x000fc7       data     extern C:\MCC18\src\traditional\proc\p18F2550.asm
              SSPSTATbits   0x000fc7       data     extern C:\MCC18\src\traditional\proc\p18F2550.asm
                   STATUS   0x000fd8       data     extern C:\MCC18\src\traditional\proc\p18F2550.asm
               STATUSbits   0x000fd8       data     extern C:\MCC18\src\traditional\proc\p18F2550.asm
                   STKPTR   0x000ffc       data     extern C:\MCC18\src\traditional\proc\p18F2550.asm
               STKPTRbits   0x000ffc       data     extern C:\MCC18\src\traditional\proc\p18F2550.asm
                 SetupPkt   0x000420       data     extern C:\Microchip Solutions\Microchip\Usb\usb_device.c
            Smooth_double   0x0001ce       data     extern C:\Microchip Solutions\UBW Emulator\UBW Emulator\user.c
                    T0CON   0x000fd5       data     extern C:\MCC18\src\traditional\proc\p18F2550.asm
                T0CONbits   0x000fd5       data     extern C:\MCC18\src\traditional\proc\p18F2550.asm
                    T1CON   0x000fcd       data     extern C:\MCC18\src\traditional\proc\p18F2550.asm
                T1CONbits   0x000fcd       data     extern C:\MCC18\src\traditional\proc\p18F2550.asm
                    T2CON   0x000fca       data     extern C:\MCC18\src\traditional\proc\p18F2550.asm
                T2CONbits   0x000fca       data     extern C:\MCC18\src\traditional\proc\p18F2550.asm
                    T3CON   0x000fb1       data     extern C:\MCC18\src\traditional\proc\p18F2550.asm
                T3CONbits   0x000fb1       data     extern C:\MCC18\src\traditional\proc\p18F2550.asm
                   TABLAT   0x000ff5       data     extern C:\MCC18\src\traditional\proc\p18F2550.asm
                   TBLPTR   0x000ff6       data     extern C:\MCC18\src\traditional\proc\p18F2550.asm
                  TBLPTRH   0x000ff7       data     extern C:\MCC18\src\traditional\proc\p18F2550.asm
                  TBLPTRL   0x000ff6       data     extern C:\MCC18\src\traditional\proc\p18F2550.asm
                  TBLPTRU   0x000ff8       data     extern C:\MCC18\src\traditional\proc\p18F2550.asm
                    TMR0H   0x000fd7       data     extern C:\MCC18\src\traditional\proc\p18F2550.asm
                    TMR0L   0x000fd6       data     extern C:\MCC18\src\traditional\proc\p18F2550.asm
                    TMR1H   0x000fcf       data     extern C:\MCC18\src\traditional\proc\p18F2550.asm
                    TMR1L   0x000fce       data     extern C:\MCC18\src\traditional\proc\p18F2550.asm
                     TMR2   0x000fcc       data     extern C:\MCC18\src\traditional\proc\p18F2550.asm
                    TMR3H   0x000fb3       data     extern C:\MCC18\src\traditional\proc\p18F2550.asm
                    TMR3L   0x000fb2       data     extern C:\MCC18\src\traditional\proc\p18F2550.asm
                      TOS   0x000ffd       data     extern C:\MCC18\src\traditional\proc\p18F2550.asm
                     TOSH   0x000ffe       data     extern C:\MCC18\src\traditional\proc\p18F2550.asm
                     TOSL   0x000ffd       data     extern C:\MCC18\src\traditional\proc\p18F2550.asm
                     TOSU   0x000fff       data     extern C:\MCC18\src\traditional\proc\p18F2550.asm
                    TRISA   0x000f92       data     extern C:\MCC18\src\traditional\proc\p18F2550.asm
                TRISAbits   0x000f92       data     extern C:\MCC18\src\traditional\proc\p18F2550.asm
                    TRISB   0x000f93       data     extern C:\MCC18\src\traditional\proc\p18F2550.asm
                TRISBbits   0x000f93       data     extern C:\MCC18\src\traditional\proc\p18F2550.asm
                    TRISC   0x000f94       data     extern C:\MCC18\src\traditional\proc\p18F2550.asm
                TRISCbits   0x000f94       data     extern C:\MCC18\src\traditional\proc\p18F2550.asm
                    TXREG   0x000fad       data     extern C:\MCC18\src\traditional\proc\p18F2550.asm
                    TXSTA   0x000fac       data     extern C:\MCC18\src\traditional\proc\p18F2550.asm
                TXSTAbits   0x000fac       data     extern C:\MCC18\src\traditional\proc\p18F2550.asm
                    UADDR   0x000f6e       data     extern C:\MCC18\src\traditional\proc\p18F2550.asm
                UADDRbits   0x000f6e       data     extern C:\MCC18\src\traditional\proc\p18F2550.asm
                     UCFG   0x000f6f       data     extern C:\MCC18\src\traditional\proc\p18F2550.asm
                 UCFGbits   0x000f6f       data     extern C:\MCC18\src\traditional\proc\p18F2550.asm
                     UCON   0x000f6d       data     extern C:\MCC18\src\traditional\proc\p18F2550.asm
                 UCONbits   0x000f6d       data     extern C:\MCC18\src\traditional\proc\p18F2550.asm
                     UEIE   0x000f6b       data     extern C:\MCC18\src\traditional\proc\p18F2550.asm
                 UEIEbits   0x000f6b       data     extern C:\MCC18\src\traditional\proc\p18F2550.asm
                     UEIR   0x000f6a       data     extern C:\MCC18\src\traditional\proc\p18F2550.asm
                 UEIRbits   0x000f6a       data     extern C:\MCC18\src\traditional\proc\p18F2550.asm
                     UEP0   0x000f70       data     extern C:\MCC18\src\traditional\proc\p18F2550.asm
                 UEP0bits   0x000f70       data     extern C:\MCC18\src\traditional\proc\p18F2550.asm
                     UEP1   0x000f71       data     extern C:\MCC18\src\traditional\proc\p18F2550.asm
                    UEP10   0x000f7a       data     extern C:\MCC18\src\traditional\proc\p18F2550.asm
                UEP10bits   0x000f7a       data     extern C:\MCC18\src\traditional\proc\p18F2550.asm
                    UEP11   0x000f7b       data     extern C:\MCC18\src\traditional\proc\p18F2550.asm
                UEP11bits   0x000f7b       data     extern C:\MCC18\src\traditional\proc\p18F2550.asm
                    UEP12   0x000f7c       data     extern C:\MCC18\src\traditional\proc\p18F2550.asm
                UEP12bits   0x000f7c       data     extern C:\MCC18\src\traditional\proc\p18F2550.asm
                    UEP13   0x000f7d       data     extern C:\MCC18\src\traditional\proc\p18F2550.asm
                UEP13bits   0x000f7d       data     extern C:\MCC18\src\traditional\proc\p18F2550.asm
                    UEP14   0x000f7e       data     extern C:\MCC18\src\traditional\proc\p18F2550.asm
                UEP14bits   0x000f7e       data     extern C:\MCC18\src\traditional\proc\p18F2550.asm
                    UEP15   0x000f7f       data     extern C:\MCC18\src\traditional\proc\p18F2550.asm
                UEP15bits   0x000f7f       data     extern C:\MCC18\src\traditional\proc\p18F2550.asm
                 UEP1bits   0x000f71       data     extern C:\MCC18\src\traditional\proc\p18F2550.asm
                     UEP2   0x000f72       data     extern C:\MCC18\src\traditional\proc\p18F2550.asm
                 UEP2bits   0x000f72       data     extern C:\MCC18\src\traditional\proc\p18F2550.asm
                     UEP3   0x000f73       data     extern C:\MCC18\src\traditional\proc\p18F2550.asm
                 UEP3bits   0x000f73       data     extern C:\MCC18\src\traditional\proc\p18F2550.asm
                     UEP4   0x000f74       data     extern C:\MCC18\src\traditional\proc\p18F2550.asm
                 UEP4bits   0x000f74       data     extern C:\MCC18\src\traditional\proc\p18F2550.asm
                     UEP5   0x000f75       data     extern C:\MCC18\src\traditional\proc\p18F2550.asm
                 UEP5bits   0x000f75       data     extern C:\MCC18\src\traditional\proc\p18F2550.asm
                     UEP6   0x000f76       data     extern C:\MCC18\src\traditional\proc\p18F2550.asm
                 UEP6bits   0x000f76       data     extern C:\MCC18\src\traditional\proc\p18F2550.asm
                     UEP7   0x000f77       data     extern C:\MCC18\src\traditional\proc\p18F2550.asm
                 UEP7bits   0x000f77       data     extern C:\MCC18\src\traditional\proc\p18F2550.asm
                     UEP8   0x000f78       data     extern C:\MCC18\src\traditional\proc\p18F2550.asm
                 UEP8bits   0x000f78       data     extern C:\MCC18\src\traditional\proc\p18F2550.asm
                     UEP9   0x000f79       data     extern C:\MCC18\src\traditional\proc\p18F2550.asm
                 UEP9bits   0x000f79       data     extern C:\MCC18\src\traditional\proc\p18F2550.asm
                     UFRM   0x000f66       data     extern C:\MCC18\src\traditional\proc\p18F2550.asm
                    UFRMH   0x000f67       data     extern C:\MCC18\src\traditional\proc\p18F2550.asm
                UFRMHbits   0x000f67       data     extern C:\MCC18\src\traditional\proc\p18F2550.asm
                    UFRML   0x000f66       data     extern C:\MCC18\src\traditional\proc\p18F2550.asm
                UFRMLbits   0x000f66       data     extern C:\MCC18\src\traditional\proc\p18F2550.asm
                      UIE   0x000f69       data     extern C:\MCC18\src\traditional\proc\p18F2550.asm
                  UIEbits   0x000f69       data     extern C:\MCC18\src\traditional\proc\p18F2550.asm
                      UIR   0x000f68       data     extern C:\MCC18\src\traditional\proc\p18F2550.asm
                  UIRbits   0x000f68       data     extern C:\MCC18\src\traditional\proc\p18F2550.asm
   USBActiveConfiguration   0x0000b9       data     extern C:\Microchip Solutions\Microchip\Usb\usb_device.c
    USBAlternateInterface   0x0000ba       data     extern C:\Microchip Solutions\Microchip\Usb\usb_device.c
           USBDeviceState   0x0000b8       data     extern C:\Microchip Solutions\Microchip\Usb\usb_device.c
                USBInData   0x0000dc       data     extern C:\Microchip Solutions\Microchip\Usb\usb_device.c
       USBInMaxPacketSize   0x0000da       data     extern C:\Microchip Solutions\Microchip\Usb\usb_device.c
                    USTAT   0x000f6c       data     extern C:\MCC18\src\traditional\proc\p18F2550.asm
                USTATbits   0x000f6c       data     extern C:\MCC18\src\traditional\proc\p18F2550.asm
                USTATcopy   0x0000d8       data     extern C:\Microchip Solutions\Microchip\Usb\usb_device.c
                   WDTCON   0x000fd1       data     extern C:\MCC18\src\traditional\proc\p18F2550.asm
               WDTCONbits   0x000fd1       data     extern C:\MCC18\src\traditional\proc\p18F2550.asm
                     WREG   0x000fe8       data     extern C:\MCC18\src\traditional\proc\p18F2550.asm
                 __AARGB0   0x00002d       data     extern C:\MCC18\src\traditional\math\aarg.asm
                 __AARGB1   0x00002c       data     extern C:\MCC18\src\traditional\math\aarg.asm
                 __AARGB2   0x00002b       data     extern C:\MCC18\src\traditional\math\aarg.asm
                 __AARGB3   0x00002a       data     extern C:\MCC18\src\traditional\math\aarg.asm
                 __AARGB4   0x000029       data     extern C:\MCC18\src\traditional\math\aarg.asm
                 __AARGB5   0x000028       data     extern C:\MCC18\src\traditional\math\aarg.asm
                 __AARGB6   0x000027       data     extern C:\MCC18\src\traditional\math\aarg.asm
                 __AARGB7   0x000026       data     extern C:\MCC18\src\traditional\math\aarg.asm
                   __AEXP   0x00002e       data     extern C:\MCC18\src\traditional\math\aarg.asm
                 __BARGB0   0x000032       data     extern C:\MCC18\src\traditional\math\barg.asm
                 __BARGB1   0x000031       data     extern C:\MCC18\src\traditional\math\barg.asm
                 __BARGB2   0x000030       data     extern C:\MCC18\src\traditional\math\barg.asm
                 __BARGB3   0x00002f       data     extern C:\MCC18\src\traditional\math\barg.asm
                   __BEXP   0x000033       data     extern C:\MCC18\src\traditional\math\barg.asm
                __FPFLAGS   0x000025       data     extern C:\MCC18\src\traditional\math\cmath18.asm
            __FPFLAGSbits   0x000025       data     extern C:\MCC18\src\traditional\math\cmath18.asm
                  __REMB0   0x000029       data     extern C:\MCC18\src\traditional\math\aarg.asm
                  __REMB1   0x000028       data     extern C:\MCC18\src\traditional\math\aarg.asm
                  __REMB2   0x000027       data     extern C:\MCC18\src\traditional\math\aarg.asm
                  __REMB3   0x000026       data     extern C:\MCC18\src\traditional\math\aarg.asm
                   __TEMP   0x000037       data     extern C:\MCC18\src\traditional\math\temparg.asm
                 __TEMPB0   0x000037       data     extern C:\MCC18\src\traditional\math\temparg.asm
                 __TEMPB1   0x000036       data     extern C:\MCC18\src\traditional\math\temparg.asm
                 __TEMPB2   0x000035       data     extern C:\MCC18\src\traditional\math\temparg.asm
                 __TEMPB3   0x000034       data     extern C:\MCC18\src\traditional\math\temparg.asm
                  __tmp_0   0x000000       data     static C:\MCC18\src\pmc_common\EEP\write_B.c
                  __tmp_0   0x000000       data     static C:\MCC18\src\pmc_common\EEP\read_B.c
                  __tmp_0   0x000000       data     static C:\Microchip Solutions\UBW Emulator\UBW Emulator\user.c
                  __tmp_0   0x000000       data     static C:\Microchip Solutions\UBW Emulator\UBW Emulator\UBW-I2C.c
                  __tmp_0   0x000000       data     static C:\Microchip Solutions\Microchip\Usb\usb_device.c
                abpf_flag   0x00010d       data     extern C:\Microchip Solutions\UBW Emulator\UBW Emulator\user.c
                 avr_freq   0x0001a1       data     extern C:\Microchip Solutions\UBW Emulator\UBW Emulator\user.c
         blinkStatusValid   0x0001eb       data     extern C:\Microchip Solutions\UBW Emulator\UBW Emulator\user.c
                  command   0x000102       data     extern C:\Microchip Solutions\UBW Emulator\UBW Emulator\user.c
           command_buffer   0x00010e       data     extern C:\Microchip Solutions\UBW Emulator\UBW Emulator\user.c
            command_count   0x0001a0       data     extern C:\Microchip Solutions\UBW Emulator\UBW Emulator\user.c
     controlTransferState   0x0000c8       data     extern C:\Microchip Solutions\Microchip\Usb\usb_device.c
                  counter   0x0001b9       data     extern C:\Microchip Solutions\UBW Emulator\UBW Emulator\user.c
                curr_byte   0x0001e2       data     static C:\MCC18\src\traditional\startup\c018i.c
               curr_entry   0x0001e4       data     static C:\MCC18\src\traditional\startup\c018i.c
       current_command_in   0x00019e       data     extern C:\Microchip Solutions\UBW Emulator\UBW Emulator\user.c
      current_command_out   0x00019f       data     extern C:\Microchip Solutions\UBW Emulator\UBW Emulator\user.c
                 data_ptr   0x0001e6       data     static C:\MCC18\src\traditional\startup\c018i.c
              delay_count   0x0001ee       data     static C:\Microchip Solutions\UBW Emulator\UBW Emulator\main.c
              delta_rfreq   0x0001ba       data     extern C:\Microchip Solutions\UBW Emulator\UBW Emulator\user.c
                    f_mul   0x0001d6       data     extern C:\Microchip Solutions\UBW Emulator\UBW Emulator\user.c
                    f_sub   0x0001da       data     extern C:\Microchip Solutions\UBW Emulator\UBW Emulator\user.c
            fcryst_double   0x0001c6       data     extern C:\Microchip Solutions\UBW Emulator\UBW Emulator\user.c
              fcryst_freq   0x0001a5       data     extern C:\Microchip Solutions\UBW Emulator\UBW Emulator\user.c
                  i2c_adr   0x000101       data     extern C:\Microchip Solutions\UBW Emulator\UBW Emulator\user.c
                  inPipes   0x0000c9       data     extern C:\Microchip Solutions\Microchip\Usb\usb_device.c
                led_count   0x0001ec       data     static C:\Microchip Solutions\UBW Emulator\UBW Emulator\user.c
                   old_SW   0x000100       data     extern C:\Microchip Solutions\UBW Emulator\UBW Emulator\user.c
                 outPipes   0x0000ce       data     extern C:\Microchip Solutions\Microchip\Usb\usb_device.c
   pBDTEntryEP0OutCurrent   0x0000bb       data     extern C:\Microchip Solutions\Microchip\Usb\usb_device.c
      pBDTEntryEP0OutNext   0x0000bd       data     extern C:\Microchip Solutions\Microchip\Usb\usb_device.c
              pBDTEntryIn   0x0000c3       data     extern C:\Microchip Solutions\Microchip\Usb\usb_device.c
             pBDTEntryOut   0x0000bf       data     extern C:\Microchip Solutions\Microchip\Usb\usb_device.c
                     pDst   0x0000d5       data     extern C:\Microchip Solutions\Microchip\Usb\usb_device.c
                     prom   0x0001df       data     static C:\MCC18\src\traditional\startup\c018i.c
                registers   0x0001ab       data     extern C:\Microchip Solutions\UBW Emulator\UBW Emulator\user.c
                 replybuf   0x000103       data     extern C:\Microchip Solutions\UBW Emulator\UBW Emulator\user.c
                    rfreq   0x0001be       data     extern C:\Microchip Solutions\UBW Emulator\UBW Emulator\user.c
            set_frequency   0x0001d2       data     extern C:\Microchip Solutions\UBW Emulator\UBW Emulator\user.c
        shortPacketStatus   0x0000c7       data     extern C:\Microchip Solutions\Microchip\Usb\usb_device.c
                  tempBuf   0x0001b1       data     extern C:\Microchip Solutions\UBW Emulator\UBW Emulator\user.c
               validCombo   0x0001de       data     extern C:\Microchip Solutions\UBW Emulator\UBW Emulator\user.c
                   wCount   0x00010b       data     extern C:\Microchip Solutions\UBW Emulator\UBW Emulator\user.c



                              Symbols - Sorted by Address
                     Name    Address   Location    Storage File                     
                ---------  ---------  ---------  --------- ---------                
                   _entry   0x000000    program     extern C:\MCC18\src\traditional\startup\c018i.c
       ___return_lbl00000   0x000004    program     static                          
                 High_ISR   0x000008    program     extern C:\Microchip Solutions\UBW Emulator\UBW Emulator\main.c
       ___return_lbl00003   0x00000c    program     static                          
                  Low_ISR   0x000018    program     extern C:\Microchip Solutions\UBW Emulator\UBW Emulator\main.c
       ___return_lbl00004   0x00001c    program     static                          
                   _reset   0x000800    program     extern C:\Microchip Solutions\UBW Emulator\UBW Emulator\main.c
       ___return_lbl00000   0x000804    program     static                          
        Remapped_High_ISR   0x000808    program     extern C:\Microchip Solutions\UBW Emulator\UBW Emulator\main.c
       ___return_lbl00001   0x00080c    program     static                          
         Remapped_Low_ISR   0x000818    program     extern C:\Microchip Solutions\UBW Emulator\UBW Emulator\main.c
       ___return_lbl00002   0x00081c    program     static                          
             Cross2Switch   0x000838    program     extern C:\Microchip Solutions\UBW Emulator\UBW Emulator\user.c
             Switch2Cross   0x00096e    program     extern C:\Microchip Solutions\UBW Emulator\UBW Emulator\user.c
                 UserInit   0x000ab8    program     extern C:\Microchip Solutions\UBW Emulator\UBW Emulator\user.c
                ProcessIO   0x0011a4    program     extern C:\Microchip Solutions\UBW Emulator\UBW Emulator\user.c
          ServiceRequests   0x0011fc    program     extern C:\Microchip Solutions\UBW Emulator\UBW Emulator\user.c
           BlinkUSBStatus   0x00127e    program     extern C:\Microchip Solutions\UBW Emulator\UBW Emulator\user.c
          SwitchIsPressed   0x00130e    program     extern C:\Microchip Solutions\UBW Emulator\UBW Emulator\user.c
              Reset_Si570   0x001334    program     extern C:\Microchip Solutions\UBW Emulator\UBW Emulator\user.c
                 ReadRegs   0x00136a    program     extern C:\Microchip Solutions\UBW Emulator\UBW Emulator\user.c
                   Freeze   0x001416    program     extern C:\Microchip Solutions\UBW Emulator\UBW Emulator\user.c
                 Unfreeze   0x001436    program     extern C:\Microchip Solutions\UBW Emulator\UBW Emulator\user.c
                  WriteBk   0x001458    program     extern C:\Microchip Solutions\UBW Emulator\UBW Emulator\user.c
                  Prep_rd   0x001498    program     extern C:\Microchip Solutions\UBW Emulator\UBW Emulator\user.c
                     NewF   0x0014e6    program     extern C:\Microchip Solutions\UBW Emulator\UBW Emulator\user.c
              RunFreqProg   0x00153e    program     extern C:\Microchip Solutions\UBW Emulator\UBW Emulator\user.c
               SetNewFreq   0x001aa6    program     extern C:\Microchip Solutions\UBW Emulator\UBW Emulator\user.c
       Freq_From_Register   0x001d5e    program     extern C:\Microchip Solutions\UBW Emulator\UBW Emulator\user.c
                  Set_BPF   0x002170    program     extern C:\Microchip Solutions\UBW Emulator\UBW Emulator\user.c
                  Set_LPF   0x002256    program     extern C:\Microchip Solutions\UBW Emulator\UBW Emulator\user.c
             SetFrequency   0x00249e    program     extern C:\Microchip Solutions\UBW Emulator\UBW Emulator\user.c
         Set_Freq_Handler   0x0025f2    program     extern C:\Microchip Solutions\UBW Emulator\UBW Emulator\user.c
     Set_Register_Handler   0x0026ea    program     extern C:\Microchip Solutions\UBW Emulator\UBW Emulator\user.c
          Set_Cal_Handler   0x0027bc    program     extern C:\Microchip Solutions\UBW Emulator\UBW Emulator\user.c
    Set_Init_Freq_Handler   0x00293c    program     extern C:\Microchip Solutions\UBW Emulator\UBW Emulator\user.c
      Set_Sub_Mul_Handler   0x002a14    program     extern C:\Microchip Solutions\UBW Emulator\UBW Emulator\user.c
              __tmplbl_17   0x003284    program     static                          
       Set_Smooth_Handler   0x003298    program     extern C:\Microchip Solutions\UBW Emulator\UBW Emulator\user.c
            USBDeviceInit   0x00340c    program     extern C:\Microchip Solutions\Microchip\Usb\usb_device.c
           USBDeviceTasks   0x0034a8    program     extern C:\Microchip Solutions\Microchip\Usb\usb_device.c
          USBStallHandler   0x00361e    program     extern C:\Microchip Solutions\Microchip\Usb\usb_device.c
               USBSuspend   0x003650    program     extern C:\Microchip Solutions\Microchip\Usb\usb_device.c
       USBWakeFromSuspend   0x003674    program     extern C:\Microchip Solutions\Microchip\Usb\usb_device.c
         USBCtrlEPService   0x00369e    program     extern C:\Microchip Solutions\Microchip\Usb\usb_device.c
   USBCtrlTrfSetupHandler   0x003778    program     extern C:\Microchip Solutions\Microchip\Usb\usb_device.c
     USBCtrlTrfOutHandler   0x0037be    program     extern C:\Microchip Solutions\Microchip\Usb\usb_device.c
      USBCtrlTrfInHandler   0x00380a    program     extern C:\Microchip Solutions\Microchip\Usb\usb_device.c
USBPrepareForNextSetupTrf   0x0038a4    program     extern C:\Microchip Solutions\Microchip\Usb\usb_device.c
       USBCheckStdRequest   0x00390a    program     extern C:\Microchip Solutions\Microchip\Usb\usb_device.c
  USBStdFeatureReqHandler   0x0039d2    program     extern C:\Microchip Solutions\Microchip\Usb\usb_device.c
      USBStdGetDscHandler   0x003aec    program     extern C:\Microchip Solutions\Microchip\Usb\usb_device.c
   USBStdGetStatusHandler   0x003ba0    program     extern C:\Microchip Solutions\Microchip\Usb\usb_device.c
 USBCtrlEPServiceComplete   0x003c62    program     extern C:\Microchip Solutions\Microchip\Usb\usb_device.c
      USBCtrlTrfTxService   0x003e0c    program     extern C:\Microchip Solutions\Microchip\Usb\usb_device.c
      USBCtrlTrfRxService   0x003f22    program     extern C:\Microchip Solutions\Microchip\Usb\usb_device.c
      USBStdSetCfgHandler   0x00405e    program     extern C:\Microchip Solutions\Microchip\Usb\usb_device.c
     USBConfigureEndpoint   0x0040d0    program     extern C:\Microchip Solutions\Microchip\Usb\usb_device.c
        USBEnableEndpoint   0x0041a4    program     extern C:\Microchip Solutions\Microchip\Usb\usb_device.c
         USBStallEndpoint   0x004210    program     extern C:\Microchip Solutions\Microchip\Usb\usb_device.c
     USBTransferOnePacket   0x0042f0    program     extern C:\Microchip Solutions\Microchip\Usb\usb_device.c
              USBCancelIO   0x0043e2    program     extern C:\Microchip Solutions\Microchip\Usb\usb_device.c
       USBCheckUBWRequest   0x004492    program     extern C:\Microchip Solutions\UBW Emulator\UBW Emulator\UBW-I2C.c
               __tmplbl_6   0x004cea    program     static                          
               __tmplbl_5   0x004d72    program     static                          
               __tmplbl_4   0x004d86    program     static                          
               __tmplbl_3   0x004da2    program     static                          
               __tmplbl_2   0x004dba    program     static                          
               __tmplbl_1   0x004e54    program     static                          
              __tmplbl_16   0x004e72    program     static                          
               __tmplbl_0   0x004e72    program     static                          
              __tmplbl_28   0x004e72    program     static                          
              __tmplbl_20   0x004e72    program     static                          
              __tmplbl_25   0x004e72    program     static                          
              __tmplbl_24   0x004e72    program     static                          
              __tmplbl_23   0x004e72    program     static                          
 Read_Command_Into_Buffer   0x004e86    program     extern C:\Microchip Solutions\UBW Emulator\UBW Emulator\UBW-I2C.c
                 FLO0832U   0x004ee6    program     extern C:\MCC18\src\traditional\math\cast08FP.asm
                 FLO0832S   0x004eea    program     extern C:\MCC18\src\traditional\math\cast08FP.asm
                jI2F08Beg   0x004ef4    program     static C:\MCC18\src\traditional\math\cast08FP.asm
                 FLO1632U   0x004f08    program     extern C:\MCC18\src\traditional\math\cast16FP.asm
                 FLO1632S   0x004f0c    program     extern C:\MCC18\src\traditional\math\cast16FP.asm
                jI2F16Beg   0x004f1c    program     static C:\MCC18\src\traditional\math\cast16FP.asm
                 FLO3232U   0x004f32    program     extern C:\MCC18\src\traditional\math\cast32FP.asm
                 FLO3232S   0x004f36    program     extern C:\MCC18\src\traditional\math\cast32FP.asm
                jI2F32Beg   0x004f4e    program     static C:\MCC18\src\traditional\math\cast32FP.asm
                    FPS32   0x004f68    program     extern C:\MCC18\src\traditional\math\addFP.asm
                    FPA32   0x004f6a    program     extern C:\MCC18\src\traditional\math\addFP.asm
                jBANotInf   0x004f88    program     static C:\MCC18\src\traditional\math\addFP.asm
                 jANotInf   0x004f92    program     static C:\MCC18\src\traditional\math\addFP.asm
                 jBNotInf   0x004fa0    program     static C:\MCC18\src\traditional\math\addFP.asm
            jDifOrPosSign   0x004fb4    program     static C:\MCC18\src\traditional\math\addFP.asm
             jNotBothZero   0x004fb8    program     static C:\MCC18\src\traditional\math\addFP.asm
                 jAltBexp   0x004fe4    program     static C:\MCC18\src\traditional\math\addFP.asm
              jAandWsetup   0x004ff6    program     static C:\MCC18\src\traditional\math\addFP.asm
                 jANotNeg   0x005026    program     static C:\MCC18\src\traditional\math\addFP.asm
                 jWNotNeg   0x00503a    program     static C:\MCC18\src\traditional\math\addFP.asm
               jShiftLoop   0x005040    program     static C:\MCC18\src\traditional\math\addFP.asm
               jShiftDone   0x00504e    program     static C:\MCC18\src\traditional\math\addFP.asm
                jSignDone   0x00507e    program     static C:\MCC18\src\traditional\math\addFP.asm
               jFinalSign   0x00508e    program     static C:\MCC18\src\traditional\math\addFP.asm
                    FPD32   0x005096    program     extern C:\MCC18\src\traditional\math\divFP.asm
                 jANotInf   0x0050b4    program     static C:\MCC18\src\traditional\math\divFP.asm
              jSignedZero   0x0050be    program     static C:\MCC18\src\traditional\math\divFP.asm
                jANotZero   0x0050c8    program     static C:\MCC18\src\traditional\math\divFP.asm
                    jLoop   0x0050f0    program     static C:\MCC18\src\traditional\math\divFP.asm
                jNoAdjust   0x005114    program     static C:\MCC18\src\traditional\math\divFP.asm
                    jNext   0x005116    program     static C:\MCC18\src\traditional\math\divFP.asm
                    FPM32   0x00513c    program     extern C:\MCC18\src\traditional\math\mulFP.asm
                 jANotInf   0x00515a    program     static C:\MCC18\src\traditional\math\mulFP.asm
              jBothFinite   0x005168    program     static C:\MCC18\src\traditional\math\mulFP.asm
                jHaveZero   0x005170    program     static C:\MCC18\src\traditional\math\mulFP.asm
             jBothNotZero   0x005174    program     static C:\MCC18\src\traditional\math\mulFP.asm
                 FXM1616U   0x005216    program     extern C:\MCC18\src\traditional\math\fxm1616u.asm
                  INT3216   0x005252    program     extern C:\MCC18\src\traditional\math\castFP16.asm
                     jMax   0x005262    program     static C:\MCC18\src\traditional\math\castFP16.asm
                  jMaxPos   0x005266    program     static C:\MCC18\src\traditional\math\castFP16.asm
                  jMaxNeg   0x005270    program     static C:\MCC18\src\traditional\math\castFP16.asm
                    jZero   0x005278    program     static C:\MCC18\src\traditional\math\castFP16.asm
                  jNotInf   0x00527e    program     static C:\MCC18\src\traditional\math\castFP16.asm
                    jLoop   0x00528e    program     static C:\MCC18\src\traditional\math\castFP16.asm
                jLoopExit   0x00529e    program     static C:\MCC18\src\traditional\math\castFP16.asm
                    jExit   0x0052ae    program     static C:\MCC18\src\traditional\math\castFP16.asm
                  INT3232   0x0052b0    program     extern C:\MCC18\src\traditional\math\castFP32.asm
                     jMax   0x0052c0    program     static C:\MCC18\src\traditional\math\castFP32.asm
                  jMaxPos   0x0052c4    program     static C:\MCC18\src\traditional\math\castFP32.asm
                   jWr123   0x0052ca    program     static C:\MCC18\src\traditional\math\castFP32.asm
                  jMaxNeg   0x0052d2    program     static C:\MCC18\src\traditional\math\castFP32.asm
                    jZero   0x0052d8    program     static C:\MCC18\src\traditional\math\castFP32.asm
                  jWrZ123   0x0052da    program     static C:\MCC18\src\traditional\math\castFP32.asm
                  jNotInf   0x0052de    program     static C:\MCC18\src\traditional\math\castFP32.asm
[...]
                 UEP5bits   0x000f75       data     extern C:\MCC18\src\traditional\proc\p18F2550.asm
                     UEP5   0x000f75       data     extern C:\MCC18\src\traditional\proc\p18F2550.asm
                 UEP6bits   0x000f76       data     extern C:\MCC18\src\traditional\proc\p18F2550.asm
                     UEP6   0x000f76       data     extern C:\MCC18\src\traditional\proc\p18F2550.asm
                     UEP7   0x000f77       data     extern C:\MCC18\src\traditional\proc\p18F2550.asm
                 UEP7bits   0x000f77       data     extern C:\MCC18\src\traditional\proc\p18F2550.asm
                     UEP8   0x000f78       data     extern C:\MCC18\src\traditional\proc\p18F2550.asm
                 UEP8bits   0x000f78       data     extern C:\MCC18\src\traditional\proc\p18F2550.asm
                     UEP9   0x000f79       data     extern C:\MCC18\src\traditional\proc\p18F2550.asm
                 UEP9bits   0x000f79       data     extern C:\MCC18\src\traditional\proc\p18F2550.asm
                    UEP10   0x000f7a       data     extern C:\MCC18\src\traditional\proc\p18F2550.asm
                UEP10bits   0x000f7a       data     extern C:\MCC18\src\traditional\proc\p18F2550.asm
                UEP11bits   0x000f7b       data     extern C:\MCC18\src\traditional\proc\p18F2550.asm
                    UEP11   0x000f7b       data     extern C:\MCC18\src\traditional\proc\p18F2550.asm
                UEP12bits   0x000f7c       data     extern C:\MCC18\src\traditional\proc\p18F2550.asm
                    UEP12   0x000f7c       data     extern C:\MCC18\src\traditional\proc\p18F2550.asm
                    UEP13   0x000f7d       data     extern C:\MCC18\src\traditional\proc\p18F2550.asm
                UEP13bits   0x000f7d       data     extern C:\MCC18\src\traditional\proc\p18F2550.asm
                UEP14bits   0x000f7e       data     extern C:\MCC18\src\traditional\proc\p18F2550.asm
                    UEP14   0x000f7e       data     extern C:\MCC18\src\traditional\proc\p18F2550.asm
                UEP15bits   0x000f7f       data     extern C:\MCC18\src\traditional\proc\p18F2550.asm
                    UEP15   0x000f7f       data     extern C:\MCC18\src\traditional\proc\p18F2550.asm
                    PORTA   0x000f80       data     extern C:\MCC18\src\traditional\proc\p18F2550.asm
                PORTAbits   0x000f80       data     extern C:\MCC18\src\traditional\proc\p18F2550.asm
                    PORTB   0x000f81       data     extern C:\MCC18\src\traditional\proc\p18F2550.asm
                PORTBbits   0x000f81       data     extern C:\MCC18\src\traditional\proc\p18F2550.asm
                    PORTC   0x000f82       data     extern C:\MCC18\src\traditional\proc\p18F2550.asm
                PORTCbits   0x000f82       data     extern C:\MCC18\src\traditional\proc\p18F2550.asm
                PORTEbits   0x000f84       data     extern C:\MCC18\src\traditional\proc\p18F2550.asm
                    PORTE   0x000f84       data     extern C:\MCC18\src\traditional\proc\p18F2550.asm
                     LATA   0x000f89       data     extern C:\MCC18\src\traditional\proc\p18F2550.asm
                 LATAbits   0x000f89       data     extern C:\MCC18\src\traditional\proc\p18F2550.asm
                     LATB   0x000f8a       data     extern C:\MCC18\src\traditional\proc\p18F2550.asm
                 LATBbits   0x000f8a       data     extern C:\MCC18\src\traditional\proc\p18F2550.asm
                     LATC   0x000f8b       data     extern C:\MCC18\src\traditional\proc\p18F2550.asm
                 LATCbits   0x000f8b       data     extern C:\MCC18\src\traditional\proc\p18F2550.asm
                     DDRA   0x000f92       data     extern C:\MCC18\src\traditional\proc\p18F2550.asm
                 DDRAbits   0x000f92       data     extern C:\MCC18\src\traditional\proc\p18F2550.asm
                TRISAbits   0x000f92       data     extern C:\MCC18\src\traditional\proc\p18F2550.asm
                    TRISA   0x000f92       data     extern C:\MCC18\src\traditional\proc\p18F2550.asm
                    TRISB   0x000f93       data     extern C:\MCC18\src\traditional\proc\p18F2550.asm
                TRISBbits   0x000f93       data     extern C:\MCC18\src\traditional\proc\p18F2550.asm
                 DDRBbits   0x000f93       data     extern C:\MCC18\src\traditional\proc\p18F2550.asm
                     DDRB   0x000f93       data     extern C:\MCC18\src\traditional\proc\p18F2550.asm
                    TRISC   0x000f94       data     extern C:\MCC18\src\traditional\proc\p18F2550.asm
                TRISCbits   0x000f94       data     extern C:\MCC18\src\traditional\proc\p18F2550.asm
                 DDRCbits   0x000f94       data     extern C:\MCC18\src\traditional\proc\p18F2550.asm
                     DDRC   0x000f94       data     extern C:\MCC18\src\traditional\proc\p18F2550.asm
                  OSCTUNE   0x000f9b       data     extern C:\MCC18\src\traditional\proc\p18F2550.asm
              OSCTUNEbits   0x000f9b       data     extern C:\MCC18\src\traditional\proc\p18F2550.asm
                     PIE1   0x000f9d       data     extern C:\MCC18\src\traditional\proc\p18F2550.asm
                 PIE1bits   0x000f9d       data     extern C:\MCC18\src\traditional\proc\p18F2550.asm
                     PIR1   0x000f9e       data     extern C:\MCC18\src\traditional\proc\p18F2550.asm
                 PIR1bits   0x000f9e       data     extern C:\MCC18\src\traditional\proc\p18F2550.asm
                     IPR1   0x000f9f       data     extern C:\MCC18\src\traditional\proc\p18F2550.asm
                 IPR1bits   0x000f9f       data     extern C:\MCC18\src\traditional\proc\p18F2550.asm
                     PIE2   0x000fa0       data     extern C:\MCC18\src\traditional\proc\p18F2550.asm
                 PIE2bits   0x000fa0       data     extern C:\MCC18\src\traditional\proc\p18F2550.asm
                 PIR2bits   0x000fa1       data     extern C:\MCC18\src\traditional\proc\p18F2550.asm
                     PIR2   0x000fa1       data     extern C:\MCC18\src\traditional\proc\p18F2550.asm
                 IPR2bits   0x000fa2       data     extern C:\MCC18\src\traditional\proc\p18F2550.asm
                     IPR2   0x000fa2       data     extern C:\MCC18\src\traditional\proc\p18F2550.asm
               EECON1bits   0x000fa6       data     extern C:\MCC18\src\traditional\proc\p18F2550.asm
                   EECON1   0x000fa6       data     extern C:\MCC18\src\traditional\proc\p18F2550.asm
                   EECON2   0x000fa7       data     extern C:\MCC18\src\traditional\proc\p18F2550.asm
                   EEDATA   0x000fa8       data     extern C:\MCC18\src\traditional\proc\p18F2550.asm
                    EEADR   0x000fa9       data     extern C:\MCC18\src\traditional\proc\p18F2550.asm
                    RCSTA   0x000fab       data     extern C:\MCC18\src\traditional\proc\p18F2550.asm
                RCSTAbits   0x000fab       data     extern C:\MCC18\src\traditional\proc\p18F2550.asm
                    TXSTA   0x000fac       data     extern C:\MCC18\src\traditional\proc\p18F2550.asm
                TXSTAbits   0x000fac       data     extern C:\MCC18\src\traditional\proc\p18F2550.asm
                    TXREG   0x000fad       data     extern C:\MCC18\src\traditional\proc\p18F2550.asm
                    RCREG   0x000fae       data     extern C:\MCC18\src\traditional\proc\p18F2550.asm
                    SPBRG   0x000faf       data     extern C:\MCC18\src\traditional\proc\p18F2550.asm
                   SPBRGH   0x000fb0       data     extern C:\MCC18\src\traditional\proc\p18F2550.asm
                T3CONbits   0x000fb1       data     extern C:\MCC18\src\traditional\proc\p18F2550.asm
                    T3CON   0x000fb1       data     extern C:\MCC18\src\traditional\proc\p18F2550.asm
                    TMR3L   0x000fb2       data     extern C:\MCC18\src\traditional\proc\p18F2550.asm
                    TMR3H   0x000fb3       data     extern C:\MCC18\src\traditional\proc\p18F2550.asm
                    CMCON   0x000fb4       data     extern C:\MCC18\src\traditional\proc\p18F2550.asm
                CMCONbits   0x000fb4       data     extern C:\MCC18\src\traditional\proc\p18F2550.asm
                   CVRCON   0x000fb5       data     extern C:\MCC18\src\traditional\proc\p18F2550.asm
               CVRCONbits   0x000fb5       data     extern C:\MCC18\src\traditional\proc\p18F2550.asm
                  ECCP1AS   0x000fb6       data     extern C:\MCC18\src\traditional\proc\p18F2550.asm
              ECCP1ASbits   0x000fb6       data     extern C:\MCC18\src\traditional\proc\p18F2550.asm
               CCP1ASbits   0x000fb6       data     extern C:\MCC18\src\traditional\proc\p18F2550.asm
                   CCP1AS   0x000fb6       data     extern C:\MCC18\src\traditional\proc\p18F2550.asm
                  CCP1DEL   0x000fb7       data     extern C:\MCC18\src\traditional\proc\p18F2550.asm
              CCP1DELbits   0x000fb7       data     extern C:\MCC18\src\traditional\proc\p18F2550.asm
                 ECCP1DEL   0x000fb7       data     extern C:\MCC18\src\traditional\proc\p18F2550.asm
             ECCP1DELbits   0x000fb7       data     extern C:\MCC18\src\traditional\proc\p18F2550.asm
                  BAUDCON   0x000fb8       data     extern C:\MCC18\src\traditional\proc\p18F2550.asm
              BAUDCONbits   0x000fb8       data     extern C:\MCC18\src\traditional\proc\p18F2550.asm
              CCP2CONbits   0x000fba       data     extern C:\MCC18\src\traditional\proc\p18F2550.asm
                  CCP2CON   0x000fba       data     extern C:\MCC18\src\traditional\proc\p18F2550.asm
                    CCPR2   0x000fbb       data     extern C:\MCC18\src\traditional\proc\p18F2550.asm
                   CCPR2L   0x000fbb       data     extern C:\MCC18\src\traditional\proc\p18F2550.asm
                   CCPR2H   0x000fbc       data     extern C:\MCC18\src\traditional\proc\p18F2550.asm
              CCP1CONbits   0x000fbd       data     extern C:\MCC18\src\traditional\proc\p18F2550.asm
                  CCP1CON   0x000fbd       data     extern C:\MCC18\src\traditional\proc\p18F2550.asm
                   CCPR1L   0x000fbe       data     extern C:\MCC18\src\traditional\proc\p18F2550.asm
                    CCPR1   0x000fbe       data     extern C:\MCC18\src\traditional\proc\p18F2550.asm
                   CCPR1H   0x000fbf       data     extern C:\MCC18\src\traditional\proc\p18F2550.asm
                   ADCON2   0x000fc0       data     extern C:\MCC18\src\traditional\proc\p18F2550.asm
               ADCON2bits   0x000fc0       data     extern C:\MCC18\src\traditional\proc\p18F2550.asm
               ADCON1bits   0x000fc1       data     extern C:\MCC18\src\traditional\proc\p18F2550.asm
                   ADCON1   0x000fc1       data     extern C:\MCC18\src\traditional\proc\p18F2550.asm
                   ADCON0   0x000fc2       data     extern C:\MCC18\src\traditional\proc\p18F2550.asm
               ADCON0bits   0x000fc2       data     extern C:\MCC18\src\traditional\proc\p18F2550.asm
                   ADRESL   0x000fc3       data     extern C:\MCC18\src\traditional\proc\p18F2550.asm
                    ADRES   0x000fc3       data     extern C:\MCC18\src\traditional\proc\p18F2550.asm
                   ADRESH   0x000fc4       data     extern C:\MCC18\src\traditional\proc\p18F2550.asm
              SSPCON2bits   0x000fc5       data     extern C:\MCC18\src\traditional\proc\p18F2550.asm
                  SSPCON2   0x000fc5       data     extern C:\MCC18\src\traditional\proc\p18F2550.asm
              SSPCON1bits   0x000fc6       data     extern C:\MCC18\src\traditional\proc\p18F2550.asm
                  SSPCON1   0x000fc6       data     extern C:\MCC18\src\traditional\proc\p18F2550.asm
                  SSPSTAT   0x000fc7       data     extern C:\MCC18\src\traditional\proc\p18F2550.asm
              SSPSTATbits   0x000fc7       data     extern C:\MCC18\src\traditional\proc\p18F2550.asm
                   SSPADD   0x000fc8       data     extern C:\MCC18\src\traditional\proc\p18F2550.asm
                   SSPBUF   0x000fc9       data     extern C:\MCC18\src\traditional\proc\p18F2550.asm
                T2CONbits   0x000fca       data     extern C:\MCC18\src\traditional\proc\p18F2550.asm
                    T2CON   0x000fca       data     extern C:\MCC18\src\traditional\proc\p18F2550.asm
                      PR2   0x000fcb       data     extern C:\MCC18\src\traditional\proc\p18F2550.asm
                     TMR2   0x000fcc       data     extern C:\MCC18\src\traditional\proc\p18F2550.asm
                    T1CON   0x000fcd       data     extern C:\MCC18\src\traditional\proc\p18F2550.asm
                T1CONbits   0x000fcd       data     extern C:\MCC18\src\traditional\proc\p18F2550.asm
                    TMR1L   0x000fce       data     extern C:\MCC18\src\traditional\proc\p18F2550.asm
                    TMR1H   0x000fcf       data     extern C:\MCC18\src\traditional\proc\p18F2550.asm
                     RCON   0x000fd0       data     extern C:\MCC18\src\traditional\proc\p18F2550.asm
                 RCONbits   0x000fd0       data     extern C:\MCC18\src\traditional\proc\p18F2550.asm
               WDTCONbits   0x000fd1       data     extern C:\MCC18\src\traditional\proc\p18F2550.asm
                   WDTCON   0x000fd1       data     extern C:\MCC18\src\traditional\proc\p18F2550.asm
                  HLVDCON   0x000fd2       data     extern C:\MCC18\src\traditional\proc\p18F2550.asm
              HLVDCONbits   0x000fd2       data     extern C:\MCC18\src\traditional\proc\p18F2550.asm
                   LVDCON   0x000fd2       data     extern C:\MCC18\src\traditional\proc\p18F2550.asm
               LVDCONbits   0x000fd2       data     extern C:\MCC18\src\traditional\proc\p18F2550.asm
               OSCCONbits   0x000fd3       data     extern C:\MCC18\src\traditional\proc\p18F2550.asm
                   OSCCON   0x000fd3       data     extern C:\MCC18\src\traditional\proc\p18F2550.asm
                T0CONbits   0x000fd5       data     extern C:\MCC18\src\traditional\proc\p18F2550.asm
                    T0CON   0x000fd5       data     extern C:\MCC18\src\traditional\proc\p18F2550.asm
                    TMR0L   0x000fd6       data     extern C:\MCC18\src\traditional\proc\p18F2550.asm
                    TMR0H   0x000fd7       data     extern C:\MCC18\src\traditional\proc\p18F2550.asm
               STATUSbits   0x000fd8       data     extern C:\MCC18\src\traditional\proc\p18F2550.asm
                   STATUS   0x000fd8       data     extern C:\MCC18\src\traditional\proc\p18F2550.asm
                     FSR2   0x000fd9       data     extern C:\MCC18\src\traditional\proc\p18F2550.asm
                    FSR2L   0x000fd9       data     extern C:\MCC18\src\traditional\proc\p18F2550.asm
                    FSR2H   0x000fda       data     extern C:\MCC18\src\traditional\proc\p18F2550.asm
                   PLUSW2   0x000fdb       data     extern C:\MCC18\src\traditional\proc\p18F2550.asm
                  PREINC2   0x000fdc       data     extern C:\MCC18\src\traditional\proc\p18F2550.asm
                 POSTDEC2   0x000fdd       data     extern C:\MCC18\src\traditional\proc\p18F2550.asm
                 POSTINC2   0x000fde       data     extern C:\MCC18\src\traditional\proc\p18F2550.asm
                    INDF2   0x000fdf       data     extern C:\MCC18\src\traditional\proc\p18F2550.asm
                      BSR   0x000fe0       data     extern C:\MCC18\src\traditional\proc\p18F2550.asm
                    FSR1L   0x000fe1       data     extern C:\MCC18\src\traditional\proc\p18F2550.asm
                     FSR1   0x000fe1       data     extern C:\MCC18\src\traditional\proc\p18F2550.asm
                    FSR1H   0x000fe2       data     extern C:\MCC18\src\traditional\proc\p18F2550.asm
                   PLUSW1   0x000fe3       data     extern C:\MCC18\src\traditional\proc\p18F2550.asm
                  PREINC1   0x000fe4       data     extern C:\MCC18\src\traditional\proc\p18F2550.asm
                 POSTDEC1   0x000fe5       data     extern C:\MCC18\src\traditional\proc\p18F2550.asm
                 POSTINC1   0x000fe6       data     extern C:\MCC18\src\traditional\proc\p18F2550.asm
                    INDF1   0x000fe7       data     extern C:\MCC18\src\traditional\proc\p18F2550.asm
                     WREG   0x000fe8       data     extern C:\MCC18\src\traditional\proc\p18F2550.asm
                     FSR0   0x000fe9       data     extern C:\MCC18\src\traditional\proc\p18F2550.asm
                    FSR0L   0x000fe9       data     extern C:\MCC18\src\traditional\proc\p18F2550.asm
                    FSR0H   0x000fea       data     extern C:\MCC18\src\traditional\proc\p18F2550.asm
                   PLUSW0   0x000feb       data     extern C:\MCC18\src\traditional\proc\p18F2550.asm
                  PREINC0   0x000fec       data     extern C:\MCC18\src\traditional\proc\p18F2550.asm
                 POSTDEC0   0x000fed       data     extern C:\MCC18\src\traditional\proc\p18F2550.asm
                 POSTINC0   0x000fee       data     extern C:\MCC18\src\traditional\proc\p18F2550.asm
                    INDF0   0x000fef       data     extern C:\MCC18\src\traditional\proc\p18F2550.asm
              INTCON3bits   0x000ff0       data     extern C:\MCC18\src\traditional\proc\p18F2550.asm
                  INTCON3   0x000ff0       data     extern C:\MCC18\src\traditional\proc\p18F2550.asm
                  INTCON2   0x000ff1       data     extern C:\MCC18\src\traditional\proc\p18F2550.asm
              INTCON2bits   0x000ff1       data     extern C:\MCC18\src\traditional\proc\p18F2550.asm
                   INTCON   0x000ff2       data     extern C:\MCC18\src\traditional\proc\p18F2550.asm
               INTCONbits   0x000ff2       data     extern C:\MCC18\src\traditional\proc\p18F2550.asm
                    PRODL   0x000ff3       data     extern C:\MCC18\src\traditional\proc\p18F2550.asm
                     PROD   0x000ff3       data     extern C:\MCC18\src\traditional\proc\p18F2550.asm
                    PRODH   0x000ff4       data     extern C:\MCC18\src\traditional\proc\p18F2550.asm
                   TABLAT   0x000ff5       data     extern C:\MCC18\src\traditional\proc\p18F2550.asm
                  TBLPTRL   0x000ff6       data     extern C:\MCC18\src\traditional\proc\p18F2550.asm
                   TBLPTR   0x000ff6       data     extern C:\MCC18\src\traditional\proc\p18F2550.asm
                  TBLPTRH   0x000ff7       data     extern C:\MCC18\src\traditional\proc\p18F2550.asm
                  TBLPTRU   0x000ff8       data     extern C:\MCC18\src\traditional\proc\p18F2550.asm
                       PC   0x000ff9       data     extern C:\MCC18\src\traditional\proc\p18F2550.asm
                      PCL   0x000ff9       data     extern C:\MCC18\src\traditional\proc\p18F2550.asm
                   PCLATH   0x000ffa       data     extern C:\MCC18\src\traditional\proc\p18F2550.asm
                   PCLATU   0x000ffb       data     extern C:\MCC18\src\traditional\proc\p18F2550.asm
                   STKPTR   0x000ffc       data     extern C:\MCC18\src\traditional\proc\p18F2550.asm
               STKPTRbits   0x000ffc       data     extern C:\MCC18\src\traditional\proc\p18F2550.asm
                      TOS   0x000ffd       data     extern C:\MCC18\src\traditional\proc\p18F2550.asm
                     TOSL   0x000ffd       data     extern C:\MCC18\src\traditional\proc\p18F2550.asm
                     TOSH   0x000ffe       data     extern C:\MCC18\src\traditional\proc\p18F2550.asm
                     TOSU   0x000fff       data     extern C:\MCC18\src\traditional\proc\p18F2550.asm


