Archive member included because of file (symbol)

C:/Program Files/Microchip/MPLAB C32 Suite/bin/../lib/gcc/pic32mx/3.4.4/../../../../pic32mx/lib\libc.a(memset.o)
                              Objects\USB Device - Generic Driver Demo - C32\usb_device.o (memset)
C:/Program Files/Microchip/MPLAB C32 Suite/bin/../lib/gcc/pic32mx/3.4.4/../../../../pic32mx/lib\libc.a(general-exception.o)
                              C:/Program Files/Microchip/MPLAB C32 Suite/bin/../lib/gcc/pic32mx/3.4.4/../../../../pic32mx/lib/crt0.o (_general_exception_context)
C:/Program Files/Microchip/MPLAB C32 Suite/bin/../lib/gcc/pic32mx/3.4.4/../../../../pic32mx/lib\libc.a(exit.o)
                              C:/Program Files/Microchip/MPLAB C32 Suite/bin/../lib/gcc/pic32mx/3.4.4/../../../../pic32mx/lib/crt0.o (exit)
C:/Program Files/Microchip/MPLAB C32 Suite/bin/../lib/gcc/pic32mx/3.4.4/../../../../pic32mx/lib\libc.a(default-general-exception-handler.o)
                              C:/Program Files/Microchip/MPLAB C32 Suite/bin/../lib/gcc/pic32mx/3.4.4/../../../../pic32mx/lib\libc.a(general-exception.o) (_general_exception_handler)
C:/Program Files/Microchip/MPLAB C32 Suite/bin/../lib/gcc/pic32mx/3.4.4/../../../../pic32mx/lib\libc.a(default-bootstrap-exception-handler.o)
                              C:/Program Files/Microchip/MPLAB C32 Suite/bin/../lib/gcc/pic32mx/3.4.4/../../../../pic32mx/lib/crt0.o (_bootstrap_exception_handler)
C:/Program Files/Microchip/MPLAB C32 Suite/bin/../lib/gcc/pic32mx/3.4.4/../../../../pic32mx/lib\libc.a(default-on-reset.o)
                              C:/Program Files/Microchip/MPLAB C32 Suite/bin/../lib/gcc/pic32mx/3.4.4/../../../../pic32mx/lib/crt0.o (_on_reset)
C:/Program Files/Microchip/MPLAB C32 Suite/bin/../lib/gcc/pic32mx/3.4.4/../../../../pic32mx/lib\libc.a(default-on-bootstrap.o)
                              C:/Program Files/Microchip/MPLAB C32 Suite/bin/../lib/gcc/pic32mx/3.4.4/../../../../pic32mx/lib/crt0.o (_on_bootstrap)
C:/Program Files/Microchip/MPLAB C32 Suite/bin/../lib/gcc/pic32mx/3.4.4/../../../../pic32mx/lib\libc.a(default-nmi-handler.o)
                              C:/Program Files/Microchip/MPLAB C32 Suite/bin/../lib/gcc/pic32mx/3.4.4/../../../../pic32mx/lib/crt0.o (_nmi_handler)
C:/Program Files/Microchip/MPLAB C32 Suite/bin/../lib/gcc/pic32mx/3.4.4/../../../../pic32mx/lib\libc.a(_exit.o)
                              C:/Program Files/Microchip/MPLAB C32 Suite/bin/../lib/gcc/pic32mx/3.4.4/../../../../pic32mx/lib\libc.a(exit.o) (_exit)
C:/Program Files/Microchip/MPLAB C32 Suite/bin/../lib/gcc/pic32mx/3.4.4/../../../../pic32mx/lib\libm.a(dp32.o)
                              Objects\USB Device - Generic Driver Demo - C32\user.o (dpsub)
C:/Program Files/Microchip/MPLAB C32 Suite/bin/../lib/gcc/pic32mx/3.4.4/../../../../pic32mx/lib\libm.a(fp32.o)
                              Objects\USB Device - Generic Driver Demo - C32\user.o (fpsub)
C:/Program Files/Microchip/MPLAB C32 Suite/bin/../lib/gcc/pic32mx/3.4.4/../../../../pic32mx/lib\libmchp_peripheral_32MX460F512L.a(nvm_erase_page_lib.o)
                              Objects\USB Device - Generic Driver Demo - C32\dee_emulation_pic32.o (NVMErasePage)
C:/Program Files/Microchip/MPLAB C32 Suite/bin/../lib/gcc/pic32mx/3.4.4/../../../../pic32mx/lib\libmchp_peripheral_32MX460F512L.a(nvm_operation_lib.o)
                              C:/Program Files/Microchip/MPLAB C32 Suite/bin/../lib/gcc/pic32mx/3.4.4/../../../../pic32mx/lib\libmchp_peripheral_32MX460F512L.a(nvm_erase_page_lib.o) (_NVMOperation)
C:/Program Files/Microchip/MPLAB C32 Suite/bin/../lib/gcc/pic32mx/3.4.4/../../../../pic32mx/lib\libmchp_peripheral_32MX460F512L.a(nvm_write_word_lib.o)
                              Objects\USB Device - Generic Driver Demo - C32\dee_emulation_pic32.o (NVMWriteWord)
C:/Program Files/Microchip/MPLAB C32 Suite/bin/../lib/gcc/pic32mx/3.4.4/../../../../pic32mx/lib\libmchp_peripheral_32MX460F512L.a(idle_i2c1_lib_legacy.o)
                              Objects\USB Device - Generic Driver Demo - C32\user.o (IdleI2C1)
C:/Program Files/Microchip/MPLAB C32 Suite/bin/../lib/gcc/pic32mx/3.4.4/../../../../pic32mx/lib\libmchp_peripheral_32MX460F512L.a(master_read_i2c1_lib_legacy.o)
                              Objects\USB Device - Generic Driver Demo - C32\user.o (MasterReadI2C1)
C:/Program Files/Microchip/MPLAB C32 Suite/bin/../lib/gcc/pic32mx/3.4.4/../../../../pic32mx/lib\libmchp_peripheral_32MX460F512L.a(master_write_i2c1_lib_legacy.o)
                              Objects\USB Device - Generic Driver Demo - C32\user.o (MasterWriteI2C1)
C:/Program Files/Microchip/MPLAB C32 Suite/bin/../lib/gcc/pic32mx/3.4.4/../../../../pic32mx/lib\libmchp_peripheral_32MX460F512L.a(int_disable_interrupts_lib.o)
                              C:/Program Files/Microchip/MPLAB C32 Suite/bin/../lib/gcc/pic32mx/3.4.4/../../../../pic32mx/lib\libmchp_peripheral_32MX460F512L.a(nvm_operation_lib.o) (INTDisableInterrupts)
[...]
Memory Configuration

Name             Origin             Length             Attributes
kseg0_program_mem 0x9d006a00         0x0007a600         xr
kseg0_boot_mem   0x9d006490         0x00000970
exception_mem    0x9d005000         0x00001000
kseg1_boot_mem   0x9d006000         0x00000490
debug_exec_mem   0xbfc02000         0x00000ff0
config3          0xbfc02ff0         0x00000004
config2          0xbfc02ff4         0x00000004
config1          0xbfc02ff8         0x00000004
config0          0xbfc02ffc         0x00000004
boot_software_key 0xa0000000         0x00000004
kseg1_data_mem   0xa0000004         0x00007ffc         w !x
sfrs             0xbf800000         0x00100000
*default*        0x00000000         0xffffffff

Linker script and memory map

LOAD C:/Program Files/Microchip/MPLAB C32 Suite/bin/../lib/gcc/pic32mx/3.4.4/../../../../pic32mx/lib/crt0.o
LOAD Objects\USB Device - Generic Driver Demo - C32\usb_descriptors.o
LOAD Objects\USB Device - Generic Driver Demo - C32\usb_device.o
LOAD Objects\USB Device - Generic Driver Demo - C32\user.o
LOAD Objects\USB Device - Generic Driver Demo - C32\main.o
LOAD Objects\USB Device - Generic Driver Demo - C32\UBW-I2C.o
LOAD Objects\USB Device - Generic Driver Demo - C32\dee_emulation_pic32.o
                0x00000001                __MPLAB_BUILD = 0x1
LOAD C:/Program Files/Microchip/MPLAB C32 Suite/bin/../lib/gcc/pic32mx/3.4.4\libgcc.a
START GROUP
LOAD C:/Program Files/Microchip/MPLAB C32 Suite/bin/../lib/gcc/pic32mx/3.4.4/../../../../pic32mx/lib\libdebug.a
LOAD C:/Program Files/Microchip/MPLAB C32 Suite/bin/../lib/gcc/pic32mx/3.4.4/../../../../pic32mx/lib\libc.a
LOAD C:/Program Files/Microchip/MPLAB C32 Suite/bin/../lib/gcc/pic32mx/3.4.4/../../../../pic32mx/lib\libm.a
LOAD C:/Program Files/Microchip/MPLAB C32 Suite/bin/../lib/gcc/pic32mx/3.4.4/../../../../pic32mx/lib\libe.a
LOAD C:/Program Files/Microchip/MPLAB C32 Suite/bin/../lib/gcc/pic32mx/3.4.4/../../../../pic32mx/lib\libdsp.a
LOAD C:/Program Files/Microchip/MPLAB C32 Suite/bin/../lib/gcc/pic32mx/3.4.4/../../../../pic32mx/lib\libmchp_peripheral.a
LOAD C:/Program Files/Microchip/MPLAB C32 Suite/bin/../lib/gcc/pic32mx/3.4.4/../../../../pic32mx/lib\libmchp_peripheral_32MX460F512L.a
END GROUP
LOAD C:/Program Files/Microchip/MPLAB C32 Suite/bin/../lib/gcc/pic32mx/3.4.4\libgcc.a
                0x00000400                PROVIDE (_min_stack_size, 0x400)
                0x00000000                PROVIDE (_min_heap_size, 0x0)
LOAD C:/Program Files/Microchip/MPLAB C32 Suite/bin/../lib/gcc/pic32mx/3.4.4/../../../../pic32mx/lib/./proc/32MX460F512L\processor.o
                0x00000001                PROVIDE (_vector_spacing, 0x1)
                0x9d005000                _ebase_address = 0x9d005000
                0x9d006000                _RESET_ADDR = 0x9d006000
                0x9d006380                _BEV_EXCPT_ADDR = 0x9d006380
                0x9d006480                _DBG_EXCPT_ADDR = 0x9d006480
                0xbfc02000                _DBG_CODE_ADDR = 0xbfc02000
                0x9d005180                _GEN_EXCPT_ADDR = (_ebase_address + 0x180)

.boot_software_key_sec
 *(.boot_software_key_sec)

.config_BFC02FF0
 *(.config_BFC02FF0)

.config_BFC02FF4
 *(.config_BFC02FF4)

.config_BFC02FF8
 *(.config_BFC02FF8)

.config_BFC02FFC
 *(.config_BFC02FFC)

.reset          0x9d006000       0x10
 *(.reset)
 .reset         0x9d006000       0x10 C:/Program Files/Microchip/MPLAB C32 Suite/bin/../lib/gcc/pic32mx/3.4.4/../../../../pic32mx/lib/crt0.o
                0x9d006000                _reset

.bev_excpt      0x9d006380       0x10
 *(.bev_handler)
 .bev_handler   0x9d006380       0x10 C:/Program Files/Microchip/MPLAB C32 Suite/bin/../lib/gcc/pic32mx/3.4.4/../../../../pic32mx/lib/crt0.o

.dbg_excpt      0x9d006480        0x0
                0x9d006480                . = (. + DEFINED (_DEBUGGER)?0x8:0x0)

.dbg_code       0xbfc02000        0x0
                0xbfc02000                . = (. + DEFINED (_DEBUGGER)?0xff0:0x0)

.app_excpt      0x9d005180       0x10
 *(.gen_handler)
 .gen_handler   0x9d005180       0x10 C:/Program Files/Microchip/MPLAB C32 Suite/bin/../lib/gcc/pic32mx/3.4.4/../../../../pic32mx/lib/crt0.o

.vector_0       0x9d005200        0x0
 *(.vector_0)
                0x00000001                ASSERT (((_vector_spacing == 0x0) || (SIZEOF (.vector_0) <= (_vector_spacing << 0x5))), function at exception vector 0 too large)

.vector_1       0x9d005220        0x0
 *(.vector_1)
                0x00000001                ASSERT (((_vector_spacing == 0x0) || (SIZEOF (.vector_1) <= (_vector_spacing << 0x5))), function at exception vector 1 too large)

.vector_2       0x9d005240        0x0
 *(.vector_2)
                0x00000001                ASSERT (((_vector_spacing == 0x0) || (SIZEOF (.vector_2) <= (_vector_spacing << 0x5))), function at exception vector 2 too large)

.vector_3       0x9d005260        0x0
 *(.vector_3)
                0x00000001                ASSERT (((_vector_spacing == 0x0) || (SIZEOF (.vector_3) <= (_vector_spacing << 0x5))), function at exception vector 3 too large)

.vector_4       0x9d005280        0x0
 *(.vector_4)
                0x00000001                ASSERT (((_vector_spacing == 0x0) || (SIZEOF (.vector_4) <= (_vector_spacing << 0x5))), function at exception vector 4 too large)

.vector_5       0x9d0052a0        0x0
 *(.vector_5)
                0x00000001                ASSERT (((_vector_spacing == 0x0) || (SIZEOF (.vector_5) <= (_vector_spacing << 0x5))), function at exception vector 5 too large)

.vector_6       0x9d0052c0        0x0
 *(.vector_6)
                0x00000001                ASSERT (((_vector_spacing == 0x0) || (SIZEOF (.vector_6) <= (_vector_spacing << 0x5))), function at exception vector 6 too large)

.vector_7       0x9d0052e0        0x0
 *(.vector_7)
                0x00000001                ASSERT (((_vector_spacing == 0x0) || (SIZEOF (.vector_7) <= (_vector_spacing << 0x5))), function at exception vector 7 too large)

.vector_8       0x9d005300        0x0
 *(.vector_8)
                0x00000001                ASSERT (((_vector_spacing == 0x0) || (SIZEOF (.vector_8) <= (_vector_spacing << 0x5))), function at exception vector 8 too large)

.vector_9       0x9d005320        0x0
 *(.vector_9)
                0x00000001                ASSERT (((_vector_spacing == 0x0) || (SIZEOF (.vector_9) <= (_vector_spacing << 0x5))), function at exception vector 9 too large)

.vector_10      0x9d005340        0x0
 *(.vector_10)
                0x00000001                ASSERT (((_vector_spacing == 0x0) || (SIZEOF (.vector_10) <= (_vector_spacing << 0x5))), function at exception vector 10 too large)

.vector_11      0x9d005360        0x0
 *(.vector_11)
                0x00000001                ASSERT (((_vector_spacing == 0x0) || (SIZEOF (.vector_11) <= (_vector_spacing << 0x5))), function at exception vector 11 too large)

.vector_12      0x9d005380        0x0
 *(.vector_12)
                0x00000001                ASSERT (((_vector_spacing == 0x0) || (SIZEOF (.vector_12) <= (_vector_spacing << 0x5))), function at exception vector 12 too large)

.vector_13      0x9d0053a0        0x0
 *(.vector_13)
                0x00000001                ASSERT (((_vector_spacing == 0x0) || (SIZEOF (.vector_13) <= (_vector_spacing << 0x5))), function at exception vector 13 too large)

.vector_14      0x9d0053c0        0x0
 *(.vector_14)
                0x00000001                ASSERT (((_vector_spacing == 0x0) || (SIZEOF (.vector_14) <= (_vector_spacing << 0x5))), function at exception vector 14 too large)

.vector_15      0x9d0053e0        0x0
 *(.vector_15)
                0x00000001                ASSERT (((_vector_spacing == 0x0) || (SIZEOF (.vector_15) <= (_vector_spacing << 0x5))), function at exception vector 15 too large)

.vector_16      0x9d005400        0x0
 *(.vector_16)
                0x00000001                ASSERT (((_vector_spacing == 0x0) || (SIZEOF (.vector_16) <= (_vector_spacing << 0x5))), function at exception vector 16 too large)

.vector_17      0x9d005420        0x0
 *(.vector_17)
                0x00000001                ASSERT (((_vector_spacing == 0x0) || (SIZEOF (.vector_17) <= (_vector_spacing << 0x5))), function at exception vector 17 too large)

.vector_18      0x9d005440        0x0
 *(.vector_18)
                0x00000001                ASSERT (((_vector_spacing == 0x0) || (SIZEOF (.vector_18) <= (_vector_spacing << 0x5))), function at exception vector 18 too large)

.vector_19      0x9d005460        0x0
 *(.vector_19)
                0x00000001                ASSERT (((_vector_spacing == 0x0) || (SIZEOF (.vector_19) <= (_vector_spacing << 0x5))), function at exception vector 19 too large)

.vector_20      0x9d005480        0x0
 *(.vector_20)
                0x00000001                ASSERT (((_vector_spacing == 0x0) || (SIZEOF (.vector_20) <= (_vector_spacing << 0x5))), function at exception vector 20 too large)

.vector_21      0x9d0054a0        0x0
 *(.vector_21)
                0x00000001                ASSERT (((_vector_spacing == 0x0) || (SIZEOF (.vector_21) <= (_vector_spacing << 0x5))), function at exception vector 21 too large)

.vector_22      0x9d0054c0        0x0
 *(.vector_22)
                0x00000001                ASSERT (((_vector_spacing == 0x0) || (SIZEOF (.vector_22) <= (_vector_spacing << 0x5))), function at exception vector 22 too large)

.vector_23      0x9d0054e0        0x0
 *(.vector_23)
                0x00000001                ASSERT (((_vector_spacing == 0x0) || (SIZEOF (.vector_23) <= (_vector_spacing << 0x5))), function at exception vector 23 too large)

.vector_24      0x9d005500        0x0
 *(.vector_24)
                0x00000001                ASSERT (((_vector_spacing == 0x0) || (SIZEOF (.vector_24) <= (_vector_spacing << 0x5))), function at exception vector 24 too large)

.vector_25      0x9d005520        0x0
 *(.vector_25)
                0x00000001                ASSERT (((_vector_spacing == 0x0) || (SIZEOF (.vector_25) <= (_vector_spacing << 0x5))), function at exception vector 25 too large)

.vector_26      0x9d005540        0x0
 *(.vector_26)
                0x00000001                ASSERT (((_vector_spacing == 0x0) || (SIZEOF (.vector_26) <= (_vector_spacing << 0x5))), function at exception vector 26 too large)

.vector_27      0x9d005560        0x0
 *(.vector_27)
                0x00000001                ASSERT (((_vector_spacing == 0x0) || (SIZEOF (.vector_27) <= (_vector_spacing << 0x5))), function at exception vector 27 too large)

.vector_28      0x9d005580        0x0
 *(.vector_28)
                0x00000001                ASSERT (((_vector_spacing == 0x0) || (SIZEOF (.vector_28) <= (_vector_spacing << 0x5))), function at exception vector 28 too large)

.vector_29      0x9d0055a0        0x0
 *(.vector_29)
                0x00000001                ASSERT (((_vector_spacing == 0x0) || (SIZEOF (.vector_29) <= (_vector_spacing << 0x5))), function at exception vector 29 too large)

.vector_30      0x9d0055c0        0x0
 *(.vector_30)
                0x00000001                ASSERT (((_vector_spacing == 0x0) || (SIZEOF (.vector_30) <= (_vector_spacing << 0x5))), function at exception vector 30 too large)

.vector_31      0x9d0055e0        0x0
 *(.vector_31)
                0x00000001                ASSERT (((_vector_spacing == 0x0) || (SIZEOF (.vector_31) <= (_vector_spacing << 0x5))), function at exception vector 31 too large)

.vector_32      0x9d005600        0x0
 *(.vector_32)
                0x00000001                ASSERT (((_vector_spacing == 0x0) || (SIZEOF (.vector_32) <= (_vector_spacing << 0x5))), function at exception vector 32 too large)

.vector_33      0x9d005620        0x0
 *(.vector_33)
                0x00000001                ASSERT (((_vector_spacing == 0x0) || (SIZEOF (.vector_33) <= (_vector_spacing << 0x5))), function at exception vector 33 too large)

.vector_34      0x9d005640        0x0
 *(.vector_34)
                0x00000001                ASSERT (((_vector_spacing == 0x0) || (SIZEOF (.vector_34) <= (_vector_spacing << 0x5))), function at exception vector 34 too large)

.vector_35      0x9d005660        0x0
 *(.vector_35)
                0x00000001                ASSERT (((_vector_spacing == 0x0) || (SIZEOF (.vector_35) <= (_vector_spacing << 0x5))), function at exception vector 35 too large)

.vector_36      0x9d005680        0x0
 *(.vector_36)
                0x00000001                ASSERT (((_vector_spacing == 0x0) || (SIZEOF (.vector_36) <= (_vector_spacing << 0x5))), function at exception vector 36 too large)

.vector_37      0x9d0056a0        0x0
 *(.vector_37)
                0x00000001                ASSERT (((_vector_spacing == 0x0) || (SIZEOF (.vector_37) <= (_vector_spacing << 0x5))), function at exception vector 37 too large)

.vector_38      0x9d0056c0        0x0
 *(.vector_38)
                0x00000001                ASSERT (((_vector_spacing == 0x0) || (SIZEOF (.vector_38) <= (_vector_spacing << 0x5))), function at exception vector 38 too large)

.vector_39      0x9d0056e0        0x0
 *(.vector_39)
                0x00000001                ASSERT (((_vector_spacing == 0x0) || (SIZEOF (.vector_39) <= (_vector_spacing << 0x5))), function at exception vector 39 too large)

.vector_40      0x9d005700        0x0
 *(.vector_40)
                0x00000001                ASSERT (((_vector_spacing == 0x0) || (SIZEOF (.vector_40) <= (_vector_spacing << 0x5))), function at exception vector 40 too large)

.vector_41      0x9d005720        0x0
 *(.vector_41)
                0x00000001                ASSERT (((_vector_spacing == 0x0) || (SIZEOF (.vector_41) <= (_vector_spacing << 0x5))), function at exception vector 41 too large)

.vector_42      0x9d005740        0x0
 *(.vector_42)
                0x00000001                ASSERT (((_vector_spacing == 0x0) || (SIZEOF (.vector_42) <= (_vector_spacing << 0x5))), function at exception vector 42 too large)

.vector_43      0x9d005760        0x0
 *(.vector_43)
                0x00000001                ASSERT (((_vector_spacing == 0x0) || (SIZEOF (.vector_43) <= (_vector_spacing << 0x5))), function at exception vector 43 too large)

.vector_44      0x9d005780        0x0
 *(.vector_44)
                0x00000001                ASSERT (((_vector_spacing == 0x0) || (SIZEOF (.vector_44) <= (_vector_spacing << 0x5))), function at exception vector 44 too large)

.vector_45      0x9d0057a0        0x0
 *(.vector_45)
                0x00000001                ASSERT (((_vector_spacing == 0x0) || (SIZEOF (.vector_45) <= (_vector_spacing << 0x5))), function at exception vector 45 too large)

.vector_46      0x9d0057c0        0x0
 *(.vector_46)
                0x00000001                ASSERT (((_vector_spacing == 0x0) || (SIZEOF (.vector_46) <= (_vector_spacing << 0x5))), function at exception vector 46 too large)

.vector_47      0x9d0057e0        0x0
 *(.vector_47)
                0x00000001                ASSERT (((_vector_spacing == 0x0) || (SIZEOF (.vector_47) <= (_vector_spacing << 0x5))), function at exception vector 47 too large)

.vector_48      0x9d005800        0x0
 *(.vector_48)
                0x00000001                ASSERT (((_vector_spacing == 0x0) || (SIZEOF (.vector_48) <= (_vector_spacing << 0x5))), function at exception vector 48 too large)

.vector_49      0x9d005820        0x0
 *(.vector_49)
                0x00000001                ASSERT (((_vector_spacing == 0x0) || (SIZEOF (.vector_49) <= (_vector_spacing << 0x5))), function at exception vector 49 too large)

.vector_50      0x9d005840        0x0
 *(.vector_50)
                0x00000001                ASSERT (((_vector_spacing == 0x0) || (SIZEOF (.vector_50) <= (_vector_spacing << 0x5))), function at exception vector 50 too large)

.vector_51      0x9d005860        0x0
 *(.vector_51)
                0x00000001                ASSERT (((_vector_spacing == 0x0) || (SIZEOF (.vector_51) <= (_vector_spacing << 0x5))), function at exception vector 51 too large)

.vector_52      0x9d005880        0x0
 *(.vector_52)
                0x00000001                ASSERT (((_vector_spacing == 0x0) || (SIZEOF (.vector_52) <= (_vector_spacing << 0x5))), function at exception vector 52 too large)

.vector_53      0x9d0058a0        0x0
 *(.vector_53)
                0x00000001                ASSERT (((_vector_spacing == 0x0) || (SIZEOF (.vector_53) <= (_vector_spacing << 0x5))), function at exception vector 53 too large)

.vector_54      0x9d0058c0        0x0
 *(.vector_54)
                0x00000001                ASSERT (((_vector_spacing == 0x0) || (SIZEOF (.vector_54) <= (_vector_spacing << 0x5))), function at exception vector 54 too large)

.vector_55      0x9d0058e0        0x0
 *(.vector_55)
                0x00000001                ASSERT (((_vector_spacing == 0x0) || (SIZEOF (.vector_55) <= (_vector_spacing << 0x5))), function at exception vector 55 too large)

.vector_56      0x9d005900        0x0
 *(.vector_56)
                0x00000001                ASSERT (((_vector_spacing == 0x0) || (SIZEOF (.vector_56) <= (_vector_spacing << 0x5))), function at exception vector 56 too large)

.vector_57      0x9d005920        0x0
 *(.vector_57)
                0x00000001                ASSERT (((_vector_spacing == 0x0) || (SIZEOF (.vector_57) <= (_vector_spacing << 0x5))), function at exception vector 57 too large)

.vector_58      0x9d005940        0x0
 *(.vector_58)
                0x00000001                ASSERT (((_vector_spacing == 0x0) || (SIZEOF (.vector_58) <= (_vector_spacing << 0x5))), function at exception vector 58 too large)

.vector_59      0x9d005960        0x0
 *(.vector_59)
                0x00000001                ASSERT (((_vector_spacing == 0x0) || (SIZEOF (.vector_59) <= (_vector_spacing << 0x5))), function at exception vector 59 too large)

.vector_60      0x9d005980        0x0
 *(.vector_60)
                0x00000001                ASSERT (((_vector_spacing == 0x0) || (SIZEOF (.vector_60) <= (_vector_spacing << 0x5))), function at exception vector 60 too large)

.vector_61      0x9d0059a0        0x0
 *(.vector_61)
                0x00000001                ASSERT (((_vector_spacing == 0x0) || (SIZEOF (.vector_61) <= (_vector_spacing << 0x5))), function at exception vector 61 too large)

.vector_62      0x9d0059c0        0x0
 *(.vector_62)
                0x00000001                ASSERT (((_vector_spacing == 0x0) || (SIZEOF (.vector_62) <= (_vector_spacing << 0x5))), function at exception vector 62 too large)

.vector_63      0x9d0059e0        0x0
 *(.vector_63)
                0x00000001                ASSERT (((_vector_spacing == 0x0) || (SIZEOF (.vector_63) <= (_vector_spacing << 0x5))), function at exception vector 63 too large)

.startup        0x9d006490      0x1e0
 *(.startup)
 .startup       0x9d006490      0x1e0 C:/Program Files/Microchip/MPLAB C32 Suite/bin/../lib/gcc/pic32mx/3.4.4/../../../../pic32mx/lib/crt0.o

.text           0x9d006a00     0x9d90
                0x9d006a00                _text_begin = .
 *(.text .stub .text.* .gnu.linkonce.t.*)
 .text          0x9d006a00       0x18 C:/Program Files/Microchip/MPLAB C32 Suite/bin/../lib/gcc/pic32mx/3.4.4/../../../../pic32mx/lib/crt0.o
 .text          0x9d006a18        0x0 Objects\USB Device - Generic Driver Demo - C32\usb_descriptors.o
 .text          0x9d006a18     0x2560 Objects\USB Device - Generic Driver Demo - C32\usb_device.o
                0x9d006a18                USBDeviceInit
                0x9d006bc0                USBDeviceTasks
                0x9d006f90                USBStallHandler
                0x9d007058                USBSuspend
                0x9d0070b0                USBWakeFromSuspend
                0x9d00710c                USBCtrlEPService
                0x9d007260                USBCtrlTrfSetupHandler
                0x9d007300                USBCtrlTrfOutHandler
                0x9d0073d0                USBCtrlTrfInHandler
                0x9d007544                USBPrepareForNextSetupTrf
                0x9d007620                USBCheckStdRequest
                0x9d0077bc                USBStdFeatureReqHandler
                0x9d007a0c                USBStdGetDscHandler
                0x9d007be4                USBStdGetStatusHandler
                0x9d007d80                USBCtrlEPServiceComplete
                0x9d0081f8                USBCtrlTrfTxService
                0x9d008418                USBCtrlTrfRxService
                0x9d008738                USBStdSetCfgHandler
                0x9d0087dc                USBConfigureEndpoint
                0x9d0088b8                USBEnableEndpoint
                0x9d00895c                USBStallEndpoint
                0x9d008b38                USBTransferOnePacket
                0x9d008d5c                USBCancelIO
 .text          0x9d008f78     0x2d04 Objects\USB Device - Generic Driver Demo - C32\user.o
                0x9d008f78                Cross2Switch
                0x9d008ffc                Switch2Cross
                0x9d009198                UserInit
                0x9d0099c0                ProcessIO
                0x9d009a84                ServiceRequests
                0x9d009ba0                BlinkUSBStatus
                0x9d009df4                SwitchIsPressed
                0x9d009e68                Reset_Si570
                0x9d009ee8                ReadRegs
                0x9d009fe0                Freeze
                0x9d00a034                Unfreeze
                0x9d00a088                WriteBk
                0x9d00a124                Prep_rd
                0x9d00a1c4                NewF
                0x9d00a284                RunFreqProg
                0x9d00a600                SetNewFreq
                0x9d00a83c                Freq_From_Register
                0x9d00ab40                Set_BPF
                0x9d00ac88                Set_LPF
                0x9d00af90                SetFrequency
                0x9d00b098                Set_Freq_Handler
                0x9d00b1cc                Set_Register_Handler
                0x9d00b2bc                Set_Cal_Handler
                0x9d00b400                Set_Init_Freq_Handler
                0x9d00b4dc                Set_Sub_Mul_Handler
                0x9d00bb3c                Set_Smooth_Handler
 .text          0x9d00bc7c      0x33c Objects\USB Device - Generic Driver Demo - C32\main.o
                0x9d00bc7c                main
                0x9d00bcf0                USBCBSuspend
                0x9d00bd10                USBCBWakeFromSuspend
                0x9d00bd30                USBCB_SOF_Handler
                0x9d00bd50                USBCBErrorHandler
                0x9d00bd70                USBCBCheckOtherReq
                0x9d00bda0                USBCBStdSetDscHandler
                0x9d00bdc0                USBCBInitEP
                0x9d00bde0                USBCBSendResume
                0x9d00be4c                USER_USB_CALLBACK_EVENT_HANDLER
 .text          0x9d00bfb8      0xe00 Objects\USB Device - Generic Driver Demo - C32\UBW-I2C.o
                0x9d00bfb8                USBCheckUBWRequest
                0x9d00cce0                Read_Command_Into_Buffer
 .text          0x9d00cdb8     0x1b60 Objects\USB Device - Generic Driver Demo - C32\dee_emulation_pic32.o
                0x9d00cdb8                GetPageStatus
                0x9d00ced8                ErasePage
                0x9d00d044                PrevPage
                0x9d00d090                GetNextAvailCount
                0x9d00d238                EmulationCheckSum
                0x9d00d29c                DataEEInit
                0x9d00d680                DataEEWrite
                0x9d00dbd4                DataEERead
                0x9d00e034                PackEE
                0x9d00e658                DataEEWriteArray
                0x9d00e784                DataEEReadArray
 .text          0x9d00e918       0xa8 C:/Program Files/Microchip/MPLAB C32 Suite/bin/../lib/gcc/pic32mx/3.4.4/../../../../pic32mx/lib\libc.a(memset.o)
                0x9d00e918                memset
 .text          0x9d00e9c0        0x0 C:/Program Files/Microchip/MPLAB C32 Suite/bin/../lib/gcc/pic32mx/3.4.4/../../../../pic32mx/lib\libc.a(general-exception.o)
 .text.general_exception
                0x9d00e9c0       0xd0 C:/Program Files/Microchip/MPLAB C32 Suite/bin/../lib/gcc/pic32mx/3.4.4/../../../../pic32mx/lib\libc.a(general-exception.o)
                0x9d00e9c0                _general_exception_context
 .text          0x9d00ea90        0x0 C:/Program Files/Microchip/MPLAB C32 Suite/bin/../lib/gcc/pic32mx/3.4.4/../../../../pic32mx/lib\libc.a(exit.o)
 .text.exit     0x9d00ea90       0x10 C:/Program Files/Microchip/MPLAB C32 Suite/bin/../lib/gcc/pic32mx/3.4.4/../../../../pic32mx/lib\libc.a(exit.o)
                0x9d00ea90                exit
 .text          0x9d00eaa0        0x0 C:/Program Files/Microchip/MPLAB C32 Suite/bin/../lib/gcc/pic32mx/3.4.4/../../../../pic32mx/lib\libc.a(default-general-exception-handler.o)
 .text._general_exception_handler
                0x9d00eaa0        0x8 C:/Program Files/Microchip/MPLAB C32 Suite/bin/../lib/gcc/pic32mx/3.4.4/../../../../pic32mx/lib\libc.a(default-general-exception-handler.o)
                0x9d00eaa0                _general_exception_handler
 .text          0x9d00eaa8        0x0 C:/Program Files/Microchip/MPLAB C32 Suite/bin/../lib/gcc/pic32mx/3.4.4/../../../../pic32mx/lib\libc.a(default-bootstrap-exception-handler.o)
 .text._bootstrap_exception_handler
                0x9d00eaa8        0x8 C:/Program Files/Microchip/MPLAB C32 Suite/bin/../lib/gcc/pic32mx/3.4.4/../../../../pic32mx/lib\libc.a(default-bootstrap-exception-handler.o)
                0x9d00eaa8                _bootstrap_exception_handler
 .text          0x9d00eab0        0x0 C:/Program Files/Microchip/MPLAB C32 Suite/bin/../lib/gcc/pic32mx/3.4.4/../../../../pic32mx/lib\libc.a(default-on-reset.o)
 .text._on_reset
                0x9d00eab0        0x8 C:/Program Files/Microchip/MPLAB C32 Suite/bin/../lib/gcc/pic32mx/3.4.4/../../../../pic32mx/lib\libc.a(default-on-reset.o)
                0x9d00eab0                _on_reset
 .text          0x9d00eab8        0x0 C:/Program Files/Microchip/MPLAB C32 Suite/bin/../lib/gcc/pic32mx/3.4.4/../../../../pic32mx/lib\libc.a(default-on-bootstrap.o)
 .text._on_bootstrap
                0x9d00eab8        0x8 C:/Program Files/Microchip/MPLAB C32 Suite/bin/../lib/gcc/pic32mx/3.4.4/../../../../pic32mx/lib\libc.a(default-on-bootstrap.o)
                0x9d00eab8                _on_bootstrap
 .text          0x9d00eac0       0x18 C:/Program Files/Microchip/MPLAB C32 Suite/bin/../lib/gcc/pic32mx/3.4.4/../../../../pic32mx/lib\libc.a(default-nmi-handler.o)
                0x9d00eac0                _nmi_handler
 .text          0x9d00ead8        0x0 C:/Program Files/Microchip/MPLAB C32 Suite/bin/../lib/gcc/pic32mx/3.4.4/../../../../pic32mx/lib\libc.a(_exit.o)
 .text._exit    0x9d00ead8        0x8 C:/Program Files/Microchip/MPLAB C32 Suite/bin/../lib/gcc/pic32mx/3.4.4/../../../../pic32mx/lib\libc.a(_exit.o)
                0x9d00ead8                _exit
 .text          0x9d00eae0     0x1128 C:/Program Files/Microchip/MPLAB C32 Suite/bin/../lib/gcc/pic32mx/3.4.4/../../../../pic32mx/lib\libm.a(dp32.o)
                0x9d00eae0                __subdf3
                0x9d00eae0                dpsub
                0x9d00eae8                dpadd
                0x9d00eae8                __adddf3
                0x9d00ef0c                __muldf3
                0x9d00ef0c                dpmul
                0x9d00f234                __divdf3
                0x9d00f234                dpdiv
                0x9d00f6e8                litodp
                0x9d00f6e8                __floatsidf
                0x9d00f75c                ultodp
                0x9d00f7ac                fptodp
                0x9d00f7ac                __extendsfdf2
                0x9d00f850                __truncdfsf2
                0x9d00f850                dptofp
                0x9d00f948                dptoli
                0x9d00f948                __fixdfsi
                0x9d00f9d0                dptoul
                0x9d00f9d0                __fixunsdfsi
                0x9d00fa54                __gedf2
                0x9d00fa54                __nedf2
                0x9d00fa54                __ledf2
                0x9d00fa54                dpcmp
                0x9d00fa54                __ltdf2
                0x9d00fa54                __gtdf2
                0x9d00fa54                __eqdf2
                0x9d00fb78                __negdf2
                0x9d00fb90                dpfabs
                0x9d00fb90                fabs
                0x9d00fbac                dpnan
                0x9d00fbac                nan
 .text          0x9d00fc08      0x8ec C:/Program Files/Microchip/MPLAB C32 Suite/bin/../lib/gcc/pic32mx/3.4.4/../../../../pic32mx/lib\libm.a(fp32.o)
                0x9d00fc08                fpsub
                0x9d00fc08                __subsf3
                0x9d00fc10                __addsf3
                0x9d00fc10                fpadd
                0x9d00fe7c                fpmul
                0x9d00fe7c                __mulsf3
                0x9d010034                fpdiv
                0x9d010034                __divsf3
                0x9d010260                litofp
                0x9d010260                __floatsisf
                0x9d010260                sitofp
                0x9d0102bc                ultofp
                0x9d0102bc                uitofp
                0x9d010308                fptosi
                0x9d010308                fptoli
                0x9d010308                __fixsfsi
                0x9d010380                fptoul
                0x9d010380                __fixunssfsi
                0x9d010380                fptoui
                0x9d0103f4                __gesf2
                0x9d0103f4                fpcmp
                0x9d0103f4                __ltsf2
                0x9d0103f4                __eqsf2
                0x9d0103f4                __gtsf2
                0x9d0103f4                __nesf2
                0x9d0103f4                __lesf2
                0x9d010488                fpfabs
                0x9d010488                fabsf
                0x9d010498                __negsf2
                0x9d0104a8                nanf
                0x9d0104a8                fpnan
 .text          0x9d0104f4        0x0 C:/Program Files/Microchip/MPLAB C32 Suite/bin/../lib/gcc/pic32mx/3.4.4/../../../../pic32mx/lib\libmchp_peripheral_32MX460F512L.a(nvm_erase_page_lib.o)
 .text.NVMErasePage
                0x9d0104f4       0x34 C:/Program Files/Microchip/MPLAB C32 Suite/bin/../lib/gcc/pic32mx/3.4.4/../../../../pic32mx/lib\libmchp_peripheral_32MX460F512L.a(nvm_erase_page_lib.o)
                0x9d0104f4                NVMErasePage
 .text          0x9d010528        0x0 C:/Program Files/Microchip/MPLAB C32 Suite/bin/../lib/gcc/pic32mx/3.4.4/../../../../pic32mx/lib\libmchp_peripheral_32MX460F512L.a(nvm_operation_lib.o)
 .text._NVMOperation
                0x9d010528       0xf0 C:/Program Files/Microchip/MPLAB C32 Suite/bin/../lib/gcc/pic32mx/3.4.4/../../../../pic32mx/lib\libmchp_peripheral_32MX460F512L.a(nvm_operation_lib.o)
                0x9d010528                _NVMOperation
 .text          0x9d010618        0x0 C:/Program Files/Microchip/MPLAB C32 Suite/bin/../lib/gcc/pic32mx/3.4.4/../../../../pic32mx/lib\libmchp_peripheral_32MX460F512L.a(nvm_write_word_lib.o)
 .text.NVMWriteWord
                0x9d010618       0x3c C:/Program Files/Microchip/MPLAB C32 Suite/bin/../lib/gcc/pic32mx/3.4.4/../../../../pic32mx/lib\libmchp_peripheral_32MX460F512L.a(nvm_write_word_lib.o)
                0x9d010618                NVMWriteWord
 .text          0x9d010654        0x0 C:/Program Files/Microchip/MPLAB C32 Suite/bin/../lib/gcc/pic32mx/3.4.4/../../../../pic32mx/lib\libmchp_peripheral_32MX460F512L.a(idle_i2c1_lib_legacy.o)
 .text.IdleI2C1
                0x9d010654       0x70 C:/Program Files/Microchip/MPLAB C32 Suite/bin/../lib/gcc/pic32mx/3.4.4/../../../../pic32mx/lib\libmchp_peripheral_32MX460F512L.a(idle_i2c1_lib_legacy.o)
                0x9d010654                IdleI2C1
 .text          0x9d0106c4        0x0 C:/Program Files/Microchip/MPLAB C32 Suite/bin/../lib/gcc/pic32mx/3.4.4/../../../../pic32mx/lib\libmchp_peripheral_32MX460F512L.a(master_read_i2c1_lib_legacy.o)
 .text.MasterReadI2C1
                0x9d0106c4       0x40 C:/Program Files/Microchip/MPLAB C32 Suite/bin/../lib/gcc/pic32mx/3.4.4/../../../../pic32mx/lib\libmchp_peripheral_32MX460F512L.a(master_read_i2c1_lib_legacy.o)
                0x9d0106c4                MasterReadI2C1
 .text          0x9d010704        0x0 C:/Program Files/Microchip/MPLAB C32 Suite/bin/../lib/gcc/pic32mx/3.4.4/../../../../pic32mx/lib\libmchp_peripheral_32MX460F512L.a(master_write_i2c1_lib_legacy.o)
 .text.MasterWriteI2C1
                0x9d010704       0x68 C:/Program Files/Microchip/MPLAB C32 Suite/bin/../lib/gcc/pic32mx/3.4.4/../../../../pic32mx/lib\libmchp_peripheral_32MX460F512L.a(master_write_i2c1_lib_legacy.o)
                0x9d010704                MasterWriteI2C1
 .text          0x9d01076c        0x0 C:/Program Files/Microchip/MPLAB C32 Suite/bin/../lib/gcc/pic32mx/3.4.4/../../../../pic32mx/lib\libmchp_peripheral_32MX460F512L.a(int_disable_interrupts_lib.o)
 .text.INTDisableInterrupts
                0x9d01076c        0x8 C:/Program Files/Microchip/MPLAB C32 Suite/bin/../lib/gcc/pic32mx/3.4.4/../../../../pic32mx/lib\libmchp_peripheral_32MX460F512L.a(int_disable_interrupts_lib.o)
                0x9d01076c                INTDisableInterrupts
 .text          0x9d010774        0x0 C:/Program Files/Microchip/MPLAB C32 Suite/bin/../lib/gcc/pic32mx/3.4.4/../../../../pic32mx/lib\libmchp_peripheral_32MX460F512L.a(int_restore_interrupts_lib.o)
 .text.INTRestoreInterrupts
                0x9d010774       0x1c C:/Program Files/Microchip/MPLAB C32 Suite/bin/../lib/gcc/pic32mx/3.4.4/../../../../pic32mx/lib\libmchp_peripheral_32MX460F512L.a(int_restore_interrupts_lib.o)
                0x9d010774                INTRestoreInterrupts
 .text          0x9d010790        0x0 C:/Program Files/Microchip/MPLAB C32 Suite/bin/../lib/gcc/pic32mx/3.4.4/../../../../pic32mx/lib/./proc/32MX460F512L\processor.o
 *(.text.*personality*)
 *(.gnu.warning)
 *(.mips16.fn.*)
 *(.mips16.call.*)
                0x9d010790                _text_end = .

.rodata         0x9d011000     0x4000
 *(.rodata .rodata.* .gnu.linkonce.r.*)
 .rodata        0x9d011000       0x94 Objects\USB Device - Generic Driver Demo - C32\usb_descriptors.o
                0x9d011000                device_dsc
                0x9d011014                configDescriptor1
                0x9d011034                sd000
                0x9d011038                sd001
                0x9d011054                sd002
                0x9d01106c                sd003
                0x9d011080                USB_CD_Ptr
                0x9d011084                USB_SD_Ptr
 .rodata        0x9d011094       0x30 Objects\USB Device - Generic Driver Demo - C32\usb_device.o
 *fill*         0x9d0110c4        0x4 00
 .rodata        0x9d0110c8      0x120 Objects\USB Device - Generic Driver Demo - C32\user.o
 .rodata        0x9d0111e8      0x158 Objects\USB Device - Generic Driver Demo - C32\UBW-I2C.o
 *fill*         0x9d011340      0xcc0 00
 .rodata        0x9d012000     0x3000 Objects\USB Device - Generic Driver Demo - C32\dee_emulation_pic32.o
                0x9d012000                eedata_addr
 *(.rodata1)
                0x9d015000                . = ALIGN (0x4)

.sdata2         0x9d015000        0x0
 *(.sdata2 .sdata2.* .gnu.linkonce.s2.*)
                0x9d015000                . = ALIGN (0x4)

.sbss2          0x9d015000        0x0
 *(.sbss2 .sbss2.* .gnu.linkonce.sb2.*)
                0x9d015000                . = ALIGN (0x4)

.eh_frame_hdr
 *(.eh_frame_hdr)

.eh_frame
 *(.eh_frame)

.dbg_data       0xa0000004        0x0
                0xa0000004                . = (. + DEFINED (_DEBUGGER)?0x200:0x0)

.persist        0xa0000004        0x0
                0xa0000004                _persist_begin = .
 *(.persist .persist.*)
                0xa0000004                _persist_end = .

.data           0xa0000004        0x0 load address 0x9d015000
                0xa0000004                _data_begin = .
 *(.data .data.* .gnu.linkonce.d.*)
 .data          0xa0000004        0x0 C:/Program Files/Microchip/MPLAB C32 Suite/bin/../lib/gcc/pic32mx/3.4.4/../../../../pic32mx/lib/crt0.o
 .data          0xa0000004        0x0 Objects\USB Device - Generic Driver Demo - C32\usb_descriptors.o
 .data          0xa0000004        0x0 Objects\USB Device - Generic Driver Demo - C32\usb_device.o
 .data          0xa0000004        0x0 Objects\USB Device - Generic Driver Demo - C32\user.o
 .data          0xa0000004        0x0 Objects\USB Device - Generic Driver Demo - C32\main.o
 .data          0xa0000004        0x0 Objects\USB Device - Generic Driver Demo - C32\UBW-I2C.o
 .data          0xa0000004        0x0 Objects\USB Device - Generic Driver Demo - C32\dee_emulation_pic32.o
 .data          0xa0000004        0x0 C:/Program Files/Microchip/MPLAB C32 Suite/bin/../lib/gcc/pic32mx/3.4.4/../../../../pic32mx/lib\libc.a(memset.o)
 .data          0xa0000004        0x0 C:/Program Files/Microchip/MPLAB C32 Suite/bin/../lib/gcc/pic32mx/3.4.4/../../../../pic32mx/lib\libc.a(general-exception.o)
 .data          0xa0000004        0x0 C:/Program Files/Microchip/MPLAB C32 Suite/bin/../lib/gcc/pic32mx/3.4.4/../../../../pic32mx/lib\libc.a(exit.o)
 .data          0xa0000004        0x0 C:/Program Files/Microchip/MPLAB C32 Suite/bin/../lib/gcc/pic32mx/3.4.4/../../../../pic32mx/lib\libc.a(default-general-exception-handler.o)
 .data          0xa0000004        0x0 C:/Program Files/Microchip/MPLAB C32 Suite/bin/../lib/gcc/pic32mx/3.4.4/../../../../pic32mx/lib\libc.a(default-bootstrap-exception-handler.o)
 .data          0xa0000004        0x0 C:/Program Files/Microchip/MPLAB C32 Suite/bin/../lib/gcc/pic32mx/3.4.4/../../../../pic32mx/lib\libc.a(default-on-reset.o)
 .data          0xa0000004        0x0 C:/Program Files/Microchip/MPLAB C32 Suite/bin/../lib/gcc/pic32mx/3.4.4/../../../../pic32mx/lib\libc.a(default-on-bootstrap.o)
 .data          0xa0000004        0x0 C:/Program Files/Microchip/MPLAB C32 Suite/bin/../lib/gcc/pic32mx/3.4.4/../../../../pic32mx/lib\libc.a(default-nmi-handler.o)
 .data          0xa0000004        0x0 C:/Program Files/Microchip/MPLAB C32 Suite/bin/../lib/gcc/pic32mx/3.4.4/../../../../pic32mx/lib\libc.a(_exit.o)
 .data          0xa0000004        0x0 C:/Program Files/Microchip/MPLAB C32 Suite/bin/../lib/gcc/pic32mx/3.4.4/../../../../pic32mx/lib\libm.a(dp32.o)
 .data          0xa0000004        0x0 C:/Program Files/Microchip/MPLAB C32 Suite/bin/../lib/gcc/pic32mx/3.4.4/../../../../pic32mx/lib\libm.a(fp32.o)
 .data          0xa0000004        0x0 C:/Program Files/Microchip/MPLAB C32 Suite/bin/../lib/gcc/pic32mx/3.4.4/../../../../pic32mx/lib\libmchp_peripheral_32MX460F512L.a(nvm_erase_page_lib.o)
 .data          0xa0000004        0x0 C:/Program Files/Microchip/MPLAB C32 Suite/bin/../lib/gcc/pic32mx/3.4.4/../../../../pic32mx/lib\libmchp_peripheral_32MX460F512L.a(nvm_operation_lib.o)
 .data          0xa0000004        0x0 C:/Program Files/Microchip/MPLAB C32 Suite/bin/../lib/gcc/pic32mx/3.4.4/../../../../pic32mx/lib\libmchp_peripheral_32MX460F512L.a(nvm_write_word_lib.o)
 .data          0xa0000004        0x0 C:/Program Files/Microchip/MPLAB C32 Suite/bin/../lib/gcc/pic32mx/3.4.4/../../../../pic32mx/lib\libmchp_peripheral_32MX460F512L.a(idle_i2c1_lib_legacy.o)
 .data          0xa0000004        0x0 C:/Program Files/Microchip/MPLAB C32 Suite/bin/../lib/gcc/pic32mx/3.4.4/../../../../pic32mx/lib\libmchp_peripheral_32MX460F512L.a(master_read_i2c1_lib_legacy.o)
 .data          0xa0000004        0x0 C:/Program Files/Microchip/MPLAB C32 Suite/bin/../lib/gcc/pic32mx/3.4.4/../../../../pic32mx/lib\libmchp_peripheral_32MX460F512L.a(master_write_i2c1_lib_legacy.o)
 .data          0xa0000004        0x0 C:/Program Files/Microchip/MPLAB C32 Suite/bin/../lib/gcc/pic32mx/3.4.4/../../../../pic32mx/lib\libmchp_peripheral_32MX460F512L.a(int_disable_interrupts_lib.o)
 .data          0xa0000004        0x0 C:/Program Files/Microchip/MPLAB C32 Suite/bin/../lib/gcc/pic32mx/3.4.4/../../../../pic32mx/lib\libmchp_peripheral_32MX460F512L.a(int_restore_interrupts_lib.o)
 .data          0xa0000004        0x0 C:/Program Files/Microchip/MPLAB C32 Suite/bin/../lib/gcc/pic32mx/3.4.4/../../../../pic32mx/lib/./proc/32MX460F512L\processor.o
 *(.gnu.linkonce.d.*personality*)
 *(.data1)
                0x9d015000                _data_image_begin = LOADADDR (.data)

.eh_frame
 *(.eh_frame)
                0xa0000004                . = .
                0xa0008000                _gp = (ALIGN (0x10) + 0x7ff0)

.got
 *(.got.plt)
 *(.got)

.sdata          0xa0000004        0x4 load address 0x9d015000
                0xa0000004                _sdata_begin = .
 *(.sdata .sdata.* .gnu.linkonce.s.*)
 .sdata         0xa0000004        0x4 Objects\USB Device - Generic Driver Demo - C32\user.o
                0xa0000004                blinkStatusValid
                0xa0000008                _sdata_end = .

.lit8
 *(.lit8)

.lit4
 *(.lit4)
                0xa0000008                . = ALIGN (0x4)
                0xa0000008                _data_end = .
                0xa0000008                _bss_begin = .

.sbss           0xa0000008       0xfc load address 0x9d015004
                0xa0000008                _sbss_begin = .
 *(.dynsbss)
 *(.sbss .sbss.* .gnu.linkonce.sb.*)
 .sbss          0xa0000008        0x4 Objects\USB Device - Generic Driver Demo - C32\user.o
                0xa0000008                R135
 .sbss          0xa000000c        0x2 Objects\USB Device - Generic Driver Demo - C32\main.o
 *fill*         0xa000000e        0x2 00
 .sbss          0xa0000010        0x4 Objects\USB Device - Generic Driver Demo - C32\dee_emulation_pic32.o
                0xa0000010                lowerAddress
 *(.scommon)
 .scommon       0xa0000014       0x59 Objects\USB Device - Generic Driver Demo - C32\usb_device.o
                0xa0000014                pDst
                0xa0000018                CtrlTrfData
                0xa0000020                USBDeviceState
                0xa0000024                controlTransferState
                0xa0000028                USBInMaxPacketSize
                0xa000002c                inPipes
                0xa0000034                pBDTEntryIn
                0xa000003c                pBDTEntryOut
                0xa0000044                BothEP0OutUOWNsSet
                0xa0000048                pBDTEntryEP0OutNext
                0xa000004c                SetupPkt
                0xa0000054                shortPacketStatus
                0xa0000058                pBDTEntryEP0OutCurrent
                0xa000005c                USBActiveConfiguration
                0xa0000060                RemoteWakeup
                0xa0000064                USTATcopy
                0xa0000068                USBInData
                0xa000006c                USBAlternateInterface
 *fill*         0xa000006d        0x3 00
 .scommon       0xa0000070       0x8d Objects\USB Device - Generic Driver Demo - C32\user.o
                0xa0000070                delta_rfreq
                0xa0000078                old_SW
                0xa000007c                f_sub
                0xa0000080                validCombo
                0xa0000088                Old_freq_double
                0xa0000090                registers
                0xa0000096                command
                0xa0000098                avr_freq
                0xa00000a0                fcryst_double
                0xa00000a8                abpf_flag
                0xa00000ac                fcryst_freq
                0xa00000b0                wCount
                0xa00000b4                tempBuf
                0xa00000bc                counter
                0xa00000c0                set_frequency
                0xa00000c8                Smooth_double
                0xa00000d0                current_command_out
                0xa00000d8                rfreq
                0xa00000e0                Old_rfreq
                0xa00000e8                command_count
                0xa00000e9                i2c_adr
                0xa00000ec                replybuf
                0xa00000f4                R137
                0xa00000f8                f_mul
                0xa00000fc                current_command_in
 *fill*         0xa00000fd        0x3 00
 .scommon       0xa0000100        0x4 Objects\USB Device - Generic Driver Demo - C32\dee_emulation_pic32.o
                0xa0000100                dataEEFlags
                0xa0000104                _sbss_end = .

.bss            0xa0000200      0x144 load address 0x9d015004
 *(.dynbss)
 *(.bss .bss.* .gnu.linkonce.b.*)
 .bss           0xa0000200        0x0 C:/Program Files/Microchip/MPLAB C32 Suite/bin/../lib/gcc/pic32mx/3.4.4/../../../../pic32mx/lib/crt0.o
 .bss           0xa0000200        0x0 Objects\USB Device - Generic Driver Demo - C32\usb_descriptors.o
 .bss           0xa0000200        0x0 Objects\USB Device - Generic Driver Demo - C32\usb_device.o
 .bss           0xa0000200        0x0 Objects\USB Device - Generic Driver Demo - C32\user.o
 .bss           0xa0000200        0x0 Objects\USB Device - Generic Driver Demo - C32\main.o
 .bss           0xa0000200        0x0 Objects\USB Device - Generic Driver Demo - C32\UBW-I2C.o
 .bss           0xa0000200        0x0 Objects\USB Device - Generic Driver Demo - C32\dee_emulation_pic32.o
 .bss           0xa0000200        0x0 C:/Program Files/Microchip/MPLAB C32 Suite/bin/../lib/gcc/pic32mx/3.4.4/../../../../pic32mx/lib\libc.a(memset.o)
 .bss           0xa0000200        0x0 C:/Program Files/Microchip/MPLAB C32 Suite/bin/../lib/gcc/pic32mx/3.4.4/../../../../pic32mx/lib\libc.a(general-exception.o)
 .bss           0xa0000200        0x0 C:/Program Files/Microchip/MPLAB C32 Suite/bin/../lib/gcc/pic32mx/3.4.4/../../../../pic32mx/lib\libc.a(exit.o)
 .bss           0xa0000200        0x0 C:/Program Files/Microchip/MPLAB C32 Suite/bin/../lib/gcc/pic32mx/3.4.4/../../../../pic32mx/lib\libc.a(default-general-exception-handler.o)
 .bss           0xa0000200        0x0 C:/Program Files/Microchip/MPLAB C32 Suite/bin/../lib/gcc/pic32mx/3.4.4/../../../../pic32mx/lib\libc.a(default-bootstrap-exception-handler.o)
 .bss           0xa0000200        0x0 C:/Program Files/Microchip/MPLAB C32 Suite/bin/../lib/gcc/pic32mx/3.4.4/../../../../pic32mx/lib\libc.a(default-on-reset.o)
 .bss           0xa0000200        0x0 C:/Program Files/Microchip/MPLAB C32 Suite/bin/../lib/gcc/pic32mx/3.4.4/../../../../pic32mx/lib\libc.a(default-on-bootstrap.o)
 .bss           0xa0000200        0x0 C:/Program Files/Microchip/MPLAB C32 Suite/bin/../lib/gcc/pic32mx/3.4.4/../../../../pic32mx/lib\libc.a(default-nmi-handler.o)
 .bss           0xa0000200        0x0 C:/Program Files/Microchip/MPLAB C32 Suite/bin/../lib/gcc/pic32mx/3.4.4/../../../../pic32mx/lib\libc.a(_exit.o)
 .bss           0xa0000200        0x0 C:/Program Files/Microchip/MPLAB C32 Suite/bin/../lib/gcc/pic32mx/3.4.4/../../../../pic32mx/lib\libm.a(dp32.o)
 .bss           0xa0000200        0x0 C:/Program Files/Microchip/MPLAB C32 Suite/bin/../lib/gcc/pic32mx/3.4.4/../../../../pic32mx/lib\libm.a(fp32.o)
 .bss           0xa0000200        0x0 C:/Program Files/Microchip/MPLAB C32 Suite/bin/../lib/gcc/pic32mx/3.4.4/../../../../pic32mx/lib\libmchp_peripheral_32MX460F512L.a(nvm_erase_page_lib.o)
 .bss           0xa0000200        0x0 C:/Program Files/Microchip/MPLAB C32 Suite/bin/../lib/gcc/pic32mx/3.4.4/../../../../pic32mx/lib\libmchp_peripheral_32MX460F512L.a(nvm_operation_lib.o)
 .bss           0xa0000200        0x0 C:/Program Files/Microchip/MPLAB C32 Suite/bin/../lib/gcc/pic32mx/3.4.4/../../../../pic32mx/lib\libmchp_peripheral_32MX460F512L.a(nvm_write_word_lib.o)
 .bss           0xa0000200        0x0 C:/Program Files/Microchip/MPLAB C32 Suite/bin/../lib/gcc/pic32mx/3.4.4/../../../../pic32mx/lib\libmchp_peripheral_32MX460F512L.a(idle_i2c1_lib_legacy.o)
 .bss           0xa0000200        0x0 C:/Program Files/Microchip/MPLAB C32 Suite/bin/../lib/gcc/pic32mx/3.4.4/../../../../pic32mx/lib\libmchp_peripheral_32MX460F512L.a(master_read_i2c1_lib_legacy.o)
 .bss           0xa0000200        0x0 C:/Program Files/Microchip/MPLAB C32 Suite/bin/../lib/gcc/pic32mx/3.4.4/../../../../pic32mx/lib\libmchp_peripheral_32MX460F512L.a(master_write_i2c1_lib_legacy.o)
 .bss           0xa0000200        0x0 C:/Program Files/Microchip/MPLAB C32 Suite/bin/../lib/gcc/pic32mx/3.4.4/../../../../pic32mx/lib\libmchp_peripheral_32MX460F512L.a(int_disable_interrupts_lib.o)
 .bss           0xa0000200        0x0 C:/Program Files/Microchip/MPLAB C32 Suite/bin/../lib/gcc/pic32mx/3.4.4/../../../../pic32mx/lib\libmchp_peripheral_32MX460F512L.a(int_restore_interrupts_lib.o)
 .bss           0xa0000200        0x0 C:/Program Files/Microchip/MPLAB C32 Suite/bin/../lib/gcc/pic32mx/3.4.4/../../../../pic32mx/lib/./proc/32MX460F512L\processor.o
 *(COMMON)
 COMMON         0xa0000200       0x4b Objects\USB Device - Generic Driver Demo - C32\usb_device.o
                0xa0000200                BDT
                0xa0000240                outPipes
 *fill*         0xa000024b        0x1 00
 COMMON         0xa000024c       0xa0 Objects\USB Device - Generic Driver Demo - C32\user.o
                0xa000024c                command_buffer
 COMMON         0xa00002ec       0x58 Objects\USB Device - Generic Driver Demo - C32\UBW-I2C.o
                0xa00002ec                FilterSwitchOver
                0xa0000308                LPFCrossOver
                0xa0000318                LPFSwitchOver
                0xa0000334                FilterCrossOver
                0xa0000344                . = ALIGN (0x4)
                0xa0000344                . = ALIGN (0x4)
                0xa0000344                _end = .
                0xa0000344                _bss_end = .

.heap           0xa0000348        0x0 load address 0x9d015004
                0xa0000348                _heap = .
                0xa0000348                . = (. + _min_heap_size)
                0xa0000348                . = ALIGN (0x8)

.stack          0xa0000348      0x400 load address 0x9d015004
                0xa0000348                _splim = .
                0xa0000348                _SPLIM = .
                0xa0000748                . = (. + _min_stack_size)
 *fill*         0xa0000348      0x400 00
                0xa0000748                . = ALIGN (0x8)

.ramfunc        0xa0000800        0x0 load address 0x9d015004
                0xa0000800                _ramfunc_begin = .
 *(.ramfunc .ramfunc.*)
                0xa0000800                . = ALIGN (0x4)
                0xa0000800                _ramfunc_end = .
                0x9d015004                _ramfunc_image_begin = LOADADDR (.ramfunc)
                0x00000000                _ramfunc_length = SIZEOF (.ramfunc)
                0x000007fc                _bmxdkpba_address = (_ramfunc_begin - 0xa0000004)
                0x00007ffc                _bmxdudba_address = 0x7ffc
                0x00007ffc                _bmxdupba_address = 0x7ffc
                0xa0008000                _stack = (_ramfunc_length > 0x0)?(_ramfunc_begin - 0x4):0xa0008000
                0x00000001                ASSERT (((_min_stack_size + _min_heap_size) <= (_stack - _heap)), Not enough space to allocate both stack and heap.  Reduce heap and/or stack size.)

/DISCARD/
 *(.pdr)
 *(.reginfo)
 *(.rel.dyn)
 *(.note.GNU-stack)

.stab
 *(.stab)

.stabstr
 *(.stabstr)

.stab.excl
 *(.stab.excl)

.stab.exclstr
 *(.stab.exclstr)

.stab.index
 *(.stab.index)

.stab.indexstr
 *(.stab.indexstr)

.mdebug.abi32   0x00000000        0x0
 .mdebug.abi32  0x00000000        0x0 Objects\USB Device - Generic Driver Demo - C32\usb_descriptors.o
 .mdebug.abi32  0x00000000        0x0 Objects\USB Device - Generic Driver Demo - C32\usb_device.o
 .mdebug.abi32  0x00000000        0x0 Objects\USB Device - Generic Driver Demo - C32\user.o
 .mdebug.abi32  0x00000000        0x0 Objects\USB Device - Generic Driver Demo - C32\main.o
 .mdebug.abi32  0x00000000        0x0 Objects\USB Device - Generic Driver Demo - C32\UBW-I2C.o
 .mdebug.abi32  0x00000000        0x0 Objects\USB Device - Generic Driver Demo - C32\dee_emulation_pic32.o
 .mdebug.abi32  0x00000000        0x0 C:/Program Files/Microchip/MPLAB C32 Suite/bin/../lib/gcc/pic32mx/3.4.4/../../../../pic32mx/lib\libc.a(exit.o)
 .mdebug.abi32  0x00000000        0x0 C:/Program Files/Microchip/MPLAB C32 Suite/bin/../lib/gcc/pic32mx/3.4.4/../../../../pic32mx/lib\libc.a(default-general-exception-handler.o)
 .mdebug.abi32  0x00000000        0x0 C:/Program Files/Microchip/MPLAB C32 Suite/bin/../lib/gcc/pic32mx/3.4.4/../../../../pic32mx/lib\libc.a(default-bootstrap-exception-handler.o)
 .mdebug.abi32  0x00000000        0x0 C:/Program Files/Microchip/MPLAB C32 Suite/bin/../lib/gcc/pic32mx/3.4.4/../../../../pic32mx/lib\libc.a(default-on-reset.o)
 .mdebug.abi32  0x00000000        0x0 C:/Program Files/Microchip/MPLAB C32 Suite/bin/../lib/gcc/pic32mx/3.4.4/../../../../pic32mx/lib\libc.a(default-on-bootstrap.o)
 .mdebug.abi32  0x00000000        0x0 C:/Program Files/Microchip/MPLAB C32 Suite/bin/../lib/gcc/pic32mx/3.4.4/../../../../pic32mx/lib\libc.a(_exit.o)
 .mdebug.abi32  0x00000000        0x0 C:/Program Files/Microchip/MPLAB C32 Suite/bin/../lib/gcc/pic32mx/3.4.4/../../../../pic32mx/lib\libmchp_peripheral_32MX460F512L.a(nvm_erase_page_lib.o)
 .mdebug.abi32  0x00000000        0x0 C:/Program Files/Microchip/MPLAB C32 Suite/bin/../lib/gcc/pic32mx/3.4.4/../../../../pic32mx/lib\libmchp_peripheral_32MX460F512L.a(nvm_operation_lib.o)
 .mdebug.abi32  0x00000000        0x0 C:/Program Files/Microchip/MPLAB C32 Suite/bin/../lib/gcc/pic32mx/3.4.4/../../../../pic32mx/lib\libmchp_peripheral_32MX460F512L.a(nvm_write_word_lib.o)
 .mdebug.abi32  0x00000000        0x0 C:/Program Files/Microchip/MPLAB C32 Suite/bin/../lib/gcc/pic32mx/3.4.4/../../../../pic32mx/lib\libmchp_peripheral_32MX460F512L.a(idle_i2c1_lib_legacy.o)
 .mdebug.abi32  0x00000000        0x0 C:/Program Files/Microchip/MPLAB C32 Suite/bin/../lib/gcc/pic32mx/3.4.4/../../../../pic32mx/lib\libmchp_peripheral_32MX460F512L.a(master_read_i2c1_lib_legacy.o)
 .mdebug.abi32  0x00000000        0x0 C:/Program Files/Microchip/MPLAB C32 Suite/bin/../lib/gcc/pic32mx/3.4.4/../../../../pic32mx/lib\libmchp_peripheral_32MX460F512L.a(master_write_i2c1_lib_legacy.o)
 .mdebug.abi32  0x00000000        0x0 C:/Program Files/Microchip/MPLAB C32 Suite/bin/../lib/gcc/pic32mx/3.4.4/../../../../pic32mx/lib\libmchp_peripheral_32MX460F512L.a(int_disable_interrupts_lib.o)
 .mdebug.abi32  0x00000000        0x0 C:/Program Files/Microchip/MPLAB C32 Suite/bin/../lib/gcc/pic32mx/3.4.4/../../../../pic32mx/lib\libmchp_peripheral_32MX460F512L.a(int_restore_interrupts_lib.o)

.comment        0x00000000      0x6e3
 *(.comment)
 .comment       0x00000000       0x50 Objects\USB Device - Generic Driver Demo - C32\usb_descriptors.o
 .comment       0x00000050       0x50 Objects\USB Device - Generic Driver Demo - C32\usb_device.o
 .comment       0x000000a0       0x50 Objects\USB Device - Generic Driver Demo - C32\user.o
 .comment       0x000000f0       0x50 Objects\USB Device - Generic Driver Demo - C32\main.o
 .comment       0x00000140       0x50 Objects\USB Device - Generic Driver Demo - C32\UBW-I2C.o
 .comment       0x00000190       0x50 Objects\USB Device - Generic Driver Demo - C32\dee_emulation_pic32.o
 .comment       0x000001e0       0x56 C:/Program Files/Microchip/MPLAB C32 Suite/bin/../lib/gcc/pic32mx/3.4.4/../../../../pic32mx/lib\libc.a(memset.o)
 .comment       0x00000236       0x9d C:/Program Files/Microchip/MPLAB C32 Suite/bin/../lib/gcc/pic32mx/3.4.4/../../../../pic32mx/lib\libc.a(exit.o)
 .comment       0x000002d3       0x50 C:/Program Files/Microchip/MPLAB C32 Suite/bin/../lib/gcc/pic32mx/3.4.4/../../../../pic32mx/lib\libc.a(default-general-exception-handler.o)
 .comment       0x00000323       0x50 C:/Program Files/Microchip/MPLAB C32 Suite/bin/../lib/gcc/pic32mx/3.4.4/../../../../pic32mx/lib\libc.a(default-bootstrap-exception-handler.o)
 .comment       0x00000373       0x50 C:/Program Files/Microchip/MPLAB C32 Suite/bin/../lib/gcc/pic32mx/3.4.4/../../../../pic32mx/lib\libc.a(default-on-reset.o)
 .comment       0x000003c3       0x50 C:/Program Files/Microchip/MPLAB C32 Suite/bin/../lib/gcc/pic32mx/3.4.4/../../../../pic32mx/lib\libc.a(default-on-bootstrap.o)
 .comment       0x00000413       0x50 C:/Program Files/Microchip/MPLAB C32 Suite/bin/../lib/gcc/pic32mx/3.4.4/../../../../pic32mx/lib\libc.a(_exit.o)
 .comment       0x00000463       0x50 C:/Program Files/Microchip/MPLAB C32 Suite/bin/../lib/gcc/pic32mx/3.4.4/../../../../pic32mx/lib\libmchp_peripheral_32MX460F512L.a(nvm_erase_page_lib.o)
 .comment       0x000004b3       0x50 C:/Program Files/Microchip/MPLAB C32 Suite/bin/../lib/gcc/pic32mx/3.4.4/../../../../pic32mx/lib\libmchp_peripheral_32MX460F512L.a(nvm_operation_lib.o)
 .comment       0x00000503       0x50 C:/Program Files/Microchip/MPLAB C32 Suite/bin/../lib/gcc/pic32mx/3.4.4/../../../../pic32mx/lib\libmchp_peripheral_32MX460F512L.a(nvm_write_word_lib.o)
 .comment       0x00000553       0x50 C:/Program Files/Microchip/MPLAB C32 Suite/bin/../lib/gcc/pic32mx/3.4.4/../../../../pic32mx/lib\libmchp_peripheral_32MX460F512L.a(idle_i2c1_lib_legacy.o)
 .comment       0x000005a3       0x50 C:/Program Files/Microchip/MPLAB C32 Suite/bin/../lib/gcc/pic32mx/3.4.4/../../../../pic32mx/lib\libmchp_peripheral_32MX460F512L.a(master_read_i2c1_lib_legacy.o)
 .comment       0x000005f3       0x50 C:/Program Files/Microchip/MPLAB C32 Suite/bin/../lib/gcc/pic32mx/3.4.4/../../../../pic32mx/lib\libmchp_peripheral_32MX460F512L.a(master_write_i2c1_lib_legacy.o)
 .comment       0x00000643       0x50 C:/Program Files/Microchip/MPLAB C32 Suite/bin/../lib/gcc/pic32mx/3.4.4/../../../../pic32mx/lib\libmchp_peripheral_32MX460F512L.a(int_disable_interrupts_lib.o)
 .comment       0x00000693       0x50 C:/Program Files/Microchip/MPLAB C32 Suite/bin/../lib/gcc/pic32mx/3.4.4/../../../../pic32mx/lib\libmchp_peripheral_32MX460F512L.a(int_restore_interrupts_lib.o)

.debug
 *(.debug)

.line
 *(.line)

.debug_srcinfo
 *(.debug_srcinfo)

.debug_sfnames
 *(.debug_sfnames)

.debug_aranges  0x00000000      0x2d0
 *(.debug_aranges)
 .debug_aranges
                0x00000000       0x20 Objects\USB Device - Generic Driver Demo - C32\usb_device.o
 .debug_aranges
                0x00000020       0x20 Objects\USB Device - Generic Driver Demo - C32\user.o
 .debug_aranges
                0x00000040       0x20 Objects\USB Device - Generic Driver Demo - C32\main.o
 .debug_aranges
                0x00000060       0x20 Objects\USB Device - Generic Driver Demo - C32\UBW-I2C.o
 .debug_aranges
                0x00000080       0x20 Objects\USB Device - Generic Driver Demo - C32\dee_emulation_pic32.o
 .debug_aranges
                0x000000a0       0x28 C:/Program Files/Microchip/MPLAB C32 Suite/bin/../lib/gcc/pic32mx/3.4.4/../../../../pic32mx/lib\libc.a(exit.o)
 .debug_aranges
                0x000000c8       0x28 C:/Program Files/Microchip/MPLAB C32 Suite/bin/../lib/gcc/pic32mx/3.4.4/../../../../pic32mx/lib\libc.a(default-general-exception-handler.o)
 .debug_aranges
                0x000000f0       0x28 C:/Program Files/Microchip/MPLAB C32 Suite/bin/../lib/gcc/pic32mx/3.4.4/../../../../pic32mx/lib\libc.a(default-bootstrap-exception-handler.o)
 .debug_aranges
                0x00000118       0x28 C:/Program Files/Microchip/MPLAB C32 Suite/bin/../lib/gcc/pic32mx/3.4.4/../../../../pic32mx/lib\libc.a(default-on-reset.o)
 .debug_aranges
                0x00000140       0x28 C:/Program Files/Microchip/MPLAB C32 Suite/bin/../lib/gcc/pic32mx/3.4.4/../../../../pic32mx/lib\libc.a(default-on-bootstrap.o)
 .debug_aranges
                0x00000168       0x28 C:/Program Files/Microchip/MPLAB C32 Suite/bin/../lib/gcc/pic32mx/3.4.4/../../../../pic32mx/lib\libc.a(_exit.o)
 .debug_aranges
                0x00000190       0x28 C:/Program Files/Microchip/MPLAB C32 Suite/bin/../lib/gcc/pic32mx/3.4.4/../../../../pic32mx/lib\libmchp_peripheral_32MX460F512L.a(nvm_erase_page_lib.o)
 .debug_aranges
                0x000001b8       0x28 C:/Program Files/Microchip/MPLAB C32 Suite/bin/../lib/gcc/pic32mx/3.4.4/../../../../pic32mx/lib\libmchp_peripheral_32MX460F512L.a(nvm_operation_lib.o)
 .debug_aranges
                0x000001e0       0x28 C:/Program Files/Microchip/MPLAB C32 Suite/bin/../lib/gcc/pic32mx/3.4.4/../../../../pic32mx/lib\libmchp_peripheral_32MX460F512L.a(nvm_write_word_lib.o)
 .debug_aranges
                0x00000208       0x28 C:/Program Files/Microchip/MPLAB C32 Suite/bin/../lib/gcc/pic32mx/3.4.4/../../../../pic32mx/lib\libmchp_peripheral_32MX460F512L.a(idle_i2c1_lib_legacy.o)
 .debug_aranges
                0x00000230       0x28 C:/Program Files/Microchip/MPLAB C32 Suite/bin/../lib/gcc/pic32mx/3.4.4/../../../../pic32mx/lib\libmchp_peripheral_32MX460F512L.a(master_read_i2c1_lib_legacy.o)
 .debug_aranges
                0x00000258       0x28 C:/Program Files/Microchip/MPLAB C32 Suite/bin/../lib/gcc/pic32mx/3.4.4/../../../../pic32mx/lib\libmchp_peripheral_32MX460F512L.a(master_write_i2c1_lib_legacy.o)
 .debug_aranges
                0x00000280       0x28 C:/Program Files/Microchip/MPLAB C32 Suite/bin/../lib/gcc/pic32mx/3.4.4/../../../../pic32mx/lib\libmchp_peripheral_32MX460F512L.a(int_disable_interrupts_lib.o)
 .debug_aranges
                0x000002a8       0x28 C:/Program Files/Microchip/MPLAB C32 Suite/bin/../lib/gcc/pic32mx/3.4.4/../../../../pic32mx/lib\libmchp_peripheral_32MX460F512L.a(int_restore_interrupts_lib.o)

.debug_pubnames
                0x00000000      0xbfb
 *(.debug_pubnames)
 .debug_pubnames
                0x00000000       0x7d Objects\USB Device - Generic Driver Demo - C32\usb_descriptors.o
 .debug_pubnames
                0x0000007d      0x395 Objects\USB Device - Generic Driver Demo - C32\usb_device.o
 .debug_pubnames
                0x00000412      0x366 Objects\USB Device - Generic Driver Demo - C32\user.o
 .debug_pubnames
                0x00000778       0xea Objects\USB Device - Generic Driver Demo - C32\main.o
 .debug_pubnames
                0x00000862       0x92 Objects\USB Device - Generic Driver Demo - C32\UBW-I2C.o
 .debug_pubnames
                0x000008f4       0xfe Objects\USB Device - Generic Driver Demo - C32\dee_emulation_pic32.o
 .debug_pubnames
                0x000009f2       0x1b C:/Program Files/Microchip/MPLAB C32 Suite/bin/../lib/gcc/pic32mx/3.4.4/../../../../pic32mx/lib\libc.a(exit.o)
 .debug_pubnames
                0x00000a0d       0x31 C:/Program Files/Microchip/MPLAB C32 Suite/bin/../lib/gcc/pic32mx/3.4.4/../../../../pic32mx/lib\libc.a(default-general-exception-handler.o)
 .debug_pubnames
                0x00000a3e       0x33 C:/Program Files/Microchip/MPLAB C32 Suite/bin/../lib/gcc/pic32mx/3.4.4/../../../../pic32mx/lib\libc.a(default-bootstrap-exception-handler.o)
 .debug_pubnames
                0x00000a71       0x20 C:/Program Files/Microchip/MPLAB C32 Suite/bin/../lib/gcc/pic32mx/3.4.4/../../../../pic32mx/lib\libc.a(default-on-reset.o)
 .debug_pubnames
                0x00000a91       0x24 C:/Program Files/Microchip/MPLAB C32 Suite/bin/../lib/gcc/pic32mx/3.4.4/../../../../pic32mx/lib\libc.a(default-on-bootstrap.o)
 .debug_pubnames
                0x00000ab5       0x1c C:/Program Files/Microchip/MPLAB C32 Suite/bin/../lib/gcc/pic32mx/3.4.4/../../../../pic32mx/lib\libc.a(_exit.o)
 .debug_pubnames
                0x00000ad1       0x23 C:/Program Files/Microchip/MPLAB C32 Suite/bin/../lib/gcc/pic32mx/3.4.4/../../../../pic32mx/lib\libmchp_peripheral_32MX460F512L.a(nvm_erase_page_lib.o)
 .debug_pubnames
                0x00000af4       0x24 C:/Program Files/Microchip/MPLAB C32 Suite/bin/../lib/gcc/pic32mx/3.4.4/../../../../pic32mx/lib\libmchp_peripheral_32MX460F512L.a(nvm_operation_lib.o)
 .debug_pubnames
                0x00000b18       0x23 C:/Program Files/Microchip/MPLAB C32 Suite/bin/../lib/gcc/pic32mx/3.4.4/../../../../pic32mx/lib\libmchp_peripheral_32MX460F512L.a(nvm_write_word_lib.o)
 .debug_pubnames
                0x00000b3b       0x1f C:/Program Files/Microchip/MPLAB C32 Suite/bin/../lib/gcc/pic32mx/3.4.4/../../../../pic32mx/lib\libmchp_peripheral_32MX460F512L.a(idle_i2c1_lib_legacy.o)
 .debug_pubnames
                0x00000b5a       0x25 C:/Program Files/Microchip/MPLAB C32 Suite/bin/../lib/gcc/pic32mx/3.4.4/../../../../pic32mx/lib\libmchp_peripheral_32MX460F512L.a(master_read_i2c1_lib_legacy.o)
 .debug_pubnames
                0x00000b7f       0x26 C:/Program Files/Microchip/MPLAB C32 Suite/bin/../lib/gcc/pic32mx/3.4.4/../../../../pic32mx/lib\libmchp_peripheral_32MX460F512L.a(master_write_i2c1_lib_legacy.o)
 .debug_pubnames
                0x00000ba5       0x2b C:/Program Files/Microchip/MPLAB C32 Suite/bin/../lib/gcc/pic32mx/3.4.4/../../../../pic32mx/lib\libmchp_peripheral_32MX460F512L.a(int_disable_interrupts_lib.o)
 .debug_pubnames
                0x00000bd0       0x2b C:/Program Files/Microchip/MPLAB C32 Suite/bin/../lib/gcc/pic32mx/3.4.4/../../../../pic32mx/lib\libmchp_peripheral_32MX460F512L.a(int_restore_interrupts_lib.o)

.debug_info     0x00000000     0x64bc
 *(.debug_info .gnu.linkonce.wi.*)
 .debug_info    0x00000000      0x9cd Objects\USB Device - Generic Driver Demo - C32\usb_descriptors.o
 .debug_info    0x000009cd     0x1a3e Objects\USB Device - Generic Driver Demo - C32\usb_device.o
 .debug_info    0x0000240b     0x16e5 Objects\USB Device - Generic Driver Demo - C32\user.o
 .debug_info    0x00003af0      0xaf3 Objects\USB Device - Generic Driver Demo - C32\main.o
 .debug_info    0x000045e3      0xef0 Objects\USB Device - Generic Driver Demo - C32\UBW-I2C.o
 .debug_info    0x000054d3      0xd49 Objects\USB Device - Generic Driver Demo - C32\dee_emulation_pic32.o
 .debug_info    0x0000621c       0x30 C:/Program Files/Microchip/MPLAB C32 Suite/bin/../lib/gcc/pic32mx/3.4.4/../../../../pic32mx/lib\libc.a(exit.o)
 .debug_info    0x0000624c       0x30 C:/Program Files/Microchip/MPLAB C32 Suite/bin/../lib/gcc/pic32mx/3.4.4/../../../../pic32mx/lib\libc.a(default-general-exception-handler.o)
 .debug_info    0x0000627c       0x30 C:/Program Files/Microchip/MPLAB C32 Suite/bin/../lib/gcc/pic32mx/3.4.4/../../../../pic32mx/lib\libc.a(default-bootstrap-exception-handler.o)
 .debug_info    0x000062ac       0x30 C:/Program Files/Microchip/MPLAB C32 Suite/bin/../lib/gcc/pic32mx/3.4.4/../../../../pic32mx/lib\libc.a(default-on-reset.o)
 .debug_info    0x000062dc       0x30 C:/Program Files/Microchip/MPLAB C32 Suite/bin/../lib/gcc/pic32mx/3.4.4/../../../../pic32mx/lib\libc.a(default-on-bootstrap.o)
 .debug_info    0x0000630c       0x30 C:/Program Files/Microchip/MPLAB C32 Suite/bin/../lib/gcc/pic32mx/3.4.4/../../../../pic32mx/lib\libc.a(_exit.o)
 .debug_info    0x0000633c       0x30 C:/Program Files/Microchip/MPLAB C32 Suite/bin/../lib/gcc/pic32mx/3.4.4/../../../../pic32mx/lib\libmchp_peripheral_32MX460F512L.a(nvm_erase_page_lib.o)
 .debug_info    0x0000636c       0x30 C:/Program Files/Microchip/MPLAB C32 Suite/bin/../lib/gcc/pic32mx/3.4.4/../../../../pic32mx/lib\libmchp_peripheral_32MX460F512L.a(nvm_operation_lib.o)
 .debug_info    0x0000639c       0x30 C:/Program Files/Microchip/MPLAB C32 Suite/bin/../lib/gcc/pic32mx/3.4.4/../../../../pic32mx/lib\libmchp_peripheral_32MX460F512L.a(nvm_write_word_lib.o)
 .debug_info    0x000063cc       0x30 C:/Program Files/Microchip/MPLAB C32 Suite/bin/../lib/gcc/pic32mx/3.4.4/../../../../pic32mx/lib\libmchp_peripheral_32MX460F512L.a(idle_i2c1_lib_legacy.o)
 .debug_info    0x000063fc       0x30 C:/Program Files/Microchip/MPLAB C32 Suite/bin/../lib/gcc/pic32mx/3.4.4/../../../../pic32mx/lib\libmchp_peripheral_32MX460F512L.a(master_read_i2c1_lib_legacy.o)
 .debug_info    0x0000642c       0x30 C:/Program Files/Microchip/MPLAB C32 Suite/bin/../lib/gcc/pic32mx/3.4.4/../../../../pic32mx/lib\libmchp_peripheral_32MX460F512L.a(master_write_i2c1_lib_legacy.o)
 .debug_info    0x0000645c       0x30 C:/Program Files/Microchip/MPLAB C32 Suite/bin/../lib/gcc/pic32mx/3.4.4/../../../../pic32mx/lib\libmchp_peripheral_32MX460F512L.a(int_disable_interrupts_lib.o)
 .debug_info    0x0000648c       0x30 C:/Program Files/Microchip/MPLAB C32 Suite/bin/../lib/gcc/pic32mx/3.4.4/../../../../pic32mx/lib\libmchp_peripheral_32MX460F512L.a(int_restore_interrupts_lib.o)

.debug_abbrev   0x00000000      0xd68
 *(.debug_abbrev)
 .debug_abbrev  0x00000000      0x13f Objects\USB Device - Generic Driver Demo - C32\usb_descriptors.o
 .debug_abbrev  0x0000013f      0x21c Objects\USB Device - Generic Driver Demo - C32\usb_device.o
 .debug_abbrev  0x0000035b      0x271 Objects\USB Device - Generic Driver Demo - C32\user.o
 .debug_abbrev  0x000005cc      0x1c0 Objects\USB Device - Generic Driver Demo - C32\main.o
 .debug_abbrev  0x0000078c      0x1fb Objects\USB Device - Generic Driver Demo - C32\UBW-I2C.o
 .debug_abbrev  0x00000987      0x1f7 Objects\USB Device - Generic Driver Demo - C32\dee_emulation_pic32.o
 .debug_abbrev  0x00000b7e       0x23 C:/Program Files/Microchip/MPLAB C32 Suite/bin/../lib/gcc/pic32mx/3.4.4/../../../../pic32mx/lib\libc.a(exit.o)
 .debug_abbrev  0x00000ba1       0x23 C:/Program Files/Microchip/MPLAB C32 Suite/bin/../lib/gcc/pic32mx/3.4.4/../../../../pic32mx/lib\libc.a(default-general-exception-handler.o)
 .debug_abbrev  0x00000bc4       0x23 C:/Program Files/Microchip/MPLAB C32 Suite/bin/../lib/gcc/pic32mx/3.4.4/../../../../pic32mx/lib\libc.a(default-bootstrap-exception-handler.o)
 .debug_abbrev  0x00000be7       0x23 C:/Program Files/Microchip/MPLAB C32 Suite/bin/../lib/gcc/pic32mx/3.4.4/../../../../pic32mx/lib\libc.a(default-on-reset.o)
 .debug_abbrev  0x00000c0a       0x23 C:/Program Files/Microchip/MPLAB C32 Suite/bin/../lib/gcc/pic32mx/3.4.4/../../../../pic32mx/lib\libc.a(default-on-bootstrap.o)
 .debug_abbrev  0x00000c2d       0x23 C:/Program Files/Microchip/MPLAB C32 Suite/bin/../lib/gcc/pic32mx/3.4.4/../../../../pic32mx/lib\libc.a(_exit.o)
 .debug_abbrev  0x00000c50       0x23 C:/Program Files/Microchip/MPLAB C32 Suite/bin/../lib/gcc/pic32mx/3.4.4/../../../../pic32mx/lib\libmchp_peripheral_32MX460F512L.a(nvm_erase_page_lib.o)
 .debug_abbrev  0x00000c73       0x23 C:/Program Files/Microchip/MPLAB C32 Suite/bin/../lib/gcc/pic32mx/3.4.4/../../../../pic32mx/lib\libmchp_peripheral_32MX460F512L.a(nvm_operation_lib.o)
 .debug_abbrev  0x00000c96       0x23 C:/Program Files/Microchip/MPLAB C32 Suite/bin/../lib/gcc/pic32mx/3.4.4/../../../../pic32mx/lib\libmchp_peripheral_32MX460F512L.a(nvm_write_word_lib.o)
 .debug_abbrev  0x00000cb9       0x23 C:/Program Files/Microchip/MPLAB C32 Suite/bin/../lib/gcc/pic32mx/3.4.4/../../../../pic32mx/lib\libmchp_peripheral_32MX460F512L.a(idle_i2c1_lib_legacy.o)
 .debug_abbrev  0x00000cdc       0x23 C:/Program Files/Microchip/MPLAB C32 Suite/bin/../lib/gcc/pic32mx/3.4.4/../../../../pic32mx/lib\libmchp_peripheral_32MX460F512L.a(master_read_i2c1_lib_legacy.o)
 .debug_abbrev  0x00000cff       0x23 C:/Program Files/Microchip/MPLAB C32 Suite/bin/../lib/gcc/pic32mx/3.4.4/../../../../pic32mx/lib\libmchp_peripheral_32MX460F512L.a(master_write_i2c1_lib_legacy.o)
 .debug_abbrev  0x00000d22       0x23 C:/Program Files/Microchip/MPLAB C32 Suite/bin/../lib/gcc/pic32mx/3.4.4/../../../../pic32mx/lib\libmchp_peripheral_32MX460F512L.a(int_disable_interrupts_lib.o)
 .debug_abbrev  0x00000d45       0x23 C:/Program Files/Microchip/MPLAB C32 Suite/bin/../lib/gcc/pic32mx/3.4.4/../../../../pic32mx/lib\libmchp_peripheral_32MX460F512L.a(int_restore_interrupts_lib.o)

.debug_line     0x00000000     0x1c92
 *(.debug_line)
 .debug_line    0x00000000      0x17d Objects\USB Device - Generic Driver Demo - C32\usb_descriptors.o
 .debug_line    0x0000017d      0x4e0 Objects\USB Device - Generic Driver Demo - C32\usb_device.o
 .debug_line    0x0000065d      0x475 Objects\USB Device - Generic Driver Demo - C32\user.o
 .debug_line    0x00000ad2      0x1e4 Objects\USB Device - Generic Driver Demo - C32\main.o
 .debug_line    0x00000cb6      0x2ee Objects\USB Device - Generic Driver Demo - C32\UBW-I2C.o
 .debug_line    0x00000fa4      0x431 Objects\USB Device - Generic Driver Demo - C32\dee_emulation_pic32.o
 .debug_line    0x000013d5       0x85 C:/Program Files/Microchip/MPLAB C32 Suite/bin/../lib/gcc/pic32mx/3.4.4/../../../../pic32mx/lib\libc.a(exit.o)
 .debug_line    0x0000145a       0xa4 C:/Program Files/Microchip/MPLAB C32 Suite/bin/../lib/gcc/pic32mx/3.4.4/../../../../pic32mx/lib\libc.a(default-general-exception-handler.o)
 .debug_line    0x000014fe       0xa6 C:/Program Files/Microchip/MPLAB C32 Suite/bin/../lib/gcc/pic32mx/3.4.4/../../../../pic32mx/lib\libc.a(default-bootstrap-exception-handler.o)
 .debug_line    0x000015a4       0x93 C:/Program Files/Microchip/MPLAB C32 Suite/bin/../lib/gcc/pic32mx/3.4.4/../../../../pic32mx/lib\libc.a(default-on-reset.o)
 .debug_line    0x00001637       0x97 C:/Program Files/Microchip/MPLAB C32 Suite/bin/../lib/gcc/pic32mx/3.4.4/../../../../pic32mx/lib\libc.a(default-on-bootstrap.o)
 .debug_line    0x000016ce       0x88 C:/Program Files/Microchip/MPLAB C32 Suite/bin/../lib/gcc/pic32mx/3.4.4/../../../../pic32mx/lib\libc.a(_exit.o)
 .debug_line    0x00001756       0xa3 C:/Program Files/Microchip/MPLAB C32 Suite/bin/../lib/gcc/pic32mx/3.4.4/../../../../pic32mx/lib\libmchp_peripheral_32MX460F512L.a(nvm_erase_page_lib.o)
 .debug_line    0x000017f9       0xa2 C:/Program Files/Microchip/MPLAB C32 Suite/bin/../lib/gcc/pic32mx/3.4.4/../../../../pic32mx/lib\libmchp_peripheral_32MX460F512L.a(nvm_operation_lib.o)
 .debug_line    0x0000189b       0xa3 C:/Program Files/Microchip/MPLAB C32 Suite/bin/../lib/gcc/pic32mx/3.4.4/../../../../pic32mx/lib\libmchp_peripheral_32MX460F512L.a(nvm_write_word_lib.o)
 .debug_line    0x0000193e       0xa5 C:/Program Files/Microchip/MPLAB C32 Suite/bin/../lib/gcc/pic32mx/3.4.4/../../../../pic32mx/lib\libmchp_peripheral_32MX460F512L.a(idle_i2c1_lib_legacy.o)
 .debug_line    0x000019e3       0xac C:/Program Files/Microchip/MPLAB C32 Suite/bin/../lib/gcc/pic32mx/3.4.4/../../../../pic32mx/lib\libmchp_peripheral_32MX460F512L.a(master_read_i2c1_lib_legacy.o)
 .debug_line    0x00001a8f       0xad C:/Program Files/Microchip/MPLAB C32 Suite/bin/../lib/gcc/pic32mx/3.4.4/../../../../pic32mx/lib\libmchp_peripheral_32MX460F512L.a(master_write_i2c1_lib_legacy.o)
 .debug_line    0x00001b3c       0xab C:/Program Files/Microchip/MPLAB C32 Suite/bin/../lib/gcc/pic32mx/3.4.4/../../../../pic32mx/lib\libmchp_peripheral_32MX460F512L.a(int_disable_interrupts_lib.o)
 .debug_line    0x00001be7       0xab C:/Program Files/Microchip/MPLAB C32 Suite/bin/../lib/gcc/pic32mx/3.4.4/../../../../pic32mx/lib\libmchp_peripheral_32MX460F512L.a(int_restore_interrupts_lib.o)

.debug_frame    0x00000000      0xb0c
 *(.debug_frame)
 .debug_frame   0x00000000      0x2cc Objects\USB Device - Generic Driver Demo - C32\usb_device.o
 .debug_frame   0x000002cc      0x34c Objects\USB Device - Generic Driver Demo - C32\user.o
 .debug_frame   0x00000618      0x154 Objects\USB Device - Generic Driver Demo - C32\main.o
 .debug_frame   0x0000076c       0x4c Objects\USB Device - Generic Driver Demo - C32\UBW-I2C.o
 .debug_frame   0x000007b8      0x164 Objects\USB Device - Generic Driver Demo - C32\dee_emulation_pic32.o
 .debug_frame   0x0000091c       0x28 C:/Program Files/Microchip/MPLAB C32 Suite/bin/../lib/gcc/pic32mx/3.4.4/../../../../pic32mx/lib\libc.a(exit.o)
 .debug_frame   0x00000944       0x20 C:/Program Files/Microchip/MPLAB C32 Suite/bin/../lib/gcc/pic32mx/3.4.4/../../../../pic32mx/lib\libc.a(default-general-exception-handler.o)
 .debug_frame   0x00000964       0x20 C:/Program Files/Microchip/MPLAB C32 Suite/bin/../lib/gcc/pic32mx/3.4.4/../../../../pic32mx/lib\libc.a(default-bootstrap-exception-handler.o)
 .debug_frame   0x00000984       0x20 C:/Program Files/Microchip/MPLAB C32 Suite/bin/../lib/gcc/pic32mx/3.4.4/../../../../pic32mx/lib\libc.a(default-on-reset.o)
 .debug_frame   0x000009a4       0x20 C:/Program Files/Microchip/MPLAB C32 Suite/bin/../lib/gcc/pic32mx/3.4.4/../../../../pic32mx/lib\libc.a(default-on-bootstrap.o)
 .debug_frame   0x000009c4       0x20 C:/Program Files/Microchip/MPLAB C32 Suite/bin/../lib/gcc/pic32mx/3.4.4/../../../../pic32mx/lib\libc.a(_exit.o)
 .debug_frame   0x000009e4       0x28 C:/Program Files/Microchip/MPLAB C32 Suite/bin/../lib/gcc/pic32mx/3.4.4/../../../../pic32mx/lib\libmchp_peripheral_32MX460F512L.a(nvm_erase_page_lib.o)
 .debug_frame   0x00000a0c       0x2c C:/Program Files/Microchip/MPLAB C32 Suite/bin/../lib/gcc/pic32mx/3.4.4/../../../../pic32mx/lib\libmchp_peripheral_32MX460F512L.a(nvm_operation_lib.o)
 .debug_frame   0x00000a38       0x28 C:/Program Files/Microchip/MPLAB C32 Suite/bin/../lib/gcc/pic32mx/3.4.4/../../../../pic32mx/lib\libmchp_peripheral_32MX460F512L.a(nvm_write_word_lib.o)
 .debug_frame   0x00000a60       0x20 C:/Program Files/Microchip/MPLAB C32 Suite/bin/../lib/gcc/pic32mx/3.4.4/../../../../pic32mx/lib\libmchp_peripheral_32MX460F512L.a(idle_i2c1_lib_legacy.o)
 .debug_frame   0x00000a80       0x20 C:/Program Files/Microchip/MPLAB C32 Suite/bin/../lib/gcc/pic32mx/3.4.4/../../../../pic32mx/lib\libmchp_peripheral_32MX460F512L.a(master_read_i2c1_lib_legacy.o)
 .debug_frame   0x00000aa0       0x2c C:/Program Files/Microchip/MPLAB C32 Suite/bin/../lib/gcc/pic32mx/3.4.4/../../../../pic32mx/lib\libmchp_peripheral_32MX460F512L.a(master_write_i2c1_lib_legacy.o)
 .debug_frame   0x00000acc       0x20 C:/Program Files/Microchip/MPLAB C32 Suite/bin/../lib/gcc/pic32mx/3.4.4/../../../../pic32mx/lib\libmchp_peripheral_32MX460F512L.a(int_disable_interrupts_lib.o)
 .debug_frame   0x00000aec       0x20 C:/Program Files/Microchip/MPLAB C32 Suite/bin/../lib/gcc/pic32mx/3.4.4/../../../../pic32mx/lib\libmchp_peripheral_32MX460F512L.a(int_restore_interrupts_lib.o)

.debug_str      0x00000000      0x937
 *(.debug_str)
 .debug_str     0x00000000       0x2a Objects\USB Device - Generic Driver Demo - C32\usb_descriptors.o
 .debug_str     0x0000002a       0x1b Objects\USB Device - Generic Driver Demo - C32\usb_device.o
 .debug_str     0x00000045       0x1e Objects\USB Device - Generic Driver Demo - C32\user.o
 .debug_str     0x00000063       0x12 Objects\USB Device - Generic Driver Demo - C32\main.o
 .debug_str     0x00000075       0x22 Objects\USB Device - Generic Driver Demo - C32\UBW-I2C.o
 .debug_str     0x00000097       0x89 Objects\USB Device - Generic Driver Demo - C32\dee_emulation_pic32.o
 .debug_str     0x00000120       0xaf C:/Program Files/Microchip/MPLAB C32 Suite/bin/../lib/gcc/pic32mx/3.4.4/../../../../pic32mx/lib\libc.a(exit.o)
                                 0xb4 (size before relaxing)
 .debug_str     0x000001cf       0x9f C:/Program Files/Microchip/MPLAB C32 Suite/bin/../lib/gcc/pic32mx/3.4.4/../../../../pic32mx/lib\libc.a(default-general-exception-handler.o)
                                 0xe9 (size before relaxing)
 .debug_str     0x0000026e       0xa3 C:/Program Files/Microchip/MPLAB C32 Suite/bin/../lib/gcc/pic32mx/3.4.4/../../../../pic32mx/lib\libc.a(default-bootstrap-exception-handler.o)
                                 0xed (size before relaxing)
 .debug_str     0x00000311       0x7d C:/Program Files/Microchip/MPLAB C32 Suite/bin/../lib/gcc/pic32mx/3.4.4/../../../../pic32mx/lib\libc.a(default-on-reset.o)
                                 0xc7 (size before relaxing)
 .debug_str     0x0000038e       0x85 C:/Program Files/Microchip/MPLAB C32 Suite/bin/../lib/gcc/pic32mx/3.4.4/../../../../pic32mx/lib\libc.a(default-on-bootstrap.o)
                                 0xcf (size before relaxing)
 .debug_str     0x00000413       0x6e C:/Program Files/Microchip/MPLAB C32 Suite/bin/../lib/gcc/pic32mx/3.4.4/../../../../pic32mx/lib\libc.a(_exit.o)
                                 0xb8 (size before relaxing)
 .debug_str     0x00000481       0x90 C:/Program Files/Microchip/MPLAB C32 Suite/bin/../lib/gcc/pic32mx/3.4.4/../../../../pic32mx/lib\libmchp_peripheral_32MX460F512L.a(nvm_erase_page_lib.o)
                                 0xda (size before relaxing)
 .debug_str     0x00000511       0x90 C:/Program Files/Microchip/MPLAB C32 Suite/bin/../lib/gcc/pic32mx/3.4.4/../../../../pic32mx/lib\libmchp_peripheral_32MX460F512L.a(nvm_operation_lib.o)
                                 0xda (size before relaxing)
 .debug_str     0x000005a1       0x90 C:/Program Files/Microchip/MPLAB C32 Suite/bin/../lib/gcc/pic32mx/3.4.4/../../../../pic32mx/lib\libmchp_peripheral_32MX460F512L.a(nvm_write_word_lib.o)
                                 0xda (size before relaxing)
 .debug_str     0x00000631       0x8e C:/Program Files/Microchip/MPLAB C32 Suite/bin/../lib/gcc/pic32mx/3.4.4/../../../../pic32mx/lib\libmchp_peripheral_32MX460F512L.a(idle_i2c1_lib_legacy.o)
                                 0xd8 (size before relaxing)
 .debug_str     0x000006bf       0x9b C:/Program Files/Microchip/MPLAB C32 Suite/bin/../lib/gcc/pic32mx/3.4.4/../../../../pic32mx/lib\libmchp_peripheral_32MX460F512L.a(master_read_i2c1_lib_legacy.o)
                                 0xe5 (size before relaxing)
 .debug_str     0x0000075a       0x9d C:/Program Files/Microchip/MPLAB C32 Suite/bin/../lib/gcc/pic32mx/3.4.4/../../../../pic32mx/lib\libmchp_peripheral_32MX460F512L.a(master_write_i2c1_lib_legacy.o)
                                 0xe7 (size before relaxing)
 .debug_str     0x000007f7       0xa0 C:/Program Files/Microchip/MPLAB C32 Suite/bin/../lib/gcc/pic32mx/3.4.4/../../../../pic32mx/lib\libmchp_peripheral_32MX460F512L.a(int_disable_interrupts_lib.o)
                                 0xea (size before relaxing)
 .debug_str     0x00000897       0xa0 C:/Program Files/Microchip/MPLAB C32 Suite/bin/../lib/gcc/pic32mx/3.4.4/../../../../pic32mx/lib\libmchp_peripheral_32MX460F512L.a(int_restore_interrupts_lib.o)
                                 0xea (size before relaxing)

.debug_loc
 *(.debug_loc)

.debug_macinfo
 *(.debug_macinfo)

.debug_weaknames
 *(.debug_weaknames)

.debug_funcnames
 *(.debug_funcnames)

.debug_typenames
 *(.debug_typenames)

.debug_varnames
 *(.debug_varnames)
OUTPUT(USB Device - MCHPUSB - Generic Driver - C32.elf elf32-tradlittlemips)
